Archive member included to satisfy reference by file (symbol)

c:/program files (x86)/atmel/studio/7.0/toolchain/avr8/avr8-gnu-toolchain/bin/../lib/gcc/avr/5.4.0/../../../../avr/lib/avr6\libm.a(addsf3.o)
                              USART0.o (__subsf3)
c:/program files (x86)/atmel/studio/7.0/toolchain/avr8/avr8-gnu-toolchain/bin/../lib/gcc/avr/5.4.0/../../../../avr/lib/avr6\libm.a(addsf3x.o)
                              c:/program files (x86)/atmel/studio/7.0/toolchain/avr8/avr8-gnu-toolchain/bin/../lib/gcc/avr/5.4.0/../../../../avr/lib/avr6\libm.a(addsf3.o) (__addsf3x)
c:/program files (x86)/atmel/studio/7.0/toolchain/avr8/avr8-gnu-toolchain/bin/../lib/gcc/avr/5.4.0/../../../../avr/lib/avr6\libm.a(divsf3.o)
                              USART0.o (__divsf3)
c:/program files (x86)/atmel/studio/7.0/toolchain/avr8/avr8-gnu-toolchain/bin/../lib/gcc/avr/5.4.0/../../../../avr/lib/avr6\libm.a(divsf3x.o)
                              c:/program files (x86)/atmel/studio/7.0/toolchain/avr8/avr8-gnu-toolchain/bin/../lib/gcc/avr/5.4.0/../../../../avr/lib/avr6\libm.a(divsf3.o) (__divsf3x)
c:/program files (x86)/atmel/studio/7.0/toolchain/avr8/avr8-gnu-toolchain/bin/../lib/gcc/avr/5.4.0/../../../../avr/lib/avr6\libm.a(fixunssfsi.o)
                              USART0.o (__fixunssfsi)
c:/program files (x86)/atmel/studio/7.0/toolchain/avr8/avr8-gnu-toolchain/bin/../lib/gcc/avr/5.4.0/../../../../avr/lib/avr6\libm.a(floatsisf.o)
                              USART0.o (__floatunsisf)
c:/program files (x86)/atmel/studio/7.0/toolchain/avr8/avr8-gnu-toolchain/bin/../lib/gcc/avr/5.4.0/../../../../avr/lib/avr6\libm.a(fp_inf.o)
                              c:/program files (x86)/atmel/studio/7.0/toolchain/avr8/avr8-gnu-toolchain/bin/../lib/gcc/avr/5.4.0/../../../../avr/lib/avr6\libm.a(addsf3x.o) (__fp_inf)
c:/program files (x86)/atmel/studio/7.0/toolchain/avr8/avr8-gnu-toolchain/bin/../lib/gcc/avr/5.4.0/../../../../avr/lib/avr6\libm.a(fp_nan.o)
                              c:/program files (x86)/atmel/studio/7.0/toolchain/avr8/avr8-gnu-toolchain/bin/../lib/gcc/avr/5.4.0/../../../../avr/lib/avr6\libm.a(addsf3x.o) (__fp_nan)
c:/program files (x86)/atmel/studio/7.0/toolchain/avr8/avr8-gnu-toolchain/bin/../lib/gcc/avr/5.4.0/../../../../avr/lib/avr6\libm.a(fp_pscA.o)
                              c:/program files (x86)/atmel/studio/7.0/toolchain/avr8/avr8-gnu-toolchain/bin/../lib/gcc/avr/5.4.0/../../../../avr/lib/avr6\libm.a(addsf3x.o) (__fp_pscA)
c:/program files (x86)/atmel/studio/7.0/toolchain/avr8/avr8-gnu-toolchain/bin/../lib/gcc/avr/5.4.0/../../../../avr/lib/avr6\libm.a(fp_pscB.o)
                              c:/program files (x86)/atmel/studio/7.0/toolchain/avr8/avr8-gnu-toolchain/bin/../lib/gcc/avr/5.4.0/../../../../avr/lib/avr6\libm.a(addsf3x.o) (__fp_pscB)
c:/program files (x86)/atmel/studio/7.0/toolchain/avr8/avr8-gnu-toolchain/bin/../lib/gcc/avr/5.4.0/../../../../avr/lib/avr6\libm.a(fp_round.o)
                              c:/program files (x86)/atmel/studio/7.0/toolchain/avr8/avr8-gnu-toolchain/bin/../lib/gcc/avr/5.4.0/../../../../avr/lib/avr6\libm.a(addsf3.o) (__fp_round)
c:/program files (x86)/atmel/studio/7.0/toolchain/avr8/avr8-gnu-toolchain/bin/../lib/gcc/avr/5.4.0/../../../../avr/lib/avr6\libm.a(fp_split3.o)
                              c:/program files (x86)/atmel/studio/7.0/toolchain/avr8/avr8-gnu-toolchain/bin/../lib/gcc/avr/5.4.0/../../../../avr/lib/avr6\libm.a(addsf3x.o) (__fp_split3)
c:/program files (x86)/atmel/studio/7.0/toolchain/avr8/avr8-gnu-toolchain/bin/../lib/gcc/avr/5.4.0/../../../../avr/lib/avr6\libm.a(fp_zero.o)
                              c:/program files (x86)/atmel/studio/7.0/toolchain/avr8/avr8-gnu-toolchain/bin/../lib/gcc/avr/5.4.0/../../../../avr/lib/avr6\libm.a(addsf3x.o) (__fp_zero)
c:/program files (x86)/atmel/studio/7.0/toolchain/avr8/avr8-gnu-toolchain/bin/../lib/gcc/avr/5.4.0/../../../../avr/lib/avr6\libm.a(mulsf3.o)
                              USART0.o (__mulsf3)
c:/program files (x86)/atmel/studio/7.0/toolchain/avr8/avr8-gnu-toolchain/bin/../lib/gcc/avr/5.4.0/../../../../avr/lib/avr6\libm.a(mulsf3x.o)
                              c:/program files (x86)/atmel/studio/7.0/toolchain/avr8/avr8-gnu-toolchain/bin/../lib/gcc/avr/5.4.0/../../../../avr/lib/avr6\libm.a(mulsf3.o) (__mulsf3x)
c:/program files (x86)/atmel/studio/7.0/toolchain/avr8/avr8-gnu-toolchain/bin/../lib/gcc/avr/5.4.0/../../../../avr/lib/avr6\libprintf_flt.a(vfprintf_flt.o)
                              (vfprintf)
c:/program files (x86)/atmel/studio/7.0/toolchain/avr8/avr8-gnu-toolchain/bin/../lib/gcc/avr/5.4.0/avr6\libgcc.a(_divmodhi4.o)
                              ZEDF9P.o (__divmodhi4)
c:/program files (x86)/atmel/studio/7.0/toolchain/avr8/avr8-gnu-toolchain/bin/../lib/gcc/avr/5.4.0/avr6\libgcc.a(_exit.o)
                              C:/Program Files (x86)/Atmel/Studio/7.0/Packs/atmel/ATmega_DFP/1.7.374/gcc/dev/atmega2560/avr6/crtatmega2560.o (exit)
c:/program files (x86)/atmel/studio/7.0/toolchain/avr8/avr8-gnu-toolchain/bin/../lib/gcc/avr/5.4.0/avr6\libgcc.a(_tablejump2.o)
                              ZEDF9P.o (__tablejump2__)
c:/program files (x86)/atmel/studio/7.0/toolchain/avr8/avr8-gnu-toolchain/bin/../lib/gcc/avr/5.4.0/avr6\libgcc.a(_copy_data.o)
                              main.o (__do_copy_data)
c:/program files (x86)/atmel/studio/7.0/toolchain/avr8/avr8-gnu-toolchain/bin/../lib/gcc/avr/5.4.0/avr6\libgcc.a(_clear_bss.o)
                              LiDAR.o (__do_clear_bss)
c:/program files (x86)/atmel/studio/7.0/toolchain/avr8/avr8-gnu-toolchain/bin/../lib/gcc/avr/5.4.0/avr6\libgcc.a(_udivmodhi4.o)
                              c:/program files (x86)/atmel/studio/7.0/toolchain/avr8/avr8-gnu-toolchain/bin/../lib/gcc/avr/5.4.0/avr6\libgcc.a(_divmodhi4.o) (__udivmodhi4)
c:/program files (x86)/atmel/studio/7.0/toolchain/avr8/avr8-gnu-toolchain/bin/../lib/gcc/avr/5.4.0/../../../../avr/lib/avr6\libc.a(atoi.o)
                              USART2.o (atoi)
c:/program files (x86)/atmel/studio/7.0/toolchain/avr8/avr8-gnu-toolchain/bin/../lib/gcc/avr/5.4.0/../../../../avr/lib/avr6\libc.a(atol.o)
                              USART2.o (atol)
c:/program files (x86)/atmel/studio/7.0/toolchain/avr8/avr8-gnu-toolchain/bin/../lib/gcc/avr/5.4.0/../../../../avr/lib/avr6\libc.a(ftoa_engine.o)
                              c:/program files (x86)/atmel/studio/7.0/toolchain/avr8/avr8-gnu-toolchain/bin/../lib/gcc/avr/5.4.0/../../../../avr/lib/avr6\libprintf_flt.a(vfprintf_flt.o) (__ftoa_engine)
c:/program files (x86)/atmel/studio/7.0/toolchain/avr8/avr8-gnu-toolchain/bin/../lib/gcc/avr/5.4.0/../../../../avr/lib/avr6\libc.a(strnlen_P.o)
                              c:/program files (x86)/atmel/studio/7.0/toolchain/avr8/avr8-gnu-toolchain/bin/../lib/gcc/avr/5.4.0/../../../../avr/lib/avr6\libprintf_flt.a(vfprintf_flt.o) (strnlen_P)
c:/program files (x86)/atmel/studio/7.0/toolchain/avr8/avr8-gnu-toolchain/bin/../lib/gcc/avr/5.4.0/../../../../avr/lib/avr6\libc.a(strnlen.o)
                              c:/program files (x86)/atmel/studio/7.0/toolchain/avr8/avr8-gnu-toolchain/bin/../lib/gcc/avr/5.4.0/../../../../avr/lib/avr6\libprintf_flt.a(vfprintf_flt.o) (strnlen)
c:/program files (x86)/atmel/studio/7.0/toolchain/avr8/avr8-gnu-toolchain/bin/../lib/gcc/avr/5.4.0/../../../../avr/lib/avr6\libc.a(mulsi10.o)
                              c:/program files (x86)/atmel/studio/7.0/toolchain/avr8/avr8-gnu-toolchain/bin/../lib/gcc/avr/5.4.0/../../../../avr/lib/avr6\libc.a(atol.o) (__mulsi_const_10)
c:/program files (x86)/atmel/studio/7.0/toolchain/avr8/avr8-gnu-toolchain/bin/../lib/gcc/avr/5.4.0/../../../../avr/lib/avr6\libc.a(mul10.o)
                              c:/program files (x86)/atmel/studio/7.0/toolchain/avr8/avr8-gnu-toolchain/bin/../lib/gcc/avr/5.4.0/../../../../avr/lib/avr6\libc.a(atoi.o) (__mulhi_const_10)
c:/program files (x86)/atmel/studio/7.0/toolchain/avr8/avr8-gnu-toolchain/bin/../lib/gcc/avr/5.4.0/../../../../avr/lib/avr6\libc.a(fputc.o)
                              c:/program files (x86)/atmel/studio/7.0/toolchain/avr8/avr8-gnu-toolchain/bin/../lib/gcc/avr/5.4.0/../../../../avr/lib/avr6\libprintf_flt.a(vfprintf_flt.o) (fputc)
c:/program files (x86)/atmel/studio/7.0/toolchain/avr8/avr8-gnu-toolchain/bin/../lib/gcc/avr/5.4.0/../../../../avr/lib/avr6\libc.a(sprintf.o)
                              main.o (sprintf)
c:/program files (x86)/atmel/studio/7.0/toolchain/avr8/avr8-gnu-toolchain/bin/../lib/gcc/avr/5.4.0/../../../../avr/lib/avr6\libc.a(ultoa_invert.o)
                              c:/program files (x86)/atmel/studio/7.0/toolchain/avr8/avr8-gnu-toolchain/bin/../lib/gcc/avr/5.4.0/../../../../avr/lib/avr6\libprintf_flt.a(vfprintf_flt.o) (__ultoa_invert)

Allocating common symbols
Common symbol       size              file

txBufferGPS         0x80              USART1.o
tabLatMem           0x140             main.o
trameLidarValide    0x9               LiDAR.o
_usartRxTmpGps      0x1               USART1.o
cnt                 0x1               main.o
tabLonMem           0x140             main.o
msgEncoD            0x8               main.o
msg                 0x8               main.o
rxBufferGPS         0x80              USART1.o
_usartRxTmpBluetooth
                    0x1               USART2.o
msgGpsLat           0x10              main.o
txBufferLiDAR       0x40              USART0.o
msgEncoG            0x8               main.o
trameGpsNavOdoValide
                    0x1c              ZEDF9P.o
trameBluetoothValide
                    0x40              USART2.o
trameGpsNavPosllhValide
                    0x24              ZEDF9P.o
trameGpsRx          0x64              ZEDF9P.o
trameBluetoothRx    0x40              USART2.o
tabLat4             0x9               USART2.o
trameGpsNavPvtValide
                    0x64              ZEDF9P.o
tabLon4             0xa               USART2.o
rxBufferLiDAR       0x40              USART0.o
trameLidar          0x9               LiDAR.o
msgGpsLon           0x10              main.o
txBufferBluetooth   0x100             USART2.o
_usartRxTmpLiDAR    0x1               USART0.o
rxBufferBluetooth   0x100             USART2.o
essaiUser           0x4               main.o
msgLiDAR            0x14              main.o
msgTime             0x14              main.o
dataGps             0x1               main.o
tempsCoupe          0x5               main.o
trame               0x1               ZEDF9P.o

Discarded input sections

 .data          0x00000000        0x0 C:/Program Files (x86)/Atmel/Studio/7.0/Packs/atmel/ATmega_DFP/1.7.374/gcc/dev/atmega2560/avr6/crtatmega2560.o
 .bss           0x00000000        0x0 C:/Program Files (x86)/Atmel/Studio/7.0/Packs/atmel/ATmega_DFP/1.7.374/gcc/dev/atmega2560/avr6/crtatmega2560.o
 .text          0x00000000        0x0 lcd.o
 .data          0x00000000        0x0 lcd.o
 .bss           0x00000000        0x0 lcd.o
 .text          0x00000000        0x0 LiDAR.o
 .data          0x00000000        0x0 LiDAR.o
 .bss           0x00000000        0x0 LiDAR.o
 .text.getAmp   0x00000000        0xa LiDAR.o
 .text.getTemp  0x00000000        0xa LiDAR.o
 .text          0x00000000        0x0 main.o
 .data          0x00000000        0x0 main.o
 .bss           0x00000000        0x0 main.o
 .bss.lon       0x00000000        0x4 main.o
 .bss.lat       0x00000000        0x4 main.o
 .bss.row       0x00000000        0x1 main.o
 .bss.pos       0x00000000        0x1 main.o
 .bss.etat      0x00000000        0x1 main.o
 .text          0x00000000        0x0 USART0.o
 .data          0x00000000        0x0 USART0.o
 .bss           0x00000000        0x0 USART0.o
 .text.usart0SendByte
                0x00000000       0x48 USART0.o
 .text.usart0SendString
                0x00000000       0x34 USART0.o
 .text.usart0SendBytes
                0x00000000       0x3a USART0.o
 .bss.cntStrLiDAR
                0x00000000        0x1 USART0.o
 .bss.nbOctetLiDAR
                0x00000000        0x1 USART0.o
 .data.sendMessageLiDAR
                0x00000000        0x1 USART0.o
 .bss.txBufferInLiDAR
                0x00000000        0x1 USART0.o
 .text          0x00000000        0x0 USART1.o
 .data          0x00000000        0x0 USART1.o
 .bss           0x00000000        0x0 USART1.o
 .text.usartGpsSendString
                0x00000000       0x34 USART1.o
 .bss.cntStrGPS
                0x00000000        0x1 USART1.o
 .bss.nbOctetGPS
                0x00000000        0x1 USART1.o
 .data.sendMessageGPS
                0x00000000        0x1 USART1.o
 .text          0x00000000        0x0 USART2.o
 .data          0x00000000        0x0 USART2.o
 .bss           0x00000000        0x0 USART2.o
 .text.usart2SendBytes
                0x00000000       0x3a USART2.o
 .text.getBoutonO
                0x00000000        0x6 USART2.o
 .bss.cntStrBluetooth
                0x00000000        0x1 USART2.o
 .bss.nbOctetBluetooth
                0x00000000        0x1 USART2.o
 .data.sendMessageBluetooth
                0x00000000        0x1 USART2.o
 .text          0x00000000        0x0 ZEDF9P.o
 .data          0x00000000        0x0 ZEDF9P.o
 .bss           0x00000000        0x0 ZEDF9P.o
 .text.getId    0x00000000        0x6 ZEDF9P.o
 .text.getNavPvtHeadMot
                0x00000000       0x22 ZEDF9P.o
 .text.getNavPvtGspeed
                0x00000000       0x12 ZEDF9P.o
 .text.getNavPvtSacc
                0x00000000       0x12 ZEDF9P.o
 .text.getNavPvtHeadAcc
                0x00000000       0x22 ZEDF9P.o
 .text.getNavPvtHeadVeh
                0x00000000       0x22 ZEDF9P.o
 .text.getNavPvtHacc
                0x00000000        0xe ZEDF9P.o
 .text.getNavPvtFlags
                0x00000000        0x6 ZEDF9P.o
 .text.getNavPvtFlags2
                0x00000000        0x6 ZEDF9P.o
 .text.getNavPvtValid
                0x00000000        0x6 ZEDF9P.o
 .text.envoieConfigOdo
                0x00000000       0xb4 ZEDF9P.o
 .text.getAckConfigUart1
                0x00000000        0x6 ZEDF9P.o
 .text.getAckConfigRate
                0x00000000        0x6 ZEDF9P.o
 .text.getAckConfigMsg
                0x00000000        0x6 ZEDF9P.o
 .text.getAckConfigOdo
                0x00000000        0x6 ZEDF9P.o
 .bss.navPvtValide
                0x00000000        0x1 ZEDF9P.o
 .bss.navPvtFlags2
                0x00000000        0x1 ZEDF9P.o
 .bss.navPvtFlags
                0x00000000        0x1 ZEDF9P.o
 .bss.ack       0x00000000        0x1 ZEDF9P.o
 .text          0x00000000        0x0 c:/program files (x86)/atmel/studio/7.0/toolchain/avr8/avr8-gnu-toolchain/bin/../lib/gcc/avr/5.4.0/../../../../avr/lib/avr6\libm.a(addsf3.o)
 .data          0x00000000        0x0 c:/program files (x86)/atmel/studio/7.0/toolchain/avr8/avr8-gnu-toolchain/bin/../lib/gcc/avr/5.4.0/../../../../avr/lib/avr6\libm.a(addsf3.o)
 .bss           0x00000000        0x0 c:/program files (x86)/atmel/studio/7.0/toolchain/avr8/avr8-gnu-toolchain/bin/../lib/gcc/avr/5.4.0/../../../../avr/lib/avr6\libm.a(addsf3.o)
 .text          0x00000000        0x0 c:/program files (x86)/atmel/studio/7.0/toolchain/avr8/avr8-gnu-toolchain/bin/../lib/gcc/avr/5.4.0/../../../../avr/lib/avr6\libm.a(addsf3x.o)
 .data          0x00000000        0x0 c:/program files (x86)/atmel/studio/7.0/toolchain/avr8/avr8-gnu-toolchain/bin/../lib/gcc/avr/5.4.0/../../../../avr/lib/avr6\libm.a(addsf3x.o)
 .bss           0x00000000        0x0 c:/program files (x86)/atmel/studio/7.0/toolchain/avr8/avr8-gnu-toolchain/bin/../lib/gcc/avr/5.4.0/../../../../avr/lib/avr6\libm.a(addsf3x.o)
 .text          0x00000000        0x0 c:/program files (x86)/atmel/studio/7.0/toolchain/avr8/avr8-gnu-toolchain/bin/../lib/gcc/avr/5.4.0/../../../../avr/lib/avr6\libm.a(divsf3.o)
 .data          0x00000000        0x0 c:/program files (x86)/atmel/studio/7.0/toolchain/avr8/avr8-gnu-toolchain/bin/../lib/gcc/avr/5.4.0/../../../../avr/lib/avr6\libm.a(divsf3.o)
 .bss           0x00000000        0x0 c:/program files (x86)/atmel/studio/7.0/toolchain/avr8/avr8-gnu-toolchain/bin/../lib/gcc/avr/5.4.0/../../../../avr/lib/avr6\libm.a(divsf3.o)
 .text          0x00000000        0x0 c:/program files (x86)/atmel/studio/7.0/toolchain/avr8/avr8-gnu-toolchain/bin/../lib/gcc/avr/5.4.0/../../../../avr/lib/avr6\libm.a(divsf3x.o)
 .data          0x00000000        0x0 c:/program files (x86)/atmel/studio/7.0/toolchain/avr8/avr8-gnu-toolchain/bin/../lib/gcc/avr/5.4.0/../../../../avr/lib/avr6\libm.a(divsf3x.o)
 .bss           0x00000000        0x0 c:/program files (x86)/atmel/studio/7.0/toolchain/avr8/avr8-gnu-toolchain/bin/../lib/gcc/avr/5.4.0/../../../../avr/lib/avr6\libm.a(divsf3x.o)
 .text          0x00000000        0x0 c:/program files (x86)/atmel/studio/7.0/toolchain/avr8/avr8-gnu-toolchain/bin/../lib/gcc/avr/5.4.0/../../../../avr/lib/avr6\libm.a(fixunssfsi.o)
 .data          0x00000000        0x0 c:/program files (x86)/atmel/studio/7.0/toolchain/avr8/avr8-gnu-toolchain/bin/../lib/gcc/avr/5.4.0/../../../../avr/lib/avr6\libm.a(fixunssfsi.o)
 .bss           0x00000000        0x0 c:/program files (x86)/atmel/studio/7.0/toolchain/avr8/avr8-gnu-toolchain/bin/../lib/gcc/avr/5.4.0/../../../../avr/lib/avr6\libm.a(fixunssfsi.o)
 .text          0x00000000        0x0 c:/program files (x86)/atmel/studio/7.0/toolchain/avr8/avr8-gnu-toolchain/bin/../lib/gcc/avr/5.4.0/../../../../avr/lib/avr6\libm.a(floatsisf.o)
 .data          0x00000000        0x0 c:/program files (x86)/atmel/studio/7.0/toolchain/avr8/avr8-gnu-toolchain/bin/../lib/gcc/avr/5.4.0/../../../../avr/lib/avr6\libm.a(floatsisf.o)
 .bss           0x00000000        0x0 c:/program files (x86)/atmel/studio/7.0/toolchain/avr8/avr8-gnu-toolchain/bin/../lib/gcc/avr/5.4.0/../../../../avr/lib/avr6\libm.a(floatsisf.o)
 .text          0x00000000        0x0 c:/program files (x86)/atmel/studio/7.0/toolchain/avr8/avr8-gnu-toolchain/bin/../lib/gcc/avr/5.4.0/../../../../avr/lib/avr6\libm.a(fp_inf.o)
 .data          0x00000000        0x0 c:/program files (x86)/atmel/studio/7.0/toolchain/avr8/avr8-gnu-toolchain/bin/../lib/gcc/avr/5.4.0/../../../../avr/lib/avr6\libm.a(fp_inf.o)
 .bss           0x00000000        0x0 c:/program files (x86)/atmel/studio/7.0/toolchain/avr8/avr8-gnu-toolchain/bin/../lib/gcc/avr/5.4.0/../../../../avr/lib/avr6\libm.a(fp_inf.o)
 .text          0x00000000        0x0 c:/program files (x86)/atmel/studio/7.0/toolchain/avr8/avr8-gnu-toolchain/bin/../lib/gcc/avr/5.4.0/../../../../avr/lib/avr6\libm.a(fp_nan.o)
 .data          0x00000000        0x0 c:/program files (x86)/atmel/studio/7.0/toolchain/avr8/avr8-gnu-toolchain/bin/../lib/gcc/avr/5.4.0/../../../../avr/lib/avr6\libm.a(fp_nan.o)
 .bss           0x00000000        0x0 c:/program files (x86)/atmel/studio/7.0/toolchain/avr8/avr8-gnu-toolchain/bin/../lib/gcc/avr/5.4.0/../../../../avr/lib/avr6\libm.a(fp_nan.o)
 .text          0x00000000        0x0 c:/program files (x86)/atmel/studio/7.0/toolchain/avr8/avr8-gnu-toolchain/bin/../lib/gcc/avr/5.4.0/../../../../avr/lib/avr6\libm.a(fp_pscA.o)
 .data          0x00000000        0x0 c:/program files (x86)/atmel/studio/7.0/toolchain/avr8/avr8-gnu-toolchain/bin/../lib/gcc/avr/5.4.0/../../../../avr/lib/avr6\libm.a(fp_pscA.o)
 .bss           0x00000000        0x0 c:/program files (x86)/atmel/studio/7.0/toolchain/avr8/avr8-gnu-toolchain/bin/../lib/gcc/avr/5.4.0/../../../../avr/lib/avr6\libm.a(fp_pscA.o)
 .text          0x00000000        0x0 c:/program files (x86)/atmel/studio/7.0/toolchain/avr8/avr8-gnu-toolchain/bin/../lib/gcc/avr/5.4.0/../../../../avr/lib/avr6\libm.a(fp_pscB.o)
 .data          0x00000000        0x0 c:/program files (x86)/atmel/studio/7.0/toolchain/avr8/avr8-gnu-toolchain/bin/../lib/gcc/avr/5.4.0/../../../../avr/lib/avr6\libm.a(fp_pscB.o)
 .bss           0x00000000        0x0 c:/program files (x86)/atmel/studio/7.0/toolchain/avr8/avr8-gnu-toolchain/bin/../lib/gcc/avr/5.4.0/../../../../avr/lib/avr6\libm.a(fp_pscB.o)
 .text          0x00000000        0x0 c:/program files (x86)/atmel/studio/7.0/toolchain/avr8/avr8-gnu-toolchain/bin/../lib/gcc/avr/5.4.0/../../../../avr/lib/avr6\libm.a(fp_round.o)
 .data          0x00000000        0x0 c:/program files (x86)/atmel/studio/7.0/toolchain/avr8/avr8-gnu-toolchain/bin/../lib/gcc/avr/5.4.0/../../../../avr/lib/avr6\libm.a(fp_round.o)
 .bss           0x00000000        0x0 c:/program files (x86)/atmel/studio/7.0/toolchain/avr8/avr8-gnu-toolchain/bin/../lib/gcc/avr/5.4.0/../../../../avr/lib/avr6\libm.a(fp_round.o)
 .text          0x00000000        0x0 c:/program files (x86)/atmel/studio/7.0/toolchain/avr8/avr8-gnu-toolchain/bin/../lib/gcc/avr/5.4.0/../../../../avr/lib/avr6\libm.a(fp_split3.o)
 .data          0x00000000        0x0 c:/program files (x86)/atmel/studio/7.0/toolchain/avr8/avr8-gnu-toolchain/bin/../lib/gcc/avr/5.4.0/../../../../avr/lib/avr6\libm.a(fp_split3.o)
 .bss           0x00000000        0x0 c:/program files (x86)/atmel/studio/7.0/toolchain/avr8/avr8-gnu-toolchain/bin/../lib/gcc/avr/5.4.0/../../../../avr/lib/avr6\libm.a(fp_split3.o)
 .text          0x00000000        0x0 c:/program files (x86)/atmel/studio/7.0/toolchain/avr8/avr8-gnu-toolchain/bin/../lib/gcc/avr/5.4.0/../../../../avr/lib/avr6\libm.a(fp_zero.o)
 .data          0x00000000        0x0 c:/program files (x86)/atmel/studio/7.0/toolchain/avr8/avr8-gnu-toolchain/bin/../lib/gcc/avr/5.4.0/../../../../avr/lib/avr6\libm.a(fp_zero.o)
 .bss           0x00000000        0x0 c:/program files (x86)/atmel/studio/7.0/toolchain/avr8/avr8-gnu-toolchain/bin/../lib/gcc/avr/5.4.0/../../../../avr/lib/avr6\libm.a(fp_zero.o)
 .text          0x00000000        0x0 c:/program files (x86)/atmel/studio/7.0/toolchain/avr8/avr8-gnu-toolchain/bin/../lib/gcc/avr/5.4.0/../../../../avr/lib/avr6\libm.a(mulsf3.o)
 .data          0x00000000        0x0 c:/program files (x86)/atmel/studio/7.0/toolchain/avr8/avr8-gnu-toolchain/bin/../lib/gcc/avr/5.4.0/../../../../avr/lib/avr6\libm.a(mulsf3.o)
 .bss           0x00000000        0x0 c:/program files (x86)/atmel/studio/7.0/toolchain/avr8/avr8-gnu-toolchain/bin/../lib/gcc/avr/5.4.0/../../../../avr/lib/avr6\libm.a(mulsf3.o)
 .text          0x00000000        0x0 c:/program files (x86)/atmel/studio/7.0/toolchain/avr8/avr8-gnu-toolchain/bin/../lib/gcc/avr/5.4.0/../../../../avr/lib/avr6\libm.a(mulsf3x.o)
 .data          0x00000000        0x0 c:/program files (x86)/atmel/studio/7.0/toolchain/avr8/avr8-gnu-toolchain/bin/../lib/gcc/avr/5.4.0/../../../../avr/lib/avr6\libm.a(mulsf3x.o)
 .bss           0x00000000        0x0 c:/program files (x86)/atmel/studio/7.0/toolchain/avr8/avr8-gnu-toolchain/bin/../lib/gcc/avr/5.4.0/../../../../avr/lib/avr6\libm.a(mulsf3x.o)
 .text          0x00000000        0x0 c:/program files (x86)/atmel/studio/7.0/toolchain/avr8/avr8-gnu-toolchain/bin/../lib/gcc/avr/5.4.0/../../../../avr/lib/avr6\libprintf_flt.a(vfprintf_flt.o)
 .data          0x00000000        0x0 c:/program files (x86)/atmel/studio/7.0/toolchain/avr8/avr8-gnu-toolchain/bin/../lib/gcc/avr/5.4.0/../../../../avr/lib/avr6\libprintf_flt.a(vfprintf_flt.o)
 .bss           0x00000000        0x0 c:/program files (x86)/atmel/studio/7.0/toolchain/avr8/avr8-gnu-toolchain/bin/../lib/gcc/avr/5.4.0/../../../../avr/lib/avr6\libprintf_flt.a(vfprintf_flt.o)
 .text          0x00000000        0x0 c:/program files (x86)/atmel/studio/7.0/toolchain/avr8/avr8-gnu-toolchain/bin/../lib/gcc/avr/5.4.0/avr6\libgcc.a(_divmodhi4.o)
 .data          0x00000000        0x0 c:/program files (x86)/atmel/studio/7.0/toolchain/avr8/avr8-gnu-toolchain/bin/../lib/gcc/avr/5.4.0/avr6\libgcc.a(_divmodhi4.o)
 .bss           0x00000000        0x0 c:/program files (x86)/atmel/studio/7.0/toolchain/avr8/avr8-gnu-toolchain/bin/../lib/gcc/avr/5.4.0/avr6\libgcc.a(_divmodhi4.o)
 .text.libgcc.mul
                0x00000000        0x0 c:/program files (x86)/atmel/studio/7.0/toolchain/avr8/avr8-gnu-toolchain/bin/../lib/gcc/avr/5.4.0/avr6\libgcc.a(_divmodhi4.o)
 .text.libgcc   0x00000000        0x0 c:/program files (x86)/atmel/studio/7.0/toolchain/avr8/avr8-gnu-toolchain/bin/../lib/gcc/avr/5.4.0/avr6\libgcc.a(_divmodhi4.o)
 .text.libgcc.prologue
                0x00000000        0x0 c:/program files (x86)/atmel/studio/7.0/toolchain/avr8/avr8-gnu-toolchain/bin/../lib/gcc/avr/5.4.0/avr6\libgcc.a(_divmodhi4.o)
 .text.libgcc.builtins
                0x00000000        0x0 c:/program files (x86)/atmel/studio/7.0/toolchain/avr8/avr8-gnu-toolchain/bin/../lib/gcc/avr/5.4.0/avr6\libgcc.a(_divmodhi4.o)
 .text.libgcc.fmul
                0x00000000        0x0 c:/program files (x86)/atmel/studio/7.0/toolchain/avr8/avr8-gnu-toolchain/bin/../lib/gcc/avr/5.4.0/avr6\libgcc.a(_divmodhi4.o)
 .text.libgcc.fixed
                0x00000000        0x0 c:/program files (x86)/atmel/studio/7.0/toolchain/avr8/avr8-gnu-toolchain/bin/../lib/gcc/avr/5.4.0/avr6\libgcc.a(_divmodhi4.o)
 .text          0x00000000        0x0 c:/program files (x86)/atmel/studio/7.0/toolchain/avr8/avr8-gnu-toolchain/bin/../lib/gcc/avr/5.4.0/avr6\libgcc.a(_exit.o)
 .data          0x00000000        0x0 c:/program files (x86)/atmel/studio/7.0/toolchain/avr8/avr8-gnu-toolchain/bin/../lib/gcc/avr/5.4.0/avr6\libgcc.a(_exit.o)
 .bss           0x00000000        0x0 c:/program files (x86)/atmel/studio/7.0/toolchain/avr8/avr8-gnu-toolchain/bin/../lib/gcc/avr/5.4.0/avr6\libgcc.a(_exit.o)
 .text.libgcc.mul
                0x00000000        0x0 c:/program files (x86)/atmel/studio/7.0/toolchain/avr8/avr8-gnu-toolchain/bin/../lib/gcc/avr/5.4.0/avr6\libgcc.a(_exit.o)
 .text.libgcc.div
                0x00000000        0x0 c:/program files (x86)/atmel/studio/7.0/toolchain/avr8/avr8-gnu-toolchain/bin/../lib/gcc/avr/5.4.0/avr6\libgcc.a(_exit.o)
 .text.libgcc   0x00000000        0x0 c:/program files (x86)/atmel/studio/7.0/toolchain/avr8/avr8-gnu-toolchain/bin/../lib/gcc/avr/5.4.0/avr6\libgcc.a(_exit.o)
 .text.libgcc.prologue
                0x00000000        0x0 c:/program files (x86)/atmel/studio/7.0/toolchain/avr8/avr8-gnu-toolchain/bin/../lib/gcc/avr/5.4.0/avr6\libgcc.a(_exit.o)
 .text.libgcc.builtins
                0x00000000        0x0 c:/program files (x86)/atmel/studio/7.0/toolchain/avr8/avr8-gnu-toolchain/bin/../lib/gcc/avr/5.4.0/avr6\libgcc.a(_exit.o)
 .text.libgcc.fmul
                0x00000000        0x0 c:/program files (x86)/atmel/studio/7.0/toolchain/avr8/avr8-gnu-toolchain/bin/../lib/gcc/avr/5.4.0/avr6\libgcc.a(_exit.o)
 .text.libgcc.fixed
                0x00000000        0x0 c:/program files (x86)/atmel/studio/7.0/toolchain/avr8/avr8-gnu-toolchain/bin/../lib/gcc/avr/5.4.0/avr6\libgcc.a(_exit.o)
 .text          0x00000000        0x0 c:/program files (x86)/atmel/studio/7.0/toolchain/avr8/avr8-gnu-toolchain/bin/../lib/gcc/avr/5.4.0/avr6\libgcc.a(_tablejump2.o)
 .data          0x00000000        0x0 c:/program files (x86)/atmel/studio/7.0/toolchain/avr8/avr8-gnu-toolchain/bin/../lib/gcc/avr/5.4.0/avr6\libgcc.a(_tablejump2.o)
 .bss           0x00000000        0x0 c:/program files (x86)/atmel/studio/7.0/toolchain/avr8/avr8-gnu-toolchain/bin/../lib/gcc/avr/5.4.0/avr6\libgcc.a(_tablejump2.o)
 .text.libgcc.mul
                0x00000000        0x0 c:/program files (x86)/atmel/studio/7.0/toolchain/avr8/avr8-gnu-toolchain/bin/../lib/gcc/avr/5.4.0/avr6\libgcc.a(_tablejump2.o)
 .text.libgcc.div
                0x00000000        0x0 c:/program files (x86)/atmel/studio/7.0/toolchain/avr8/avr8-gnu-toolchain/bin/../lib/gcc/avr/5.4.0/avr6\libgcc.a(_tablejump2.o)
 .text.libgcc.prologue
                0x00000000        0x0 c:/program files (x86)/atmel/studio/7.0/toolchain/avr8/avr8-gnu-toolchain/bin/../lib/gcc/avr/5.4.0/avr6\libgcc.a(_tablejump2.o)
 .text.libgcc.builtins
                0x00000000        0x0 c:/program files (x86)/atmel/studio/7.0/toolchain/avr8/avr8-gnu-toolchain/bin/../lib/gcc/avr/5.4.0/avr6\libgcc.a(_tablejump2.o)
 .text.libgcc.fmul
                0x00000000        0x0 c:/program files (x86)/atmel/studio/7.0/toolchain/avr8/avr8-gnu-toolchain/bin/../lib/gcc/avr/5.4.0/avr6\libgcc.a(_tablejump2.o)
 .text.libgcc.fixed
                0x00000000        0x0 c:/program files (x86)/atmel/studio/7.0/toolchain/avr8/avr8-gnu-toolchain/bin/../lib/gcc/avr/5.4.0/avr6\libgcc.a(_tablejump2.o)
 .text          0x00000000        0x0 c:/program files (x86)/atmel/studio/7.0/toolchain/avr8/avr8-gnu-toolchain/bin/../lib/gcc/avr/5.4.0/avr6\libgcc.a(_copy_data.o)
 .data          0x00000000        0x0 c:/program files (x86)/atmel/studio/7.0/toolchain/avr8/avr8-gnu-toolchain/bin/../lib/gcc/avr/5.4.0/avr6\libgcc.a(_copy_data.o)
 .bss           0x00000000        0x0 c:/program files (x86)/atmel/studio/7.0/toolchain/avr8/avr8-gnu-toolchain/bin/../lib/gcc/avr/5.4.0/avr6\libgcc.a(_copy_data.o)
 .text.libgcc.mul
                0x00000000        0x0 c:/program files (x86)/atmel/studio/7.0/toolchain/avr8/avr8-gnu-toolchain/bin/../lib/gcc/avr/5.4.0/avr6\libgcc.a(_copy_data.o)
 .text.libgcc.div
                0x00000000        0x0 c:/program files (x86)/atmel/studio/7.0/toolchain/avr8/avr8-gnu-toolchain/bin/../lib/gcc/avr/5.4.0/avr6\libgcc.a(_copy_data.o)
 .text.libgcc   0x00000000        0x0 c:/program files (x86)/atmel/studio/7.0/toolchain/avr8/avr8-gnu-toolchain/bin/../lib/gcc/avr/5.4.0/avr6\libgcc.a(_copy_data.o)
 .text.libgcc.prologue
                0x00000000        0x0 c:/program files (x86)/atmel/studio/7.0/toolchain/avr8/avr8-gnu-toolchain/bin/../lib/gcc/avr/5.4.0/avr6\libgcc.a(_copy_data.o)
 .text.libgcc.builtins
                0x00000000        0x0 c:/program files (x86)/atmel/studio/7.0/toolchain/avr8/avr8-gnu-toolchain/bin/../lib/gcc/avr/5.4.0/avr6\libgcc.a(_copy_data.o)
 .text.libgcc.fmul
                0x00000000        0x0 c:/program files (x86)/atmel/studio/7.0/toolchain/avr8/avr8-gnu-toolchain/bin/../lib/gcc/avr/5.4.0/avr6\libgcc.a(_copy_data.o)
 .text.libgcc.fixed
                0x00000000        0x0 c:/program files (x86)/atmel/studio/7.0/toolchain/avr8/avr8-gnu-toolchain/bin/../lib/gcc/avr/5.4.0/avr6\libgcc.a(_copy_data.o)
 .text          0x00000000        0x0 c:/program files (x86)/atmel/studio/7.0/toolchain/avr8/avr8-gnu-toolchain/bin/../lib/gcc/avr/5.4.0/avr6\libgcc.a(_clear_bss.o)
 .data          0x00000000        0x0 c:/program files (x86)/atmel/studio/7.0/toolchain/avr8/avr8-gnu-toolchain/bin/../lib/gcc/avr/5.4.0/avr6\libgcc.a(_clear_bss.o)
 .bss           0x00000000        0x0 c:/program files (x86)/atmel/studio/7.0/toolchain/avr8/avr8-gnu-toolchain/bin/../lib/gcc/avr/5.4.0/avr6\libgcc.a(_clear_bss.o)
 .text.libgcc.mul
                0x00000000        0x0 c:/program files (x86)/atmel/studio/7.0/toolchain/avr8/avr8-gnu-toolchain/bin/../lib/gcc/avr/5.4.0/avr6\libgcc.a(_clear_bss.o)
 .text.libgcc.div
                0x00000000        0x0 c:/program files (x86)/atmel/studio/7.0/toolchain/avr8/avr8-gnu-toolchain/bin/../lib/gcc/avr/5.4.0/avr6\libgcc.a(_clear_bss.o)
 .text.libgcc   0x00000000        0x0 c:/program files (x86)/atmel/studio/7.0/toolchain/avr8/avr8-gnu-toolchain/bin/../lib/gcc/avr/5.4.0/avr6\libgcc.a(_clear_bss.o)
 .text.libgcc.prologue
                0x00000000        0x0 c:/program files (x86)/atmel/studio/7.0/toolchain/avr8/avr8-gnu-toolchain/bin/../lib/gcc/avr/5.4.0/avr6\libgcc.a(_clear_bss.o)
 .text.libgcc.builtins
                0x00000000        0x0 c:/program files (x86)/atmel/studio/7.0/toolchain/avr8/avr8-gnu-toolchain/bin/../lib/gcc/avr/5.4.0/avr6\libgcc.a(_clear_bss.o)
 .text.libgcc.fmul
                0x00000000        0x0 c:/program files (x86)/atmel/studio/7.0/toolchain/avr8/avr8-gnu-toolchain/bin/../lib/gcc/avr/5.4.0/avr6\libgcc.a(_clear_bss.o)
 .text.libgcc.fixed
                0x00000000        0x0 c:/program files (x86)/atmel/studio/7.0/toolchain/avr8/avr8-gnu-toolchain/bin/../lib/gcc/avr/5.4.0/avr6\libgcc.a(_clear_bss.o)
 .text          0x00000000        0x0 c:/program files (x86)/atmel/studio/7.0/toolchain/avr8/avr8-gnu-toolchain/bin/../lib/gcc/avr/5.4.0/avr6\libgcc.a(_udivmodhi4.o)
 .data          0x00000000        0x0 c:/program files (x86)/atmel/studio/7.0/toolchain/avr8/avr8-gnu-toolchain/bin/../lib/gcc/avr/5.4.0/avr6\libgcc.a(_udivmodhi4.o)
 .bss           0x00000000        0x0 c:/program files (x86)/atmel/studio/7.0/toolchain/avr8/avr8-gnu-toolchain/bin/../lib/gcc/avr/5.4.0/avr6\libgcc.a(_udivmodhi4.o)
 .text.libgcc.mul
                0x00000000        0x0 c:/program files (x86)/atmel/studio/7.0/toolchain/avr8/avr8-gnu-toolchain/bin/../lib/gcc/avr/5.4.0/avr6\libgcc.a(_udivmodhi4.o)
 .text.libgcc   0x00000000        0x0 c:/program files (x86)/atmel/studio/7.0/toolchain/avr8/avr8-gnu-toolchain/bin/../lib/gcc/avr/5.4.0/avr6\libgcc.a(_udivmodhi4.o)
 .text.libgcc.prologue
                0x00000000        0x0 c:/program files (x86)/atmel/studio/7.0/toolchain/avr8/avr8-gnu-toolchain/bin/../lib/gcc/avr/5.4.0/avr6\libgcc.a(_udivmodhi4.o)
 .text.libgcc.builtins
                0x00000000        0x0 c:/program files (x86)/atmel/studio/7.0/toolchain/avr8/avr8-gnu-toolchain/bin/../lib/gcc/avr/5.4.0/avr6\libgcc.a(_udivmodhi4.o)
 .text.libgcc.fmul
                0x00000000        0x0 c:/program files (x86)/atmel/studio/7.0/toolchain/avr8/avr8-gnu-toolchain/bin/../lib/gcc/avr/5.4.0/avr6\libgcc.a(_udivmodhi4.o)
 .text.libgcc.fixed
                0x00000000        0x0 c:/program files (x86)/atmel/studio/7.0/toolchain/avr8/avr8-gnu-toolchain/bin/../lib/gcc/avr/5.4.0/avr6\libgcc.a(_udivmodhi4.o)
 .text          0x00000000        0x0 c:/program files (x86)/atmel/studio/7.0/toolchain/avr8/avr8-gnu-toolchain/bin/../lib/gcc/avr/5.4.0/../../../../avr/lib/avr6\libc.a(atoi.o)
 .data          0x00000000        0x0 c:/program files (x86)/atmel/studio/7.0/toolchain/avr8/avr8-gnu-toolchain/bin/../lib/gcc/avr/5.4.0/../../../../avr/lib/avr6\libc.a(atoi.o)
 .bss           0x00000000        0x0 c:/program files (x86)/atmel/studio/7.0/toolchain/avr8/avr8-gnu-toolchain/bin/../lib/gcc/avr/5.4.0/../../../../avr/lib/avr6\libc.a(atoi.o)
 .text          0x00000000        0x0 c:/program files (x86)/atmel/studio/7.0/toolchain/avr8/avr8-gnu-toolchain/bin/../lib/gcc/avr/5.4.0/../../../../avr/lib/avr6\libc.a(atol.o)
 .data          0x00000000        0x0 c:/program files (x86)/atmel/studio/7.0/toolchain/avr8/avr8-gnu-toolchain/bin/../lib/gcc/avr/5.4.0/../../../../avr/lib/avr6\libc.a(atol.o)
 .bss           0x00000000        0x0 c:/program files (x86)/atmel/studio/7.0/toolchain/avr8/avr8-gnu-toolchain/bin/../lib/gcc/avr/5.4.0/../../../../avr/lib/avr6\libc.a(atol.o)
 .text          0x00000000        0x0 c:/program files (x86)/atmel/studio/7.0/toolchain/avr8/avr8-gnu-toolchain/bin/../lib/gcc/avr/5.4.0/../../../../avr/lib/avr6\libc.a(ftoa_engine.o)
 .data          0x00000000        0x0 c:/program files (x86)/atmel/studio/7.0/toolchain/avr8/avr8-gnu-toolchain/bin/../lib/gcc/avr/5.4.0/../../../../avr/lib/avr6\libc.a(ftoa_engine.o)
 .bss           0x00000000        0x0 c:/program files (x86)/atmel/studio/7.0/toolchain/avr8/avr8-gnu-toolchain/bin/../lib/gcc/avr/5.4.0/../../../../avr/lib/avr6\libc.a(ftoa_engine.o)
 .text          0x00000000        0x0 c:/program files (x86)/atmel/studio/7.0/toolchain/avr8/avr8-gnu-toolchain/bin/../lib/gcc/avr/5.4.0/../../../../avr/lib/avr6\libc.a(strnlen_P.o)
 .data          0x00000000        0x0 c:/program files (x86)/atmel/studio/7.0/toolchain/avr8/avr8-gnu-toolchain/bin/../lib/gcc/avr/5.4.0/../../../../avr/lib/avr6\libc.a(strnlen_P.o)
 .bss           0x00000000        0x0 c:/program files (x86)/atmel/studio/7.0/toolchain/avr8/avr8-gnu-toolchain/bin/../lib/gcc/avr/5.4.0/../../../../avr/lib/avr6\libc.a(strnlen_P.o)
 .text          0x00000000        0x0 c:/program files (x86)/atmel/studio/7.0/toolchain/avr8/avr8-gnu-toolchain/bin/../lib/gcc/avr/5.4.0/../../../../avr/lib/avr6\libc.a(strnlen.o)
 .data          0x00000000        0x0 c:/program files (x86)/atmel/studio/7.0/toolchain/avr8/avr8-gnu-toolchain/bin/../lib/gcc/avr/5.4.0/../../../../avr/lib/avr6\libc.a(strnlen.o)
 .bss           0x00000000        0x0 c:/program files (x86)/atmel/studio/7.0/toolchain/avr8/avr8-gnu-toolchain/bin/../lib/gcc/avr/5.4.0/../../../../avr/lib/avr6\libc.a(strnlen.o)
 .text          0x00000000        0x0 c:/program files (x86)/atmel/studio/7.0/toolchain/avr8/avr8-gnu-toolchain/bin/../lib/gcc/avr/5.4.0/../../../../avr/lib/avr6\libc.a(mulsi10.o)
 .data          0x00000000        0x0 c:/program files (x86)/atmel/studio/7.0/toolchain/avr8/avr8-gnu-toolchain/bin/../lib/gcc/avr/5.4.0/../../../../avr/lib/avr6\libc.a(mulsi10.o)
 .bss           0x00000000        0x0 c:/program files (x86)/atmel/studio/7.0/toolchain/avr8/avr8-gnu-toolchain/bin/../lib/gcc/avr/5.4.0/../../../../avr/lib/avr6\libc.a(mulsi10.o)
 .text          0x00000000        0x0 c:/program files (x86)/atmel/studio/7.0/toolchain/avr8/avr8-gnu-toolchain/bin/../lib/gcc/avr/5.4.0/../../../../avr/lib/avr6\libc.a(mul10.o)
 .data          0x00000000        0x0 c:/program files (x86)/atmel/studio/7.0/toolchain/avr8/avr8-gnu-toolchain/bin/../lib/gcc/avr/5.4.0/../../../../avr/lib/avr6\libc.a(mul10.o)
 .bss           0x00000000        0x0 c:/program files (x86)/atmel/studio/7.0/toolchain/avr8/avr8-gnu-toolchain/bin/../lib/gcc/avr/5.4.0/../../../../avr/lib/avr6\libc.a(mul10.o)
 .text          0x00000000        0x0 c:/program files (x86)/atmel/studio/7.0/toolchain/avr8/avr8-gnu-toolchain/bin/../lib/gcc/avr/5.4.0/../../../../avr/lib/avr6\libc.a(fputc.o)
 .data          0x00000000        0x0 c:/program files (x86)/atmel/studio/7.0/toolchain/avr8/avr8-gnu-toolchain/bin/../lib/gcc/avr/5.4.0/../../../../avr/lib/avr6\libc.a(fputc.o)
 .bss           0x00000000        0x0 c:/program files (x86)/atmel/studio/7.0/toolchain/avr8/avr8-gnu-toolchain/bin/../lib/gcc/avr/5.4.0/../../../../avr/lib/avr6\libc.a(fputc.o)
 .text          0x00000000        0x0 c:/program files (x86)/atmel/studio/7.0/toolchain/avr8/avr8-gnu-toolchain/bin/../lib/gcc/avr/5.4.0/../../../../avr/lib/avr6\libc.a(sprintf.o)
 .data          0x00000000        0x0 c:/program files (x86)/atmel/studio/7.0/toolchain/avr8/avr8-gnu-toolchain/bin/../lib/gcc/avr/5.4.0/../../../../avr/lib/avr6\libc.a(sprintf.o)
 .bss           0x00000000        0x0 c:/program files (x86)/atmel/studio/7.0/toolchain/avr8/avr8-gnu-toolchain/bin/../lib/gcc/avr/5.4.0/../../../../avr/lib/avr6\libc.a(sprintf.o)
 .text          0x00000000        0x0 c:/program files (x86)/atmel/studio/7.0/toolchain/avr8/avr8-gnu-toolchain/bin/../lib/gcc/avr/5.4.0/../../../../avr/lib/avr6\libc.a(ultoa_invert.o)
 .data          0x00000000        0x0 c:/program files (x86)/atmel/studio/7.0/toolchain/avr8/avr8-gnu-toolchain/bin/../lib/gcc/avr/5.4.0/../../../../avr/lib/avr6\libc.a(ultoa_invert.o)
 .bss           0x00000000        0x0 c:/program files (x86)/atmel/studio/7.0/toolchain/avr8/avr8-gnu-toolchain/bin/../lib/gcc/avr/5.4.0/../../../../avr/lib/avr6\libc.a(ultoa_invert.o)

Memory Configuration

Name             Origin             Length             Attributes
text             0x00000000         0x00040000         xr
data             0x00800200         0x00002000         rw !x
eeprom           0x00810000         0x00001000         rw !x
fuse             0x00820000         0x00000003         rw !x
lock             0x00830000         0x00000400         rw !x
signature        0x00840000         0x00000400         rw !x
user_signatures  0x00850000         0x00000400         rw !x
*default*        0x00000000         0xffffffff

Linker script and memory map

Address of section .data set to 0x800200
LOAD C:/Program Files (x86)/Atmel/Studio/7.0/Packs/atmel/ATmega_DFP/1.7.374/gcc/dev/atmega2560/avr6/crtatmega2560.o
LOAD lcd.o
LOAD LiDAR.o
LOAD main.o
LOAD USART0.o
LOAD USART1.o
LOAD USART2.o
LOAD ZEDF9P.o
START GROUP
LOAD c:/program files (x86)/atmel/studio/7.0/toolchain/avr8/avr8-gnu-toolchain/bin/../lib/gcc/avr/5.4.0/../../../../avr/lib/avr6\libm.a
END GROUP
LOAD c:/program files (x86)/atmel/studio/7.0/toolchain/avr8/avr8-gnu-toolchain/bin/../lib/gcc/avr/5.4.0/../../../../avr/lib/avr6\libprintf_flt.a
START GROUP
LOAD c:/program files (x86)/atmel/studio/7.0/toolchain/avr8/avr8-gnu-toolchain/bin/../lib/gcc/avr/5.4.0/avr6\libgcc.a
LOAD c:/program files (x86)/atmel/studio/7.0/toolchain/avr8/avr8-gnu-toolchain/bin/../lib/gcc/avr/5.4.0/../../../../avr/lib/avr6\libm.a
LOAD c:/program files (x86)/atmel/studio/7.0/toolchain/avr8/avr8-gnu-toolchain/bin/../lib/gcc/avr/5.4.0/../../../../avr/lib/avr6\libc.a
LOAD C:/Program Files (x86)/Atmel/Studio/7.0/Packs/atmel/ATmega_DFP/1.7.374/gcc/dev/atmega2560/avr6\libatmega2560.a
END GROUP
                0x00000000                __TEXT_REGION_ORIGIN__ = DEFINED (__TEXT_REGION_ORIGIN__)?__TEXT_REGION_ORIGIN__:0x0
                [0x00800200]                __DATA_REGION_ORIGIN__ = DEFINED (__DATA_REGION_ORIGIN__)?__DATA_REGION_ORIGIN__:0x800200
                [0x00040000]                __TEXT_REGION_LENGTH__ = DEFINED (__TEXT_REGION_LENGTH__)?__TEXT_REGION_LENGTH__:0x100000
                [0x00002000]                __DATA_REGION_LENGTH__ = DEFINED (__DATA_REGION_LENGTH__)?__DATA_REGION_LENGTH__:0xfe00
                [0x00001000]                __EEPROM_REGION_LENGTH__ = DEFINED (__EEPROM_REGION_LENGTH__)?__EEPROM_REGION_LENGTH__:0x10000
                [0x00000003]                __FUSE_REGION_LENGTH__ = DEFINED (__FUSE_REGION_LENGTH__)?__FUSE_REGION_LENGTH__:0x400
                0x00000400                __LOCK_REGION_LENGTH__ = DEFINED (__LOCK_REGION_LENGTH__)?__LOCK_REGION_LENGTH__:0x400
                0x00000400                __SIGNATURE_REGION_LENGTH__ = DEFINED (__SIGNATURE_REGION_LENGTH__)?__SIGNATURE_REGION_LENGTH__:0x400
                0x00000400                __USER_SIGNATURE_REGION_LENGTH__ = DEFINED (__USER_SIGNATURE_REGION_LENGTH__)?__USER_SIGNATURE_REGION_LENGTH__:0x400

.hash
 *(.hash)

.dynsym
 *(.dynsym)

.dynstr
 *(.dynstr)

.gnu.version
 *(.gnu.version)

.gnu.version_d
 *(.gnu.version_d)

.gnu.version_r
 *(.gnu.version_r)

.rel.init
 *(.rel.init)

.rela.init
 *(.rela.init)

.rel.text
 *(.rel.text)
 *(.rel.text.*)
 *(.rel.gnu.linkonce.t*)

.rela.text
 *(.rela.text)
 *(.rela.text.*)
 *(.rela.gnu.linkonce.t*)

.rel.fini
 *(.rel.fini)

.rela.fini
 *(.rela.fini)

.rel.rodata
 *(.rel.rodata)
 *(.rel.rodata.*)
 *(.rel.gnu.linkonce.r*)

.rela.rodata
 *(.rela.rodata)
 *(.rela.rodata.*)
 *(.rela.gnu.linkonce.r*)

.rel.data
 *(.rel.data)
 *(.rel.data.*)
 *(.rel.gnu.linkonce.d*)

.rela.data
 *(.rela.data)
 *(.rela.data.*)
 *(.rela.gnu.linkonce.d*)

.rel.ctors
 *(.rel.ctors)

.rela.ctors
 *(.rela.ctors)

.rel.dtors
 *(.rel.dtors)

.rela.dtors
 *(.rela.dtors)

.rel.got
 *(.rel.got)

.rela.got
 *(.rela.got)

.rel.bss
 *(.rel.bss)

.rela.bss
 *(.rela.bss)

.rel.plt
 *(.rel.plt)

.rela.plt
 *(.rela.plt)

.text           0x00000000     0x2d94
 *(.vectors)
 .vectors       0x00000000       0xe4 C:/Program Files (x86)/Atmel/Studio/7.0/Packs/atmel/ATmega_DFP/1.7.374/gcc/dev/atmega2560/avr6/crtatmega2560.o
                0x00000000                __vector_default
                0x00000000                __vectors
 *(.vectors)
 *(.progmem.gcc*)
 .progmem.gcc_sw_table.parseRxUbxNavPvt
                0x000000e4       0x10 ZEDF9P.o
                0x000000f4                . = ALIGN (0x2)
                0x000000f4                __trampolines_start = .
 *(.trampolines)
 .trampolines   0x000000f4        0x0 linker stubs
 *(.trampolines*)
                0x000000f4                __trampolines_end = .
 *libprintf_flt.a:*(.progmem.data)
 .progmem.data  0x000000f4        0x8 c:/program files (x86)/atmel/studio/7.0/toolchain/avr8/avr8-gnu-toolchain/bin/../lib/gcc/avr/5.4.0/../../../../avr/lib/avr6\libprintf_flt.a(vfprintf_flt.o)
 *libc.a:*(.progmem.data)
 .progmem.data  0x000000fc       0xfa c:/program files (x86)/atmel/studio/7.0/toolchain/avr8/avr8-gnu-toolchain/bin/../lib/gcc/avr/5.4.0/../../../../avr/lib/avr6\libc.a(ftoa_engine.o)
 *(.progmem*)
                0x000001f6                . = ALIGN (0x2)
 *(.jumptables)
 *(.jumptables*)
 *(.lowtext)
 *(.lowtext*)
                0x000001f6                __ctors_start = .
 *(.ctors)
                0x000001f6                __ctors_end = .
                0x000001f6                __dtors_start = .
 *(.dtors)
                0x000001f6                __dtors_end = .
 SORT(*)(.ctors)
 SORT(*)(.dtors)
 *(.init0)
 .init0         0x000001f6        0x0 C:/Program Files (x86)/Atmel/Studio/7.0/Packs/atmel/ATmega_DFP/1.7.374/gcc/dev/atmega2560/avr6/crtatmega2560.o
                0x000001f6                __init
 *(.init0)
 *(.init1)
 *(.init1)
 *(.init2)
 .init2         0x000001f6       0x10 C:/Program Files (x86)/Atmel/Studio/7.0/Packs/atmel/ATmega_DFP/1.7.374/gcc/dev/atmega2560/avr6/crtatmega2560.o
 *(.init2)
 *(.init3)
 *(.init3)
 *(.init4)
 .init4         0x00000206       0x1a c:/program files (x86)/atmel/studio/7.0/toolchain/avr8/avr8-gnu-toolchain/bin/../lib/gcc/avr/5.4.0/avr6\libgcc.a(_copy_data.o)
                0x00000206                __do_copy_data
 .init4         0x00000220       0x10 c:/program files (x86)/atmel/studio/7.0/toolchain/avr8/avr8-gnu-toolchain/bin/../lib/gcc/avr/5.4.0/avr6\libgcc.a(_clear_bss.o)
                0x00000220                __do_clear_bss
 *(.init4)
 *(.init5)
 *(.init5)
 *(.init6)
 *(.init6)
 *(.init7)
 *(.init7)
 *(.init8)
 *(.init8)
 *(.init9)
 .init9         0x00000230        0x6 C:/Program Files (x86)/Atmel/Studio/7.0/Packs/atmel/ATmega_DFP/1.7.374/gcc/dev/atmega2560/avr6/crtatmega2560.o
 *(.init9)
 *(.text)
 .text          0x00000236        0x2 C:/Program Files (x86)/Atmel/Studio/7.0/Packs/atmel/ATmega_DFP/1.7.374/gcc/dev/atmega2560/avr6/crtatmega2560.o
                0x00000236                __vector_38
                0x00000236                __vector_22
                0x00000236                __vector_28
                0x00000236                __vector_1
                0x00000236                __vector_32
                0x00000236                __vector_34
                0x00000236                __vector_24
                0x00000236                __vector_12
                0x00000236                __vector_55
                0x00000236                __vector_46
                0x00000236                __bad_interrupt
                0x00000236                __vector_6
                0x00000236                __vector_31
                0x00000236                __vector_35
                0x00000236                __vector_39
                0x00000236                __vector_3
                0x00000236                __vector_23
                0x00000236                __vector_30
                0x00000236                __vector_45
                0x00000236                __vector_11
                0x00000236                __vector_54
                0x00000236                __vector_13
                0x00000236                __vector_17
                0x00000236                __vector_19
                0x00000236                __vector_56
                0x00000236                __vector_7
                0x00000236                __vector_49
                0x00000236                __vector_41
                0x00000236                __vector_43
                0x00000236                __vector_27
                0x00000236                __vector_5
                0x00000236                __vector_33
                0x00000236                __vector_47
                0x00000236                __vector_4
                0x00000236                __vector_44
                0x00000236                __vector_9
                0x00000236                __vector_2
                0x00000236                __vector_15
                0x00000236                __vector_40
                0x00000236                __vector_8
                0x00000236                __vector_48
                0x00000236                __vector_14
                0x00000236                __vector_53
                0x00000236                __vector_50
                0x00000236                __vector_16
                0x00000236                __vector_18
                0x00000236                __vector_20
                0x00000236                __vector_42
                0x00000238                . = ALIGN (0x2)
 *(.text.*)
 .text._lcdWrite4bits
                0x00000238       0x78 lcd.o
                0x00000238                _lcdWrite4bits
 .text._lcdWrite8Bits
                0x000002b0       0x22 lcd.o
                0x000002b0                _lcdWrite8Bits
 .text.lcdInit  0x000002d2       0xaa lcd.o
                0x000002d2                lcdInit
 .text.lcdPutc  0x0000037c        0x6 lcd.o
                0x0000037c                lcdPutc
 .text.lcdPuts  0x00000382       0x28 lcd.o
                0x00000382                lcdPuts
 .text.lcdSetPos
                0x000003aa       0x14 lcd.o
                0x000003aa                lcdSetPos
 .text.lcdClearScreen
                0x000003be       0x14 lcd.o
                0x000003be                lcdClearScreen
 .text.parseRxLidar
                0x000003d2      0x146 LiDAR.o
                0x000003d2                parseRxLidar
 .text.getDist  0x00000518        0xa LiDAR.o
                0x00000518                getDist
 .text.__vector_21
                0x00000522       0x80 main.o
                0x00000522                __vector_21
 .text.__vector_10
                0x000005a2       0x90 main.o
                0x000005a2                __vector_10
 .text.__vector_29
                0x00000632       0xd2 main.o
                0x00000632                __vector_29
 .text.adcInit  0x00000704       0x2c main.o
                0x00000704                adcInit
 .text.moteurInit
                0x00000730       0x8c main.o
                0x00000730                moteurInit
 .text.lireClavier
                0x000007bc       0x24 main.o
                0x000007bc                lireClavier
 .text.controleManuel
                0x000007e0      0x15a main.o
                0x000007e0                controleManuel
 .text.main     0x0000093a      0x7da main.o
                0x0000093a                main
 .text.usart0Init
                0x00001114       0x74 USART0.o
                0x00001114                usart0Init
 .text.usart0RxAvailable
                0x00001188        0x6 USART0.o
                0x00001188                usart0RxAvailable
 .text.usart0RemRxData
                0x0000118e       0x40 USART0.o
                0x0000118e                usart0RemRxData
 .text.__vector_26
                0x000011ce       0x6a USART0.o
                0x000011ce                __vector_26
 .text.__vector_25
                0x00001238       0x66 USART0.o
                0x00001238                __vector_25
 .text.usartGpsSendByte
                0x0000129e       0x48 USART1.o
                0x0000129e                usartGpsSendByte
 .text.usartGpsInit
                0x000012e6       0x74 USART1.o
                0x000012e6                usartGpsInit
 .text.usartGpsRxAvailable
                0x0000135a        0x6 USART1.o
                0x0000135a                usartGpsRxAvailable
 .text.usartGpsRemRxData
                0x00001360       0x40 USART1.o
                0x00001360                usartGpsRemRxData
 .text.usartGpsSendBytes
                0x000013a0       0x38 USART1.o
                0x000013a0                usartGpsSendBytes
 .text.__vector_37
                0x000013d8       0x6a USART1.o
                0x000013d8                __vector_37
 .text.__vector_36
                0x00001442       0x66 USART1.o
                0x00001442                __vector_36
 .text.usart2SendByte
                0x000014a8       0x34 USART2.o
                0x000014a8                usart2SendByte
 .text.usart2Init
                0x000014dc       0x74 USART2.o
                0x000014dc                usart2Init
 .text.usart2RxAvailable
                0x00001550        0x6 USART2.o
                0x00001550                usart2RxAvailable
 .text.usart2RemRxData
                0x00001556       0x34 USART2.o
                0x00001556                usart2RemRxData
 .text.usart2SendString
                0x0000158a       0x32 USART2.o
                0x0000158a                usart2SendString
 .text.__vector_52
                0x000015bc       0x5e USART2.o
                0x000015bc                __vector_52
 .text.__vector_51
                0x0000161a       0x56 USART2.o
                0x0000161a                __vector_51
 .text.parseBluetoothManuel
                0x00001670       0xee USART2.o
                0x00001670                parseBluetoothManuel
 .text.parseBluetoothAuto
                0x0000175e      0x130 USART2.o
                0x0000175e                parseBluetoothAuto
 .text.getJoystickGaucheX
                0x0000188e        0xa USART2.o
                0x0000188e                getJoystickGaucheX
 .text.getJoystickGaucheY
                0x00001898        0xa USART2.o
                0x00001898                getJoystickGaucheY
 .text.getBoutonX
                0x000018a2        0x6 USART2.o
                0x000018a2                getBoutonX
 .text.getLon   0x000018a8       0x12 USART2.o
                0x000018a8                getLon
 .text.getLat   0x000018ba       0x12 USART2.o
                0x000018ba                getLat
 .text.parseRxUbxNavPvt
                0x000018cc      0x2c4 ZEDF9P.o
                0x000018cc                parseRxUbxNavPvt
 .text.getNavPvtLat
                0x00001b90       0x1a ZEDF9P.o
                0x00001b90                getNavPvtLat
 .text.getNavPvtLon
                0x00001baa       0x1a ZEDF9P.o
                0x00001baa                getNavPvtLon
 .text.getNavPvtFixType
                0x00001bc4        0x6 ZEDF9P.o
                0x00001bc4                getNavPvtFixType
 .text.calculerChecksum
                0x00001bca       0x2a ZEDF9P.o
                0x00001bca                calculerChecksum
 .text.envoieConfigPortUart1
                0x00001bf4       0x84 ZEDF9P.o
                0x00001bf4                envoieConfigPortUart1
 .text.envoieConfigRate
                0x00001c78       0x6e ZEDF9P.o
                0x00001c78                envoieConfigRate
 .text.envoieConfigMsg
                0x00001ce6       0x68 ZEDF9P.o
                0x00001ce6                envoieConfigMsg
 .text.getNavPvtTime
                0x00001d4e       0xd2 ZEDF9P.o
                0x00001d4e                getNavPvtTime
 .text.avr-libc.fplib
                0x00001e20        0xa c:/program files (x86)/atmel/studio/7.0/toolchain/avr8/avr8-gnu-toolchain/bin/../lib/gcc/avr/5.4.0/../../../../avr/lib/avr6\libm.a(addsf3.o)
                0x00001e20                __subsf3
                0x00001e22                __addsf3
 .text.avr-libc.fplib
                0x00001e2a       0xc0 c:/program files (x86)/atmel/studio/7.0/toolchain/avr8/avr8-gnu-toolchain/bin/../lib/gcc/avr/5.4.0/../../../../avr/lib/avr6\libm.a(addsf3x.o)
                0x00001e44                __addsf3x
 .text.avr-libc.fplib
                0x00001eea        0x4 c:/program files (x86)/atmel/studio/7.0/toolchain/avr8/avr8-gnu-toolchain/bin/../lib/gcc/avr/5.4.0/../../../../avr/lib/avr6\libm.a(divsf3.o)
                0x00001eea                __divsf3
 .text.avr-libc.fplib
                0x00001eee       0xcc c:/program files (x86)/atmel/studio/7.0/toolchain/avr8/avr8-gnu-toolchain/bin/../lib/gcc/avr/5.4.0/../../../../avr/lib/avr6\libm.a(divsf3x.o)
                0x00001f04                __divsf3x
                0x00001f08                __divsf3_pse
 .text.avr-libc.fplib
                0x00001fba       0x58 c:/program files (x86)/atmel/studio/7.0/toolchain/avr8/avr8-gnu-toolchain/bin/../lib/gcc/avr/5.4.0/../../../../avr/lib/avr6\libm.a(fixunssfsi.o)
                0x00001fba                __fixunssfsi
 .text.avr-libc.fplib
                0x00002012       0x7a c:/program files (x86)/atmel/studio/7.0/toolchain/avr8/avr8-gnu-toolchain/bin/../lib/gcc/avr/5.4.0/../../../../avr/lib/avr6\libm.a(floatsisf.o)
                0x00002012                __floatunsisf
                0x00002016                __floatsisf
 .text.avr-libc.fplib
                0x0000208c        0xc c:/program files (x86)/atmel/studio/7.0/toolchain/avr8/avr8-gnu-toolchain/bin/../lib/gcc/avr/5.4.0/../../../../avr/lib/avr6\libm.a(fp_inf.o)
                0x0000208c                __fp_inf
 .text.avr-libc.fplib
                0x00002098        0x6 c:/program files (x86)/atmel/studio/7.0/toolchain/avr8/avr8-gnu-toolchain/bin/../lib/gcc/avr/5.4.0/../../../../avr/lib/avr6\libm.a(fp_nan.o)
                0x00002098                __fp_nan
 .text.avr-libc.fplib
                0x0000209e        0xe c:/program files (x86)/atmel/studio/7.0/toolchain/avr8/avr8-gnu-toolchain/bin/../lib/gcc/avr/5.4.0/../../../../avr/lib/avr6\libm.a(fp_pscA.o)
                0x0000209e                __fp_pscA
 .text.avr-libc.fplib
                0x000020ac        0xe c:/program files (x86)/atmel/studio/7.0/toolchain/avr8/avr8-gnu-toolchain/bin/../lib/gcc/avr/5.4.0/../../../../avr/lib/avr6\libm.a(fp_pscB.o)
                0x000020ac                __fp_pscB
 .text.avr-libc.fplib
                0x000020ba       0x22 c:/program files (x86)/atmel/studio/7.0/toolchain/avr8/avr8-gnu-toolchain/bin/../lib/gcc/avr/5.4.0/../../../../avr/lib/avr6\libm.a(fp_round.o)
                0x000020ba                __fp_round
 .text.avr-libc.fplib
                0x000020dc       0x44 c:/program files (x86)/atmel/studio/7.0/toolchain/avr8/avr8-gnu-toolchain/bin/../lib/gcc/avr/5.4.0/../../../../avr/lib/avr6\libm.a(fp_split3.o)
                0x000020dc                __fp_split3
                0x000020ec                __fp_splitA
 .text.avr-libc.fplib
                0x00002120        0xe c:/program files (x86)/atmel/studio/7.0/toolchain/avr8/avr8-gnu-toolchain/bin/../lib/gcc/avr/5.4.0/../../../../avr/lib/avr6\libm.a(fp_zero.o)
                0x00002120                __fp_zero
                0x00002122                __fp_szero
 .text.avr-libc.fplib
                0x0000212e        0x4 c:/program files (x86)/atmel/studio/7.0/toolchain/avr8/avr8-gnu-toolchain/bin/../lib/gcc/avr/5.4.0/../../../../avr/lib/avr6\libm.a(mulsf3.o)
                0x0000212e                __mulsf3
 .text.avr-libc.fplib
                0x00002132       0xc2 c:/program files (x86)/atmel/studio/7.0/toolchain/avr8/avr8-gnu-toolchain/bin/../lib/gcc/avr/5.4.0/../../../../avr/lib/avr6\libm.a(mulsf3x.o)
                0x00002146                __mulsf3x
                0x0000214a                __mulsf3_pse
 .text.avr-libc
                0x000021f4      0x712 c:/program files (x86)/atmel/studio/7.0/toolchain/avr8/avr8-gnu-toolchain/bin/../lib/gcc/avr/5.4.0/../../../../avr/lib/avr6\libprintf_flt.a(vfprintf_flt.o)
                0x000021f4                vfprintf
 .text.libgcc.div
                0x00002906       0x26 c:/program files (x86)/atmel/studio/7.0/toolchain/avr8/avr8-gnu-toolchain/bin/../lib/gcc/avr/5.4.0/avr6\libgcc.a(_divmodhi4.o)
                0x00002906                _div
                0x00002906                __divmodhi4
 .text.libgcc   0x0000292c       0x10 c:/program files (x86)/atmel/studio/7.0/toolchain/avr8/avr8-gnu-toolchain/bin/../lib/gcc/avr/5.4.0/avr6\libgcc.a(_tablejump2.o)
                0x0000292c                __tablejump2__
 .text.libgcc.div
                0x0000293c       0x28 c:/program files (x86)/atmel/studio/7.0/toolchain/avr8/avr8-gnu-toolchain/bin/../lib/gcc/avr/5.4.0/avr6\libgcc.a(_udivmodhi4.o)
                0x0000293c                __udivmodhi4
 .text.avr-libc
                0x00002964       0x3a c:/program files (x86)/atmel/studio/7.0/toolchain/avr8/avr8-gnu-toolchain/bin/../lib/gcc/avr/5.4.0/../../../../avr/lib/avr6\libc.a(atoi.o)
                0x00002964                atoi
 .text.avr-libc
                0x0000299e       0x4c c:/program files (x86)/atmel/studio/7.0/toolchain/avr8/avr8-gnu-toolchain/bin/../lib/gcc/avr/5.4.0/../../../../avr/lib/avr6\libc.a(atol.o)
                0x0000299e                atol
 .text.avr-libc
                0x000029ea      0x1b0 c:/program files (x86)/atmel/studio/7.0/toolchain/avr8/avr8-gnu-toolchain/bin/../lib/gcc/avr/5.4.0/../../../../avr/lib/avr6\libc.a(ftoa_engine.o)
                0x000029ea                __ftoa_engine
 .text.avr-libc
                0x00002b9a       0x16 c:/program files (x86)/atmel/studio/7.0/toolchain/avr8/avr8-gnu-toolchain/bin/../lib/gcc/avr/5.4.0/../../../../avr/lib/avr6\libc.a(strnlen_P.o)
                0x00002b9a                strnlen_P
 .text.avr-libc
                0x00002bb0       0x16 c:/program files (x86)/atmel/studio/7.0/toolchain/avr8/avr8-gnu-toolchain/bin/../lib/gcc/avr/5.4.0/../../../../avr/lib/avr6\libc.a(strnlen.o)
                0x00002bb0                strnlen
 .text.avr-libc
                0x00002bc6       0x2a c:/program files (x86)/atmel/studio/7.0/toolchain/avr8/avr8-gnu-toolchain/bin/../lib/gcc/avr/5.4.0/../../../../avr/lib/avr6\libc.a(mulsi10.o)
                0x00002bc6                __mulsi_const_10
 .text.avr-libc
                0x00002bf0       0x10 c:/program files (x86)/atmel/studio/7.0/toolchain/avr8/avr8-gnu-toolchain/bin/../lib/gcc/avr/5.4.0/../../../../avr/lib/avr6\libc.a(mul10.o)
                0x00002bf0                __mulhi_const_10
 .text.avr-libc
                0x00002c00       0x78 c:/program files (x86)/atmel/studio/7.0/toolchain/avr8/avr8-gnu-toolchain/bin/../lib/gcc/avr/5.4.0/../../../../avr/lib/avr6\libc.a(fputc.o)
                0x00002c00                fputc
 .text.avr-libc
                0x00002c78       0x5c c:/program files (x86)/atmel/studio/7.0/toolchain/avr8/avr8-gnu-toolchain/bin/../lib/gcc/avr/5.4.0/../../../../avr/lib/avr6\libc.a(sprintf.o)
                0x00002c78                sprintf
 .text.avr-libc
                0x00002cd4       0xbc c:/program files (x86)/atmel/studio/7.0/toolchain/avr8/avr8-gnu-toolchain/bin/../lib/gcc/avr/5.4.0/../../../../avr/lib/avr6\libc.a(ultoa_invert.o)
                0x00002cd4                __ultoa_invert
                0x00002d90                . = ALIGN (0x2)
 *(.fini9)
 .fini9         0x00002d90        0x0 c:/program files (x86)/atmel/studio/7.0/toolchain/avr8/avr8-gnu-toolchain/bin/../lib/gcc/avr/5.4.0/avr6\libgcc.a(_exit.o)
                0x00002d90                _exit
                0x00002d90                exit
 *(.fini9)
 *(.fini8)
 *(.fini8)
 *(.fini7)
 *(.fini7)
 *(.fini6)
 *(.fini6)
 *(.fini5)
 *(.fini5)
 *(.fini4)
 *(.fini4)
 *(.fini3)
 *(.fini3)
 *(.fini2)
 *(.fini2)
 *(.fini1)
 *(.fini1)
 *(.fini0)
 .fini0         0x00002d90        0x4 c:/program files (x86)/atmel/studio/7.0/toolchain/avr8/avr8-gnu-toolchain/bin/../lib/gcc/avr/5.4.0/avr6\libgcc.a(_exit.o)
 *(.fini0)
                0x00002d94                _etext = .

.data           0x00800200       0xbe load address 0x00002d94
                0x00800200                PROVIDE (__data_start, .)
 *(.data)
 *(.data*)
 .data.refreshManuel
                0x00800200        0x1 main.o
                0x00800200                refreshManuel
 .data.password
                0x00800201        0x4 main.o
                0x00800201                password
 .data.refreshDist
                0x00800205        0x1 main.o
                0x00800205                refreshDist
 .data.setRate  0x00800206        0xe main.o
                0x00800206                setRate
 .data.id       0x00800214        0x1 ZEDF9P.o
                0x00800214                id
 *(.gnu.linkonce.d*)
 *(.rodata)
 *(.rodata*)
 .rodata.str1.1
                0x00800215       0xa8 main.o
                                 0xbb (size before relaxing)
 .rodata.str1.1
                0x008002bd       0x1c ZEDF9P.o
 *(.gnu.linkonce.r*)
                0x008002da                . = ALIGN (0x2)
 *fill*         0x008002bd        0x1 
                0x008002be                _edata = .
                0x008002be                PROVIDE (__data_end, .)

.bss            0x008002be      0x886
                0x008002be                PROVIDE (__bss_start, .)
 *(.bss)
 *(.bss*)
 .bss.temp      0x008002be        0x2 LiDAR.o
                0x008002be                temp
 .bss.amp       0x008002c0        0x2 LiDAR.o
                0x008002c0                amp
 .bss.dist      0x008002c2        0x2 LiDAR.o
                0x008002c2                dist
 .bss.retour    0x008002c4        0x1 LiDAR.o
                0x008002c4                retour
 .bss.checksum  0x008002c5        0x1 LiDAR.o
                0x008002c5                checksum
 .bss.indexPayload2
                0x008002c6        0x1 LiDAR.o
                0x008002c6                indexPayload2
 .bss.indexTrame2
                0x008002c7        0x1 LiDAR.o
                0x008002c7                indexTrame2
 .bss.state2    0x008002c8        0x1 LiDAR.o
                0x008002c8                state2
 .bss.refreshLCD
                0x008002c9        0x1 main.o
                0x008002c9                refreshLCD
 .bss.refreshClavier
                0x008002ca        0x1 main.o
                0x008002ca                refreshClavier
 .bss.cntDixiemeDeSecLCD
                0x008002cb        0x2 main.o
                0x008002cb                cntDixiemeDeSecLCD
 .bss.cntDixiemeDeSec
                0x008002cd        0x1 main.o
                0x008002cd                cntDixiemeDeSec
 .bss.modeActuel
                0x008002ce        0x1 main.o
                0x008002ce                modeActuel
 .bss.minutesCoupe
                0x008002cf        0x1 main.o
                0x008002cf                minutesCoupe
 .bss.heureCoupe
                0x008002d0        0x1 main.o
                0x008002d0                heureCoupe
 .bss.setTemps  0x008002d1        0x1 main.o
                0x008002d1                setTemps
 .bss.set       0x008002d2        0x1 main.o
                0x008002d2                set
 .bss.cntMenu   0x008002d3        0x1 main.o
                0x008002d3                cntMenu
 .bss.modeTondeuse
                0x008002d4        0x1 main.o
                0x008002d4                modeTondeuse
 .bss.passwordValid
                0x008002d5        0x1 main.o
                0x008002d5                passwordValid
 .bss.cntPassword
                0x008002d6        0x1 main.o
                0x008002d6                cntPassword
 .bss.lastKey   0x008002d7        0x1 main.o
                0x008002d7                lastKey
 .bss.key       0x008002d8        0x1 main.o
                0x008002d8                key
 .bss.vitesseMoteurD
                0x008002d9        0x2 main.o
                0x008002d9                vitesseMoteurD
 .bss.vitesseMoteurG
                0x008002db        0x2 main.o
                0x008002db                vitesseMoteurG
 .bss.triAdc    0x008002dd        0x1 main.o
                0x008002dd                triAdc
 .bss.receptionAdc
                0x008002de        0x2 main.o
                0x008002de                receptionAdc
 .bss.joysticY  0x008002e0        0x2 main.o
                0x008002e0                joysticY
 .bss.joysticX  0x008002e2        0x2 main.o
                0x008002e2                joysticX
 .bss.encodeurDCnt
                0x008002e4        0x2 main.o
                0x008002e4                encodeurDCnt
 .bss.encodeurGCnt
                0x008002e6        0x2 main.o
                0x008002e6                encodeurGCnt
 .bss.encodeurEtatPrecedent2
                0x008002e8        0x1 main.o
                0x008002e8                encodeurEtatPrecedent2
 .bss.encodeurEtatPrecedent
                0x008002e9        0x1 main.o
                0x008002e9                encodeurEtatPrecedent
 .bss.dataLiDAR
                0x008002ea        0x1 main.o
                0x008002ea                dataLiDAR
 .bss.cnt2      0x008002eb        0x1 main.o
                0x008002eb                cnt2
 .bss.cnt1      0x008002ec        0x1 main.o
                0x008002ec                cnt1
 .bss.dataBluetooth
                0x008002ed        0x1 main.o
                0x008002ed                dataBluetooth
 .bss.rxContentLiDAR
                0x008002ee        0x1 USART0.o
                0x008002ee                rxContentLiDAR
 .bss.txCntLiDAR
                0x008002ef        0x1 USART0.o
                0x008002ef                txCntLiDAR
 .bss.rxCntLiDAR
                0x008002f0        0x1 USART0.o
                0x008002f0                rxCntLiDAR
 .bss.rxBufferOutLiDAR
                0x008002f1        0x1 USART0.o
                0x008002f1                rxBufferOutLiDAR
 .bss.txBufferOutLiDAR
                0x008002f2        0x1 USART0.o
                0x008002f2                txBufferOutLiDAR
 .bss.rxBufferInLiDAR
                0x008002f3        0x1 USART0.o
                0x008002f3                rxBufferInLiDAR
 .bss.rxContentGPS
                0x008002f4        0x1 USART1.o
                0x008002f4                rxContentGPS
 .bss.txCntGPS  0x008002f5        0x1 USART1.o
                0x008002f5                txCntGPS
 .bss.rxCntGPS  0x008002f6        0x1 USART1.o
                0x008002f6                rxCntGPS
 .bss.rxBufferOutGPS
                0x008002f7        0x1 USART1.o
                0x008002f7                rxBufferOutGPS
 .bss.txBufferOutGPS
                0x008002f8        0x1 USART1.o
                0x008002f8                txBufferOutGPS
 .bss.rxBufferInGPS
                0x008002f9        0x1 USART1.o
                0x008002f9                rxBufferInGPS
 .bss.txBufferInGPS
                0x008002fa        0x1 USART1.o
                0x008002fa                txBufferInGPS
 .bss.longitudeRx
                0x008002fb        0x4 USART2.o
                0x008002fb                longitudeRx
 .bss.latitudeRx
                0x008002ff        0x4 USART2.o
                0x008002ff                latitudeRx
 .bss.z         0x00800303        0x1 USART2.o
                0x00800303                z
 .bss.status    0x00800304        0x1 USART2.o
                0x00800304                status
 .bss.boutonTriangle
                0x00800305        0x1 USART2.o
                0x00800305                boutonTriangle
 .bss.boutonO   0x00800306        0x1 USART2.o
                0x00800306                boutonO
 .bss.boutonX   0x00800307        0x1 USART2.o
                0x00800307                boutonX
 .bss.tabY      0x00800308        0x5 USART2.o
                0x00800308                tabY
 .bss.tabX      0x0080030d        0x5 USART2.o
                0x0080030d                tabX
 .bss.indexBluetoothProg
                0x00800312        0x1 USART2.o
                0x00800312                indexBluetoothProg
 .bss.indexBluetooth
                0x00800313        0x1 USART2.o
                0x00800313                indexBluetooth
 .bss.etatProg  0x00800314        0x1 USART2.o
                0x00800314                etatProg
 .bss.etats     0x00800315        0x1 USART2.o
                0x00800315                etats
 .bss.rxContentBluetooth
                0x00800316        0x1 USART2.o
                0x00800316                rxContentBluetooth
 .bss.txCntBluetooth
                0x00800317        0x1 USART2.o
                0x00800317                txCntBluetooth
 .bss.rxCntBluetooth
                0x00800318        0x1 USART2.o
                0x00800318                rxCntBluetooth
 .bss.rxBufferOutBluetooth
                0x00800319        0x1 USART2.o
                0x00800319                rxBufferOutBluetooth
 .bss.txBufferOutBluetooth
                0x0080031a        0x1 USART2.o
                0x0080031a                txBufferOutBluetooth
 .bss.rxBufferInBluetooth
                0x0080031b        0x1 USART2.o
                0x0080031b                rxBufferInBluetooth
 .bss.txBufferInBluetooth
                0x0080031c        0x1 USART2.o
                0x0080031c                txBufferInBluetooth
 .bss.length    0x0080031d        0x1 ZEDF9P.o
                0x0080031d                length
 .bss.retour2   0x0080031e        0x1 ZEDF9P.o
                0x0080031e                retour2
 .bss.checksumB
                0x0080031f        0x1 ZEDF9P.o
                0x0080031f                checksumB
 .bss.checksumA
                0x00800320        0x1 ZEDF9P.o
                0x00800320                checksumA
 .bss.indexPayload
                0x00800321        0x1 ZEDF9P.o
                0x00800321                indexPayload
 .bss.indexTrame
                0x00800322        0x1 ZEDF9P.o
                0x00800322                indexTrame
 .bss.ackConfigOdo
                0x00800323        0x1 ZEDF9P.o
                0x00800323                ackConfigOdo
 .bss.ackConfigMsg
                0x00800324        0x1 ZEDF9P.o
                0x00800324                ackConfigMsg
 .bss.ackConfigRate
                0x00800325        0x1 ZEDF9P.o
                0x00800325                ackConfigRate
 .bss.ackConfigUart1
                0x00800326        0x1 ZEDF9P.o
                0x00800326                ackConfigUart1
 .bss.state     0x00800327        0x1 ZEDF9P.o
                0x00800327                state
 *(COMMON)
 COMMON         0x00800328       0x12 LiDAR.o
                0x00800328                trameLidarValide
                0x00800331                trameLidar
 COMMON         0x0080033a      0x2eb main.o
                0x0080033a                tabLatMem
                0x0080047a                cnt
                0x0080047b                tabLonMem
                0x008005bb                msgEncoD
                0x008005c3                msg
                0x008005cb                msgGpsLat
                0x008005db                msgEncoG
                0x008005e3                msgGpsLon
                0x008005f3                essaiUser
                0x008005f7                msgLiDAR
                0x0080060b                msgTime
                0x0080061f                dataGps
                0x00800620                tempsCoupe
 COMMON         0x00800625       0x81 USART0.o
                0x00800625                txBufferLiDAR
                0x00800665                rxBufferLiDAR
                0x008006a5                _usartRxTmpLiDAR
 COMMON         0x008006a6      0x101 USART1.o
                0x008006a6                txBufferGPS
                0x00800726                _usartRxTmpGps
                0x00800727                rxBufferGPS
 COMMON         0x008007a7      0x294 USART2.o
                0x008007a7                _usartRxTmpBluetooth
                0x008007a8                trameBluetoothValide
                0x008007e8                trameBluetoothRx
                0x00800828                tabLat4
                0x00800831                tabLon4
                0x0080083b                txBufferBluetooth
                0x0080093b                rxBufferBluetooth
 COMMON         0x00800a3b      0x109 ZEDF9P.o
                0x00800a3b                trameGpsNavOdoValide
                0x00800a57                trameGpsNavPosllhValide
                0x00800a7b                trameGpsRx
                0x00800adf                trameGpsNavPvtValide
                0x00800b43                trame
                0x00800b44                PROVIDE (__bss_end, .)
                0x00002d94                __data_load_start = LOADADDR (.data)
                0x00002e52                __data_load_end = (__data_load_start + SIZEOF (.data))

.noinit         0x00800b44        0x0
                [!provide]                PROVIDE (__noinit_start, .)
 *(.noinit*)
                [!provide]                PROVIDE (__noinit_end, .)
                0x00800b44                _end = .
                [!provide]                PROVIDE (__heap_start, .)

.eeprom         0x00810000        0x0
 *(.eeprom*)
                0x00810000                __eeprom_end = .

.fuse
 *(.fuse)
 *(.lfuse)
 *(.hfuse)
 *(.efuse)

.lock
 *(.lock*)

.signature
 *(.signature*)

.user_signatures
 *(.user_signatures*)

.stab
 *(.stab)

.stabstr
 *(.stabstr)

.stab.excl
 *(.stab.excl)

.stab.exclstr
 *(.stab.exclstr)

.stab.index
 *(.stab.index)

.stab.indexstr
 *(.stab.indexstr)

.comment        0x00000000       0x5c
 *(.comment)
 .comment       0x00000000       0x30 lcd.o
                                 0x31 (size before relaxing)
 .comment       0x00000030       0x31 LiDAR.o
 .comment       0x00000030       0x31 main.o
 .comment       0x00000030       0x31 USART0.o
 .comment       0x00000030       0x31 USART1.o
 .comment       0x00000030       0x31 USART2.o
 .comment       0x00000030       0x31 ZEDF9P.o
 .comment       0x00000030       0x2c c:/program files (x86)/atmel/studio/7.0/toolchain/avr8/avr8-gnu-toolchain/bin/../lib/gcc/avr/5.4.0/../../../../avr/lib/avr6\libprintf_flt.a(vfprintf_flt.o)
                                 0x2d (size before relaxing)
 .comment       0x0000005c       0x31 c:/program files (x86)/atmel/studio/7.0/toolchain/avr8/avr8-gnu-toolchain/bin/../lib/gcc/avr/5.4.0/../../../../avr/lib/avr6\libc.a(fputc.o)
 .comment       0x0000005c       0x31 c:/program files (x86)/atmel/studio/7.0/toolchain/avr8/avr8-gnu-toolchain/bin/../lib/gcc/avr/5.4.0/../../../../avr/lib/avr6\libc.a(sprintf.o)

.note.gnu.avr.deviceinfo
                0x00000000       0x40
 .note.gnu.avr.deviceinfo
                0x00000000       0x40 C:/Program Files (x86)/Atmel/Studio/7.0/Packs/atmel/ATmega_DFP/1.7.374/gcc/dev/atmega2560/avr6/crtatmega2560.o

.note.gnu.build-id
 *(.note.gnu.build-id)

.debug
 *(.debug)

.line
 *(.line)

.debug_srcinfo
 *(.debug_srcinfo)

.debug_sfnames
 *(.debug_sfnames)

.debug_aranges  0x00000000      0x300
 *(.debug_aranges)
 .debug_aranges
                0x00000000       0x50 lcd.o
 .debug_aranges
                0x00000050       0x38 LiDAR.o
 .debug_aranges
                0x00000088       0x58 main.o
 .debug_aranges
                0x000000e0       0x58 USART0.o
 .debug_aranges
                0x00000138       0x58 USART1.o
 .debug_aranges
                0x00000190       0x98 USART2.o
 .debug_aranges
                0x00000228       0xd8 ZEDF9P.o

.debug_pubnames
 *(.debug_pubnames)

.debug_info     0x00000000     0x30f8
 *(.debug_info .gnu.linkonce.wi.*)
 .debug_info    0x00000000      0xbbc C:/Program Files (x86)/Atmel/Studio/7.0/Packs/atmel/ATmega_DFP/1.7.374/gcc/dev/atmega2560/avr6/crtatmega2560.o
 .debug_info    0x00000bbc      0x5dd lcd.o
 .debug_info    0x00001199      0x21a LiDAR.o
 .debug_info    0x000013b3      0x64b main.o
 .debug_info    0x000019fe      0x336 USART0.o
 .debug_info    0x00001d34      0x336 USART1.o
 .debug_info    0x0000206a      0x698 USART2.o
 .debug_info    0x00002702      0x9f6 ZEDF9P.o

.debug_abbrev   0x00000000     0x162e
 *(.debug_abbrev)
 .debug_abbrev  0x00000000      0xb1a C:/Program Files (x86)/Atmel/Studio/7.0/Packs/atmel/ATmega_DFP/1.7.374/gcc/dev/atmega2560/avr6/crtatmega2560.o
 .debug_abbrev  0x00000b1a      0x1a4 lcd.o
 .debug_abbrev  0x00000cbe       0xeb LiDAR.o
 .debug_abbrev  0x00000da9      0x196 main.o
 .debug_abbrev  0x00000f3f      0x143 USART0.o
 .debug_abbrev  0x00001082      0x143 USART1.o
 .debug_abbrev  0x000011c5      0x1f7 USART2.o
 .debug_abbrev  0x000013bc      0x272 ZEDF9P.o

.debug_line     0x00000000     0x2056
 *(.debug_line .debug_line.* .debug_line_end)
 .debug_line    0x00000000      0x1fa C:/Program Files (x86)/Atmel/Studio/7.0/Packs/atmel/ATmega_DFP/1.7.374/gcc/dev/atmega2560/avr6/crtatmega2560.o
 .debug_line    0x000001fa      0x309 lcd.o
 .debug_line    0x00000503      0x1bb LiDAR.o
 .debug_line    0x000006be      0x907 main.o
 .debug_line    0x00000fc5      0x277 USART0.o
 .debug_line    0x0000123c      0x277 USART1.o
 .debug_line    0x000014b3      0x4fc USART2.o
 .debug_line    0x000019af      0x6a7 ZEDF9P.o

.debug_frame    0x00000000      0x9cc
 *(.debug_frame)
 .debug_frame   0x00000000       0xa0 lcd.o
 .debug_frame   0x000000a0       0x54 LiDAR.o
 .debug_frame   0x000000f4      0x238 main.o
 .debug_frame   0x0000032c      0x134 USART0.o
 .debug_frame   0x00000460      0x134 USART1.o
 .debug_frame   0x00000594      0x1d0 USART2.o
 .debug_frame   0x00000764      0x268 ZEDF9P.o

.debug_str      0x00000000     0x12f8
 *(.debug_str)
 .debug_str     0x00000000      0x3e6 C:/Program Files (x86)/Atmel/Studio/7.0/Packs/atmel/ATmega_DFP/1.7.374/gcc/dev/atmega2560/avr6/crtatmega2560.o
 .debug_str     0x000003e6      0x21d lcd.o
                                0x256 (size before relaxing)
 .debug_str     0x00000603       0xd8 LiDAR.o
                                0x275 (size before relaxing)
 .debug_str     0x000006db      0x291 main.o
                                0x48b (size before relaxing)
 .debug_str     0x0000096c      0x16a USART0.o
                                0x329 (size before relaxing)
 .debug_str     0x00000ad6      0x133 USART1.o
                                0x31b (size before relaxing)
 .debug_str     0x00000c09      0x2c1 USART2.o
                                0x4ba (size before relaxing)
 .debug_str     0x00000eca      0x42e ZEDF9P.o
                                0x634 (size before relaxing)

.debug_loc      0x00000000     0x2287
 *(.debug_loc)
 .debug_loc     0x00000000      0x4ac lcd.o
 .debug_loc     0x000004ac       0x8e LiDAR.o
 .debug_loc     0x0000053a      0x6bf main.o
 .debug_loc     0x00000bf9      0x3cd USART0.o
 .debug_loc     0x00000fc6      0x3cd USART1.o
 .debug_loc     0x00001393      0x610 USART2.o
 .debug_loc     0x000019a3      0x8e4 ZEDF9P.o

.debug_macinfo
 *(.debug_macinfo)

.debug_weaknames
 *(.debug_weaknames)

.debug_funcnames
 *(.debug_funcnames)

.debug_typenames
 *(.debug_typenames)

.debug_varnames
 *(.debug_varnames)

.debug_pubtypes
 *(.debug_pubtypes)

.debug_ranges   0x00000000      0x3b0
 *(.debug_ranges)
 .debug_ranges  0x00000000       0x40 lcd.o
 .debug_ranges  0x00000040       0x40 LiDAR.o
 .debug_ranges  0x00000080       0x78 main.o
 .debug_ranges  0x000000f8       0x78 USART0.o
 .debug_ranges  0x00000170       0x78 USART1.o
 .debug_ranges  0x000001e8       0xd0 USART2.o
 .debug_ranges  0x000002b8       0xf8 ZEDF9P.o

.debug_macro
 *(.debug_macro)
OUTPUT(Programme principal robot tondeuse.elf elf32-avr)
LOAD linker stubs
