Archive member included to satisfy reference by file (symbol)

c:/program files (x86)/atmel/studio/7.0/toolchain/avr8/avr8-gnu-toolchain/bin/../lib/gcc/avr/5.4.0/../../../../avr/lib/avr6\libm.a(addsf3.o)
                              I2C.o (__subsf3)
c:/program files (x86)/atmel/studio/7.0/toolchain/avr8/avr8-gnu-toolchain/bin/../lib/gcc/avr/5.4.0/../../../../avr/lib/avr6\libm.a(addsf3x.o)
                              c:/program files (x86)/atmel/studio/7.0/toolchain/avr8/avr8-gnu-toolchain/bin/../lib/gcc/avr/5.4.0/../../../../avr/lib/avr6\libm.a(addsf3.o) (__addsf3x)
c:/program files (x86)/atmel/studio/7.0/toolchain/avr8/avr8-gnu-toolchain/bin/../lib/gcc/avr/5.4.0/../../../../avr/lib/avr6\libm.a(atan2.o)
                              I2C.o (atan2)
c:/program files (x86)/atmel/studio/7.0/toolchain/avr8/avr8-gnu-toolchain/bin/../lib/gcc/avr/5.4.0/../../../../avr/lib/avr6\libm.a(atan.o)
                              c:/program files (x86)/atmel/studio/7.0/toolchain/avr8/avr8-gnu-toolchain/bin/../lib/gcc/avr/5.4.0/../../../../avr/lib/avr6\libm.a(atan2.o) (atan)
c:/program files (x86)/atmel/studio/7.0/toolchain/avr8/avr8-gnu-toolchain/bin/../lib/gcc/avr/5.4.0/../../../../avr/lib/avr6\libm.a(cmpsf2.o)
                              I2C.o (__ltsf2)
c:/program files (x86)/atmel/studio/7.0/toolchain/avr8/avr8-gnu-toolchain/bin/../lib/gcc/avr/5.4.0/../../../../avr/lib/avr6\libm.a(cos.o)
                              I2C.o (cos)
c:/program files (x86)/atmel/studio/7.0/toolchain/avr8/avr8-gnu-toolchain/bin/../lib/gcc/avr/5.4.0/../../../../avr/lib/avr6\libm.a(divsf3.o)
                              I2C.o (__divsf3)
c:/program files (x86)/atmel/studio/7.0/toolchain/avr8/avr8-gnu-toolchain/bin/../lib/gcc/avr/5.4.0/../../../../avr/lib/avr6\libm.a(divsf3x.o)
                              c:/program files (x86)/atmel/studio/7.0/toolchain/avr8/avr8-gnu-toolchain/bin/../lib/gcc/avr/5.4.0/../../../../avr/lib/avr6\libm.a(divsf3.o) (__divsf3x)
c:/program files (x86)/atmel/studio/7.0/toolchain/avr8/avr8-gnu-toolchain/bin/../lib/gcc/avr/5.4.0/../../../../avr/lib/avr6\libm.a(fixsfsi.o)
                              I2C.o (__fixsfsi)
c:/program files (x86)/atmel/studio/7.0/toolchain/avr8/avr8-gnu-toolchain/bin/../lib/gcc/avr/5.4.0/../../../../avr/lib/avr6\libm.a(fixunssfsi.o)
                              USART0.o (__fixunssfsi)
c:/program files (x86)/atmel/studio/7.0/toolchain/avr8/avr8-gnu-toolchain/bin/../lib/gcc/avr/5.4.0/../../../../avr/lib/avr6\libm.a(floatsisf.o)
                              main.o (__floatunsisf)
c:/program files (x86)/atmel/studio/7.0/toolchain/avr8/avr8-gnu-toolchain/bin/../lib/gcc/avr/5.4.0/../../../../avr/lib/avr6\libm.a(fmod.o)
                              I2C.o (fmod)
c:/program files (x86)/atmel/studio/7.0/toolchain/avr8/avr8-gnu-toolchain/bin/../lib/gcc/avr/5.4.0/../../../../avr/lib/avr6\libm.a(fp_cmp.o)
                              c:/program files (x86)/atmel/studio/7.0/toolchain/avr8/avr8-gnu-toolchain/bin/../lib/gcc/avr/5.4.0/../../../../avr/lib/avr6\libm.a(cmpsf2.o) (__fp_cmp)
c:/program files (x86)/atmel/studio/7.0/toolchain/avr8/avr8-gnu-toolchain/bin/../lib/gcc/avr/5.4.0/../../../../avr/lib/avr6\libm.a(fp_inf.o)
                              c:/program files (x86)/atmel/studio/7.0/toolchain/avr8/avr8-gnu-toolchain/bin/../lib/gcc/avr/5.4.0/../../../../avr/lib/avr6\libm.a(addsf3x.o) (__fp_inf)
c:/program files (x86)/atmel/studio/7.0/toolchain/avr8/avr8-gnu-toolchain/bin/../lib/gcc/avr/5.4.0/../../../../avr/lib/avr6\libm.a(fp_mpack.o)
                              c:/program files (x86)/atmel/studio/7.0/toolchain/avr8/avr8-gnu-toolchain/bin/../lib/gcc/avr/5.4.0/../../../../avr/lib/avr6\libm.a(fmod.o) (__fp_mpack)
c:/program files (x86)/atmel/studio/7.0/toolchain/avr8/avr8-gnu-toolchain/bin/../lib/gcc/avr/5.4.0/../../../../avr/lib/avr6\libm.a(fp_nan.o)
                              c:/program files (x86)/atmel/studio/7.0/toolchain/avr8/avr8-gnu-toolchain/bin/../lib/gcc/avr/5.4.0/../../../../avr/lib/avr6\libm.a(addsf3x.o) (__fp_nan)
c:/program files (x86)/atmel/studio/7.0/toolchain/avr8/avr8-gnu-toolchain/bin/../lib/gcc/avr/5.4.0/../../../../avr/lib/avr6\libm.a(fp_powser.o)
                              c:/program files (x86)/atmel/studio/7.0/toolchain/avr8/avr8-gnu-toolchain/bin/../lib/gcc/avr/5.4.0/../../../../avr/lib/avr6\libm.a(atan.o) (__fp_powser)
c:/program files (x86)/atmel/studio/7.0/toolchain/avr8/avr8-gnu-toolchain/bin/../lib/gcc/avr/5.4.0/../../../../avr/lib/avr6\libm.a(fp_pscA.o)
                              c:/program files (x86)/atmel/studio/7.0/toolchain/avr8/avr8-gnu-toolchain/bin/../lib/gcc/avr/5.4.0/../../../../avr/lib/avr6\libm.a(addsf3x.o) (__fp_pscA)
c:/program files (x86)/atmel/studio/7.0/toolchain/avr8/avr8-gnu-toolchain/bin/../lib/gcc/avr/5.4.0/../../../../avr/lib/avr6\libm.a(fp_pscB.o)
                              c:/program files (x86)/atmel/studio/7.0/toolchain/avr8/avr8-gnu-toolchain/bin/../lib/gcc/avr/5.4.0/../../../../avr/lib/avr6\libm.a(addsf3x.o) (__fp_pscB)
[...]
Memory Configuration

Name             Origin             Length             Attributes
text             0x00000000         0x00040000         xr
data             0x00800200         0x00002000         rw !x
eeprom           0x00810000         0x00001000         rw !x
fuse             0x00820000         0x00000003         rw !x
lock             0x00830000         0x00000400         rw !x
signature        0x00840000         0x00000400         rw !x
user_signatures  0x00850000         0x00000400         rw !x
*default*        0x00000000         0xffffffff

Linker script and memory map

Address of section .data set to 0x800200
LOAD C:/Program Files (x86)/Atmel/Studio/7.0/Packs/atmel/ATmega_DFP/1.7.374/gcc/dev/atmega2560/avr6/crtatmega2560.o
LOAD I2C.o
LOAD lcd.o
LOAD LiDAR.o
LOAD main.o
LOAD USART0.o
LOAD USART1.o
LOAD USART2.o
LOAD ZEDF9P.o
START GROUP
LOAD c:/program files (x86)/atmel/studio/7.0/toolchain/avr8/avr8-gnu-toolchain/bin/../lib/gcc/avr/5.4.0/../../../../avr/lib/avr6\libm.a
END GROUP
LOAD c:/program files (x86)/atmel/studio/7.0/toolchain/avr8/avr8-gnu-toolchain/bin/../lib/gcc/avr/5.4.0/../../../../avr/lib/avr6\libprintf_flt.a
START GROUP
LOAD c:/program files (x86)/atmel/studio/7.0/toolchain/avr8/avr8-gnu-toolchain/bin/../lib/gcc/avr/5.4.0/avr6\libgcc.a
LOAD c:/program files (x86)/atmel/studio/7.0/toolchain/avr8/avr8-gnu-toolchain/bin/../lib/gcc/avr/5.4.0/../../../../avr/lib/avr6\libm.a
LOAD c:/program files (x86)/atmel/studio/7.0/toolchain/avr8/avr8-gnu-toolchain/bin/../lib/gcc/avr/5.4.0/../../../../avr/lib/avr6\libc.a
LOAD C:/Program Files (x86)/Atmel/Studio/7.0/Packs/atmel/ATmega_DFP/1.7.374/gcc/dev/atmega2560/avr6\libatmega2560.a
END GROUP
                0x00000000                __TEXT_REGION_ORIGIN__ = DEFINED (__TEXT_REGION_ORIGIN__)?__TEXT_REGION_ORIGIN__:0x0
                [0x00800200]                __DATA_REGION_ORIGIN__ = DEFINED (__DATA_REGION_ORIGIN__)?__DATA_REGION_ORIGIN__:0x800200
                [0x00040000]                __TEXT_REGION_LENGTH__ = DEFINED (__TEXT_REGION_LENGTH__)?__TEXT_REGION_LENGTH__:0x100000
                [0x00002000]                __DATA_REGION_LENGTH__ = DEFINED (__DATA_REGION_LENGTH__)?__DATA_REGION_LENGTH__:0xfe00
                [0x00001000]                __EEPROM_REGION_LENGTH__ = DEFINED (__EEPROM_REGION_LENGTH__)?__EEPROM_REGION_LENGTH__:0x10000
                [0x00000003]                __FUSE_REGION_LENGTH__ = DEFINED (__FUSE_REGION_LENGTH__)?__FUSE_REGION_LENGTH__:0x400
                0x00000400                __LOCK_REGION_LENGTH__ = DEFINED (__LOCK_REGION_LENGTH__)?__LOCK_REGION_LENGTH__:0x400
                0x00000400                __SIGNATURE_REGION_LENGTH__ = DEFINED (__SIGNATURE_REGION_LENGTH__)?__SIGNATURE_REGION_LENGTH__:0x400
                0x00000400                __USER_SIGNATURE_REGION_LENGTH__ = DEFINED (__USER_SIGNATURE_REGION_LENGTH__)?__USER_SIGNATURE_REGION_LENGTH__:0x400

.hash
 *(.hash)

.dynsym
 *(.dynsym)

.dynstr
 *(.dynstr)

.gnu.version
 *(.gnu.version)

.gnu.version_d
 *(.gnu.version_d)

.gnu.version_r
 *(.gnu.version_r)

.rel.init
 *(.rel.init)

.rela.init
 *(.rela.init)

.rel.text
 *(.rel.text)
 *(.rel.text.*)
 *(.rel.gnu.linkonce.t*)

.rela.text
 *(.rela.text)
 *(.rela.text.*)
 *(.rela.gnu.linkonce.t*)

.rel.fini
 *(.rel.fini)

.rela.fini
 *(.rela.fini)

.rel.rodata
 *(.rel.rodata)
 *(.rel.rodata.*)
 *(.rel.gnu.linkonce.r*)

.rela.rodata
 *(.rela.rodata)
 *(.rela.rodata.*)
 *(.rela.gnu.linkonce.r*)

.rel.data
 *(.rel.data)
 *(.rel.data.*)
 *(.rel.gnu.linkonce.d*)

.rela.data
 *(.rela.data)
 *(.rela.data.*)
 *(.rela.gnu.linkonce.d*)

.rel.ctors
 *(.rel.ctors)

.rela.ctors
 *(.rela.ctors)

.rel.dtors
 *(.rel.dtors)

.rela.dtors
 *(.rela.dtors)

.rel.got
 *(.rel.got)

.rela.got
 *(.rela.got)

.rel.bss
 *(.rel.bss)

.rela.bss
 *(.rela.bss)

.rel.plt
 *(.rel.plt)

.rela.plt
 *(.rela.plt)

.text           0x00000000     0x366e
 *(.vectors)
 .vectors       0x00000000       0xe4 C:/Program Files (x86)/Atmel/Studio/7.0/Packs/atmel/ATmega_DFP/1.7.374/gcc/dev/atmega2560/avr6/crtatmega2560.o
                0x00000000                __vector_default
                0x00000000                __vectors
 *(.vectors)
 *(.progmem.gcc*)
 .progmem.gcc_sw_table.__vector_39
                0x000000e4       0xa2 I2C.o
 .progmem.gcc_sw_table.parseRxUbxNavPvt
                0x00000186       0x10 ZEDF9P.o
                0x00000196                . = ALIGN (0x2)
                0x00000196                __trampolines_start = .
 *(.trampolines)
 .trampolines   0x00000196        0x0 linker stubs
 *(.trampolines*)
                0x00000196                __trampolines_end = .
 *libprintf_flt.a:*(.progmem.data)
 .progmem.data  0x00000196        0x8 c:/program files (x86)/atmel/studio/7.0/toolchain/avr8/avr8-gnu-toolchain/bin/../lib/gcc/avr/5.4.0/../../../../avr/lib/avr6\libprintf_flt.a(vfprintf_flt.o)
 *libc.a:*(.progmem.data)
 .progmem.data  0x0000019e       0xfa c:/program files (x86)/atmel/studio/7.0/toolchain/avr8/avr8-gnu-toolchain/bin/../lib/gcc/avr/5.4.0/../../../../avr/lib/avr6\libc.a(ftoa_engine.o)
 *(.progmem*)
                0x00000298                . = ALIGN (0x2)
 *(.jumptables)
 *(.jumptables*)
 *(.lowtext)
 *(.lowtext*)
                0x00000298                __ctors_start = .
 *(.ctors)
                0x00000298                __ctors_end = .
                0x00000298                __dtors_start = .
 *(.dtors)
                0x00000298                __dtors_end = .
 SORT(*)(.ctors)
 SORT(*)(.dtors)
 *(.init0)
 .init0         0x00000298        0x0 C:/Program Files (x86)/Atmel/Studio/7.0/Packs/atmel/ATmega_DFP/1.7.374/gcc/dev/atmega2560/avr6/crtatmega2560.o
                0x00000298                __init
 *(.init0)
 *(.init1)
 *(.init1)
 *(.init2)
 .init2         0x00000298       0x10 C:/Program Files (x86)/Atmel/Studio/7.0/Packs/atmel/ATmega_DFP/1.7.374/gcc/dev/atmega2560/avr6/crtatmega2560.o
 *(.init2)
 *(.init3)
 *(.init3)
 *(.init4)
 .init4         0x000002a8       0x1a c:/program files (x86)/atmel/studio/7.0/toolchain/avr8/avr8-gnu-toolchain/bin/../lib/gcc/avr/5.4.0/avr6\libgcc.a(_copy_data.o)
                0x000002a8                __do_copy_data
 .init4         0x000002c2       0x10 c:/program files (x86)/atmel/studio/7.0/toolchain/avr8/avr8-gnu-toolchain/bin/../lib/gcc/avr/5.4.0/avr6\libgcc.a(_clear_bss.o)
                0x000002c2                __do_clear_bss
 *(.init4)
 *(.init5)
 *(.init5)
 *(.init6)
 *(.init6)
 *(.init7)
 *(.init7)
 *(.init8)
 *(.init8)
 *(.init9)
 .init9         0x000002d2        0x6 C:/Program Files (x86)/Atmel/Studio/7.0/Packs/atmel/ATmega_DFP/1.7.374/gcc/dev/atmega2560/avr6/crtatmega2560.o
 *(.init9)
 *(.text)
 .text          0x000002d8        0x2 C:/Program Files (x86)/Atmel/Studio/7.0/Packs/atmel/ATmega_DFP/1.7.374/gcc/dev/atmega2560/avr6/crtatmega2560.o
                0x000002d8                __vector_38
                0x000002d8                __vector_22
                0x000002d8                __vector_28
                0x000002d8                __vector_1
                0x000002d8                __vector_32
                0x000002d8                __vector_34
                0x000002d8                __vector_24
                0x000002d8                __vector_12
                0x000002d8                __vector_55
                0x000002d8                __vector_46
                0x000002d8                __bad_interrupt
                0x000002d8                __vector_6
                0x000002d8                __vector_31
                0x000002d8                __vector_35
                0x000002d8                __vector_3
                0x000002d8                __vector_23
                0x000002d8                __vector_30
                0x000002d8                __vector_45
                0x000002d8                __vector_11
                0x000002d8                __vector_54
                0x000002d8                __vector_13
                0x000002d8                __vector_17
                0x000002d8                __vector_19
                0x000002d8                __vector_56
                0x000002d8                __vector_7
                0x000002d8                __vector_49
                0x000002d8                __vector_41
                0x000002d8                __vector_43
                0x000002d8                __vector_27
                0x000002d8                __vector_5
                0x000002d8                __vector_33
                0x000002d8                __vector_47
                0x000002d8                __vector_4
                0x000002d8                __vector_44
                0x000002d8                __vector_9
                0x000002d8                __vector_2
                0x000002d8                __vector_15
                0x000002d8                __vector_40
                0x000002d8                __vector_8
                0x000002d8                __vector_48
                0x000002d8                __vector_14
                0x000002d8                __vector_53
                0x000002d8                __vector_50
                0x000002d8                __vector_16
                0x000002d8                __vector_18
                0x000002d8                __vector_20
                0x000002d8                __vector_42
                0x000002da                . = ALIGN (0x2)
 *(.text.*)
 .text.i2cWriteByte
                0x000002da       0x3e I2C.o
                0x000002da                i2cWriteByte
 .text.setMode  0x00000318        0xe I2C.o
                0x00000318                setMode
 .text.i2cInit  0x00000326       0x14 I2C.o
                0x00000326                i2cInit
 .text._applyCalibration
                0x0000033a      0x202 I2C.o
                0x0000033a                _applyCalibration
 .text.setSmoothing
                0x0000053c       0x1e I2C.o
                0x0000053c                setSmoothing
 .text._smoothing
                0x0000055a      0x2ac I2C.o
                0x0000055a                _smoothing
 .text.__vector_39
                0x00000806      0x1dc I2C.o
                0x00000806                __vector_39
 .text._lcdWrite4bits
                0x000009e2       0x78 lcd.o
                0x000009e2                _lcdWrite4bits
 .text._lcdWrite8Bits
                0x00000a5a       0x22 lcd.o
                0x00000a5a                _lcdWrite8Bits
 .text.lcdInit  0x00000a7c       0xaa lcd.o
                0x00000a7c                lcdInit
 .text.lcdPutc  0x00000b26        0x6 lcd.o
                0x00000b26                lcdPutc
 .text.lcdPuts  0x00000b2c       0x28 lcd.o
                0x00000b2c                lcdPuts
 .text.lcdSetPos
                0x00000b54       0x14 lcd.o
                0x00000b54                lcdSetPos
 .text.lcdClearScreen
                0x00000b68       0x14 lcd.o
                0x00000b68                lcdClearScreen
 .text.parseRxLidar
                0x00000b7c      0x146 LiDAR.o
                0x00000b7c                parseRxLidar
 .text.getDist  0x00000cc2        0xa LiDAR.o
                0x00000cc2                getDist
 .text.__vector_21
                0x00000ccc       0x80 main.o
                0x00000ccc                __vector_21
 .text.__vector_10
                0x00000d4c       0x90 main.o
                0x00000d4c                __vector_10
 .text.__vector_29
                0x00000ddc      0x164 main.o
                0x00000ddc                __vector_29
 .text.adcInit  0x00000f40       0x2c main.o
                0x00000f40                adcInit
 .text.moteurInit
                0x00000f6c       0x8c main.o
                0x00000f6c                moteurInit
 .text.lireClavier
                0x00000ff8       0x24 main.o
                0x00000ff8                lireClavier
 .text.controleManuel
                0x0000101c      0x15a main.o
                0x0000101c                controleManuel
 .text.initBoussole
                0x00001176       0x16 main.o
                0x00001176                initBoussole
 .text.main     0x0000118c      0x7f4 main.o
                0x0000118c                main
 .text.usart0Init
                0x00001980       0x74 USART0.o
                0x00001980                usart0Init
 .text.usart0RxAvailable
                0x000019f4        0x6 USART0.o
                0x000019f4                usart0RxAvailable
 .text.usart0RemRxData
                0x000019fa       0x40 USART0.o
                0x000019fa                usart0RemRxData
 .text.__vector_26
                0x00001a3a       0x6a USART0.o
                0x00001a3a                __vector_26
 .text.__vector_25
                0x00001aa4       0x66 USART0.o
                0x00001aa4                __vector_25
 .text.usartGpsSendByte
                0x00001b0a       0x48 USART1.o
                0x00001b0a                usartGpsSendByte
 .text.usartGpsInit
                0x00001b52       0x74 USART1.o
                0x00001b52                usartGpsInit
 .text.usartGpsRxAvailable
                0x00001bc6        0x6 USART1.o
                0x00001bc6                usartGpsRxAvailable
 .text.usartGpsRemRxData
                0x00001bcc       0x40 USART1.o
                0x00001bcc                usartGpsRemRxData
 .text.usartGpsSendBytes
                0x00001c0c       0x38 USART1.o
                0x00001c0c                usartGpsSendBytes
 .text.__vector_37
                0x00001c44       0x6a USART1.o
                0x00001c44                __vector_37
 .text.__vector_36
                0x00001cae       0x66 USART1.o
                0x00001cae                __vector_36
 .text.usart2SendByte
                0x00001d14       0x34 USART2.o
                0x00001d14                usart2SendByte
 .text.usart2Init
                0x00001d48       0x74 USART2.o
                0x00001d48                usart2Init
 .text.usart2RxAvailable
                0x00001dbc        0x6 USART2.o
                0x00001dbc                usart2RxAvailable
 .text.usart2RemRxData
                0x00001dc2       0x34 USART2.o
                0x00001dc2                usart2RemRxData
 .text.usart2SendString
                0x00001df6       0x32 USART2.o
                0x00001df6                usart2SendString
 .text.__vector_52
                0x00001e28       0x5e USART2.o
                0x00001e28                __vector_52
 .text.__vector_51
                0x00001e86       0x56 USART2.o
                0x00001e86                __vector_51
 .text.parseBluetoothManuel
                0x00001edc       0xee USART2.o
                0x00001edc                parseBluetoothManuel
 .text.parseBluetoothAuto
                0x00001fca      0x130 USART2.o
                0x00001fca                parseBluetoothAuto
 .text.getJoystickGaucheX
                0x000020fa        0xa USART2.o
                0x000020fa                getJoystickGaucheX
 .text.getJoystickGaucheY
                0x00002104        0xa USART2.o
                0x00002104                getJoystickGaucheY
 .text.getBoutonX
                0x0000210e        0x6 USART2.o
                0x0000210e                getBoutonX
 .text.getLon   0x00002114       0x12 USART2.o
                0x00002114                getLon
 .text.getLat   0x00002126       0x12 USART2.o
                0x00002126                getLat
 .text.parseRxUbxNavPvt
                0x00002138      0x2c4 ZEDF9P.o
                0x00002138                parseRxUbxNavPvt
 .text.getNavPvtLat
                0x000023fc        0xe ZEDF9P.o
                0x000023fc                getNavPvtLat
 .text.getNavPvtLon
                0x0000240a        0xe ZEDF9P.o
                0x0000240a                getNavPvtLon
 .text.getNavPvtFixType
                0x00002418        0x6 ZEDF9P.o
                0x00002418                getNavPvtFixType
 .text.calculerChecksum
                0x0000241e       0x2a ZEDF9P.o
                0x0000241e                calculerChecksum
 .text.envoieConfigPortUart1
                0x00002448       0x84 ZEDF9P.o
                0x00002448                envoieConfigPortUart1
 .text.envoieConfigRate
                0x000024cc       0x6e ZEDF9P.o
                0x000024cc                envoieConfigRate
 .text.envoieConfigMsg
                0x0000253a       0x68 ZEDF9P.o
                0x0000253a                envoieConfigMsg
 .text.getNavPvtTime
                0x000025a2       0xd2 ZEDF9P.o
                0x000025a2                getNavPvtTime
 .text.avr-libc.fplib
                0x00002674        0xa c:/program files (x86)/atmel/studio/7.0/toolchain/avr8/avr8-gnu-toolchain/bin/../lib/gcc/avr/5.4.0/../../../../avr/lib/avr6\libm.a(addsf3.o)
                0x00002674                __subsf3
                0x00002676                __addsf3
 .text.avr-libc.fplib
                0x0000267e       0xc0 c:/program files (x86)/atmel/studio/7.0/toolchain/avr8/avr8-gnu-toolchain/bin/../lib/gcc/avr/5.4.0/../../../../avr/lib/avr6\libm.a(addsf3x.o)
                0x00002698                __addsf3x
 .text.avr-libc.fplib
                0x0000273e        0x4 c:/program files (x86)/atmel/studio/7.0/toolchain/avr8/avr8-gnu-toolchain/bin/../lib/gcc/avr/5.4.0/../../../../avr/lib/avr6\libm.a(divsf3.o)
                0x0000273e                __divsf3
 .text.avr-libc.fplib
                0x00002742       0xcc c:/program files (x86)/atmel/studio/7.0/toolchain/avr8/avr8-gnu-toolchain/bin/../lib/gcc/avr/5.4.0/../../../../avr/lib/avr6\libm.a(divsf3x.o)
                0x00002758                __divsf3x
                0x0000275c                __divsf3_pse
 .text.avr-libc.fplib
                0x0000280e        0xa c:/program files (x86)/atmel/studio/7.0/toolchain/avr8/avr8-gnu-toolchain/bin/../lib/gcc/avr/5.4.0/../../../../avr/lib/avr6\libm.a(fixsfsi.o)
                0x0000280e                __fixsfsi
 .text.avr-libc.fplib
                0x00002818       0x58 c:/program files (x86)/atmel/studio/7.0/toolchain/avr8/avr8-gnu-toolchain/bin/../lib/gcc/avr/5.4.0/../../../../avr/lib/avr6\libm.a(fixunssfsi.o)
                0x00002818                __fixunssfsi
 .text.avr-libc.fplib
                0x00002870       0x7a c:/program files (x86)/atmel/studio/7.0/toolchain/avr8/avr8-gnu-toolchain/bin/../lib/gcc/avr/5.4.0/../../../../avr/lib/avr6\libm.a(floatsisf.o)
                0x00002870                __floatunsisf
                0x00002874                __floatsisf
 .text.avr-libc.fplib
                0x000028ea        0xc c:/program files (x86)/atmel/studio/7.0/toolchain/avr8/avr8-gnu-toolchain/bin/../lib/gcc/avr/5.4.0/../../../../avr/lib/avr6\libm.a(fp_inf.o)
                0x000028ea                __fp_inf
 .text.avr-libc.fplib
                0x000028f6        0x6 c:/program files (x86)/atmel/studio/7.0/toolchain/avr8/avr8-gnu-toolchain/bin/../lib/gcc/avr/5.4.0/../../../../avr/lib/avr6\libm.a(fp_nan.o)
                0x000028f6                __fp_nan
 .text.avr-libc.fplib
                0x000028fc        0xe c:/program files (x86)/atmel/studio/7.0/toolchain/avr8/avr8-gnu-toolchain/bin/../lib/gcc/avr/5.4.0/../../../../avr/lib/avr6\libm.a(fp_pscA.o)
                0x000028fc                __fp_pscA
 .text.avr-libc.fplib
                0x0000290a        0xe c:/program files (x86)/atmel/studio/7.0/toolchain/avr8/avr8-gnu-toolchain/bin/../lib/gcc/avr/5.4.0/../../../../avr/lib/avr6\libm.a(fp_pscB.o)
                0x0000290a                __fp_pscB
 .text.avr-libc.fplib
                0x00002918       0x22 c:/program files (x86)/atmel/studio/7.0/toolchain/avr8/avr8-gnu-toolchain/bin/../lib/gcc/avr/5.4.0/../../../../avr/lib/avr6\libm.a(fp_round.o)
                0x00002918                __fp_round
 .text.avr-libc.fplib
                0x0000293a       0x44 c:/program files (x86)/atmel/studio/7.0/toolchain/avr8/avr8-gnu-toolchain/bin/../lib/gcc/avr/5.4.0/../../../../avr/lib/avr6\libm.a(fp_split3.o)
                0x0000293a                __fp_split3
                0x0000294a                __fp_splitA
 .text.avr-libc.fplib
                0x0000297e        0xe c:/program files (x86)/atmel/studio/7.0/toolchain/avr8/avr8-gnu-toolchain/bin/../lib/gcc/avr/5.4.0/../../../../avr/lib/avr6\libm.a(fp_zero.o)
                0x0000297e                __fp_zero
                0x00002980                __fp_szero
 .text.avr-libc.fplib
                0x0000298c        0x4 c:/program files (x86)/atmel/studio/7.0/toolchain/avr8/avr8-gnu-toolchain/bin/../lib/gcc/avr/5.4.0/../../../../avr/lib/avr6\libm.a(mulsf3.o)
                0x0000298c                __mulsf3
 .text.avr-libc.fplib
                0x00002990       0xc2 c:/program files (x86)/atmel/studio/7.0/toolchain/avr8/avr8-gnu-toolchain/bin/../lib/gcc/avr/5.4.0/../../../../avr/lib/avr6\libm.a(mulsf3x.o)
                0x000029a4                __mulsf3x
                0x000029a8                __mulsf3_pse
 .text.avr-libc
                0x00002a52      0x712 c:/program files (x86)/atmel/studio/7.0/toolchain/avr8/avr8-gnu-toolchain/bin/../lib/gcc/avr/5.4.0/../../../../avr/lib/avr6\libprintf_flt.a(vfprintf_flt.o)
                0x00002a52                vfprintf
 .text.libgcc.div
                0x00003164       0x26 c:/program files (x86)/atmel/studio/7.0/toolchain/avr8/avr8-gnu-toolchain/bin/../lib/gcc/avr/5.4.0/avr6\libgcc.a(_divmodhi4.o)
                0x00003164                _div
                0x00003164                __divmodhi4
 .text.libgcc.div
                0x0000318a       0x28 c:/program files (x86)/atmel/studio/7.0/toolchain/avr8/avr8-gnu-toolchain/bin/../lib/gcc/avr/5.4.0/avr6\libgcc.a(_divmodsi4.o)
                0x0000318a                __divmodsi4
 .text.libgcc.div
                0x000031b2       0x10 c:/program files (x86)/atmel/studio/7.0/toolchain/avr8/avr8-gnu-toolchain/bin/../lib/gcc/avr/5.4.0/avr6\libgcc.a(_negsi2.o)
                0x000031b2                __negsi2
 .text.libgcc   0x000031c2       0x10 c:/program files (x86)/atmel/studio/7.0/toolchain/avr8/avr8-gnu-toolchain/bin/../lib/gcc/avr/5.4.0/avr6\libgcc.a(_tablejump2.o)
                0x000031c2                __tablejump2__
 .text.libgcc.div
                0x000031d2       0x28 c:/program files (x86)/atmel/studio/7.0/toolchain/avr8/avr8-gnu-toolchain/bin/../lib/gcc/avr/5.4.0/avr6\libgcc.a(_udivmodhi4.o)
                0x000031d2                __udivmodhi4
 .text.libgcc.div
                0x000031fa       0x44 c:/program files (x86)/atmel/studio/7.0/toolchain/avr8/avr8-gnu-toolchain/bin/../lib/gcc/avr/5.4.0/avr6\libgcc.a(_udivmodsi4.o)
                0x000031fa                __udivmodsi4
 .text.avr-libc
                0x0000323e       0x3a c:/program files (x86)/atmel/studio/7.0/toolchain/avr8/avr8-gnu-toolchain/bin/../lib/gcc/avr/5.4.0/../../../../avr/lib/avr6\libc.a(atoi.o)
                0x0000323e                atoi
 .text.avr-libc
                0x00003278       0x4c c:/program files (x86)/atmel/studio/7.0/toolchain/avr8/avr8-gnu-toolchain/bin/../lib/gcc/avr/5.4.0/../../../../avr/lib/avr6\libc.a(atol.o)
                0x00003278                atol
 .text.avr-libc
                0x000032c4      0x1b0 c:/program files (x86)/atmel/studio/7.0/toolchain/avr8/avr8-gnu-toolchain/bin/../lib/gcc/avr/5.4.0/../../../../avr/lib/avr6\libc.a(ftoa_engine.o)
                0x000032c4                __ftoa_engine
 .text.avr-libc
                0x00003474       0x16 c:/program files (x86)/atmel/studio/7.0/toolchain/avr8/avr8-gnu-toolchain/bin/../lib/gcc/avr/5.4.0/../../../../avr/lib/avr6\libc.a(strnlen_P.o)
                0x00003474                strnlen_P
 .text.avr-libc
                0x0000348a       0x16 c:/program files (x86)/atmel/studio/7.0/toolchain/avr8/avr8-gnu-toolchain/bin/../lib/gcc/avr/5.4.0/../../../../avr/lib/avr6\libc.a(strnlen.o)
                0x0000348a                strnlen
 .text.avr-libc
                0x000034a0       0x2a c:/program files (x86)/atmel/studio/7.0/toolchain/avr8/avr8-gnu-toolchain/bin/../lib/gcc/avr/5.4.0/../../../../avr/lib/avr6\libc.a(mulsi10.o)
                0x000034a0                __mulsi_const_10
 .text.avr-libc
                0x000034ca       0x10 c:/program files (x86)/atmel/studio/7.0/toolchain/avr8/avr8-gnu-toolchain/bin/../lib/gcc/avr/5.4.0/../../../../avr/lib/avr6\libc.a(mul10.o)
                0x000034ca                __mulhi_const_10
 .text.avr-libc
                0x000034da       0x78 c:/program files (x86)/atmel/studio/7.0/toolchain/avr8/avr8-gnu-toolchain/bin/../lib/gcc/avr/5.4.0/../../../../avr/lib/avr6\libc.a(fputc.o)
                0x000034da                fputc
 .text.avr-libc
                0x00003552       0x5c c:/program files (x86)/atmel/studio/7.0/toolchain/avr8/avr8-gnu-toolchain/bin/../lib/gcc/avr/5.4.0/../../../../avr/lib/avr6\libc.a(sprintf.o)
                0x00003552                sprintf
 .text.avr-libc
                0x000035ae       0xbc c:/program files (x86)/atmel/studio/7.0/toolchain/avr8/avr8-gnu-toolchain/bin/../lib/gcc/avr/5.4.0/../../../../avr/lib/avr6\libc.a(ultoa_invert.o)
                0x000035ae                __ultoa_invert
                0x0000366a                . = ALIGN (0x2)
 *(.fini9)
 .fini9         0x0000366a        0x0 c:/program files (x86)/atmel/studio/7.0/toolchain/avr8/avr8-gnu-toolchain/bin/../lib/gcc/avr/5.4.0/avr6\libgcc.a(_exit.o)
                0x0000366a                _exit
                0x0000366a                exit
 *(.fini9)
 *(.fini8)
 *(.fini8)
 *(.fini7)
 *(.fini7)
 *(.fini6)
 *(.fini6)
 *(.fini5)
 *(.fini5)
 *(.fini4)
 *(.fini4)
 *(.fini3)
 *(.fini3)
 *(.fini2)
 *(.fini2)
 *(.fini1)
 *(.fini1)
 *(.fini0)
 .fini0         0x0000366a        0x4 c:/program files (x86)/atmel/studio/7.0/toolchain/avr8/avr8-gnu-toolchain/bin/../lib/gcc/avr/5.4.0/avr6\libgcc.a(_exit.o)
 *(.fini0)
                0x0000366e                _etext = .

.data           0x00800200       0xc6 load address 0x0000366e
                0x00800200                PROVIDE (__data_start, .)
 *(.data)
 *(.data*)
 .data._i2cModeRead
                0x00800200        0x1 I2C.o
                0x00800200                _i2cModeRead
 .data._smoothSteps
                0x00800201        0x1 I2C.o
                0x00800201                _smoothSteps
 .data.refreshManuel
                0x00800202        0x1 main.o
                0x00800202                refreshManuel
 .data.password
                0x00800203        0x4 main.o
                0x00800203                password
 .data.refreshDist
                0x00800207        0x1 main.o
                0x00800207                refreshDist
 .data.setRate  0x00800208        0xe main.o
                0x00800208                setRate
 .data.id       0x00800216        0x1 ZEDF9P.o
                0x00800216                id
 *(.gnu.linkonce.d*)
 *(.rodata)
 *(.rodata*)
 .rodata.str1.1
                0x00800217       0xaf main.o
                                 0xc2 (size before relaxing)
 .rodata.str1.1
                0x008002c6       0x1c ZEDF9P.o
 *(.gnu.linkonce.r*)
                0x008002e2                . = ALIGN (0x2)
                0x008002e2                _edata = .
                0x008002e2                PROVIDE (__data_end, .)

.bss            0x008002c6      0x94c
                0x008002c6                PROVIDE (__bss_start, .)
 *(.bss)
 *(.bss*)
 .bss._i2cDataSize
                0x008002c6        0x1 I2C.o
                0x008002c6                _i2cDataSize
 .bss._i2cAdd   0x008002c7        0x1 I2C.o
                0x008002c7                _i2cAdd
 .bss._i2cRegistre
                0x008002c8        0x1 I2C.o
                0x008002c8                _i2cRegistre
 .bss.statePointeur
                0x008002c9        0x1 I2C.o
                0x008002c9                statePointeur
 .bss._i2cRxDataCnt
                0x008002ca        0x1 I2C.o
                0x008002ca                _i2cRxDataCnt
 .bss._i2cDataCnt
                0x008002cb        0x1 I2C.o
                0x008002cb                _i2cDataCnt
 .bss._i2cBusy  0x008002cc        0x1 I2C.o
                0x008002cc                _i2cBusy
 .bss._i2cErrorCode
                0x008002cd        0x1 I2C.o
                0x008002cd                _i2cErrorCode
 .bss.rawValue  0x008002ce        0x6 I2C.o
                0x008002ce                rawValue
 .bss._calibrationUse
                0x008002d4        0x1 I2C.o
                0x008002d4                _calibrationUse
 .bss._vSmooth  0x008002d5        0x6 I2C.o
                0x008002d5                _vSmooth
 .bss._vTotals  0x008002db        0xc I2C.o
                0x008002db                _vTotals
 .bss._vScan    0x008002e7        0x2 I2C.o
                0x008002e7                _vScan
 .bss._smoothAdvanced
                0x008002e9        0x1 I2C.o
                0x008002e9                _smoothAdvanced
 .bss._smoothUse
                0x008002ea        0x1 I2C.o
                0x008002ea                _smoothUse
 .bss.temp      0x008002eb        0x2 LiDAR.o
                0x008002eb                temp
 .bss.amp       0x008002ed        0x2 LiDAR.o
                0x008002ed                amp
 .bss.dist      0x008002ef        0x2 LiDAR.o
                0x008002ef                dist
 .bss.retour    0x008002f1        0x1 LiDAR.o
                0x008002f1                retour
 .bss.checksum  0x008002f2        0x1 LiDAR.o
                0x008002f2                checksum
 .bss.indexPayload2
                0x008002f3        0x1 LiDAR.o
                0x008002f3                indexPayload2
 .bss.indexTrame2
                0x008002f4        0x1 LiDAR.o
                0x008002f4                indexTrame2
 .bss.state2    0x008002f5        0x1 LiDAR.o
                0x008002f5                state2
 .bss.refreshLCD
                0x008002f6        0x1 main.o
                0x008002f6                refreshLCD
 .bss.refreshClavier
                0x008002f7        0x1 main.o
                0x008002f7                refreshClavier
 .bss.cntDixiemeDeSecLCD
                0x008002f8        0x2 main.o
                0x008002f8                cntDixiemeDeSecLCD
 .bss.cntDixiemeDeSec
                0x008002fa        0x1 main.o
                0x008002fa                cntDixiemeDeSec
 .bss.niveauBatterie
                0x008002fb        0x4 main.o
                0x008002fb                niveauBatterie
 .bss.modeActuel
                0x008002ff        0x1 main.o
                0x008002ff                modeActuel
 .bss.minutesCoupe
                0x00800300        0x1 main.o
                0x00800300                minutesCoupe
 .bss.heureCoupe
                0x00800301        0x1 main.o
                0x00800301                heureCoupe
 .bss.setTemps  0x00800302        0x1 main.o
                0x00800302                setTemps
 .bss.set       0x00800303        0x1 main.o
                0x00800303                set
 .bss.cntMenu   0x00800304        0x1 main.o
                0x00800304                cntMenu
 .bss.modeTondeuse
                0x00800305        0x1 main.o
                0x00800305                modeTondeuse
 .bss.passwordValid
                0x00800306        0x1 main.o
                0x00800306                passwordValid
 .bss.cntPassword
                0x00800307        0x1 main.o
                0x00800307                cntPassword
 .bss.lastKey   0x00800308        0x1 main.o
                0x00800308                lastKey
 .bss.key       0x00800309        0x1 main.o
                0x00800309                key
 .bss.vitesseMoteurD
                0x0080030a        0x2 main.o
                0x0080030a                vitesseMoteurD
 .bss.vitesseMoteurG
                0x0080030c        0x2 main.o
                0x0080030c                vitesseMoteurG
 .bss.triAdc    0x0080030e        0x1 main.o
                0x0080030e                triAdc
 .bss.receptionAdc
                0x0080030f        0x2 main.o
                0x0080030f                receptionAdc
 .bss.joysticY  0x00800311        0x2 main.o
                0x00800311                joysticY
 .bss.joysticX  0x00800313        0x2 main.o
                0x00800313                joysticX
 .bss.encodeurDCnt
                0x00800315        0x2 main.o
                0x00800315                encodeurDCnt
 .bss.encodeurGCnt
                0x00800317        0x2 main.o
                0x00800317                encodeurGCnt
 .bss.encodeurEtatPrecedent2
                0x00800319        0x1 main.o
                0x00800319                encodeurEtatPrecedent2
 .bss.encodeurEtatPrecedent
                0x0080031a        0x1 main.o
                0x0080031a                encodeurEtatPrecedent
 .bss.dataLiDAR
                0x0080031b        0x1 main.o
                0x0080031b                dataLiDAR
 .bss.cnt2      0x0080031c        0x1 main.o
                0x0080031c                cnt2
 .bss.cnt1      0x0080031d        0x1 main.o
                0x0080031d                cnt1
 .bss.dataBluetooth
                0x0080031e        0x1 main.o
                0x0080031e                dataBluetooth
 .bss.rxContentLiDAR
                0x0080031f        0x1 USART0.o
                0x0080031f                rxContentLiDAR
 .bss.txCntLiDAR
                0x00800320        0x1 USART0.o
                0x00800320                txCntLiDAR
 .bss.rxCntLiDAR
                0x00800321        0x1 USART0.o
                0x00800321                rxCntLiDAR
 .bss.rxBufferOutLiDAR
                0x00800322        0x1 USART0.o
                0x00800322                rxBufferOutLiDAR
 .bss.txBufferOutLiDAR
                0x00800323        0x1 USART0.o
                0x00800323                txBufferOutLiDAR
 .bss.rxBufferInLiDAR
                0x00800324        0x1 USART0.o
                0x00800324                rxBufferInLiDAR
 .bss.rxContentGPS
                0x00800325        0x1 USART1.o
                0x00800325                rxContentGPS
 .bss.txCntGPS  0x00800326        0x1 USART1.o
                0x00800326                txCntGPS
 .bss.rxCntGPS  0x00800327        0x1 USART1.o
                0x00800327                rxCntGPS
 .bss.rxBufferOutGPS
                0x00800328        0x1 USART1.o
                0x00800328                rxBufferOutGPS
 .bss.txBufferOutGPS
                0x00800329        0x1 USART1.o
                0x00800329                txBufferOutGPS
 .bss.rxBufferInGPS
                0x0080032a        0x1 USART1.o
                0x0080032a                rxBufferInGPS
 .bss.txBufferInGPS
                0x0080032b        0x1 USART1.o
                0x0080032b                txBufferInGPS
 .bss.longitudeRx
                0x0080032c        0x4 USART2.o
                0x0080032c                longitudeRx
 .bss.latitudeRx
                0x00800330        0x4 USART2.o
                0x00800330                latitudeRx
 .bss.z         0x00800334        0x1 USART2.o
                0x00800334                z
 .bss.status    0x00800335        0x1 USART2.o
                0x00800335                status
 .bss.boutonTriangle
                0x00800336        0x1 USART2.o
                0x00800336                boutonTriangle
 .bss.boutonO   0x00800337        0x1 USART2.o
                0x00800337                boutonO
 .bss.boutonX   0x00800338        0x1 USART2.o
                0x00800338                boutonX
 .bss.tabY      0x00800339        0x5 USART2.o
                0x00800339                tabY
 .bss.tabX      0x0080033e        0x5 USART2.o
                0x0080033e                tabX
 .bss.indexBluetoothProg
                0x00800343        0x1 USART2.o
                0x00800343                indexBluetoothProg
 .bss.indexBluetooth
                0x00800344        0x1 USART2.o
                0x00800344                indexBluetooth
 .bss.etatProg  0x00800345        0x1 USART2.o
                0x00800345                etatProg
 .bss.etats     0x00800346        0x1 USART2.o
                0x00800346                etats
 .bss.rxContentBluetooth
                0x00800347        0x1 USART2.o
                0x00800347                rxContentBluetooth
 .bss.txCntBluetooth
                0x00800348        0x1 USART2.o
                0x00800348                txCntBluetooth
 .bss.rxCntBluetooth
                0x00800349        0x1 USART2.o
                0x00800349                rxCntBluetooth
 .bss.rxBufferOutBluetooth
                0x0080034a        0x1 USART2.o
                0x0080034a                rxBufferOutBluetooth
 .bss.txBufferOutBluetooth
                0x0080034b        0x1 USART2.o
                0x0080034b                txBufferOutBluetooth
 .bss.rxBufferInBluetooth
                0x0080034c        0x1 USART2.o
                0x0080034c                rxBufferInBluetooth
 .bss.txBufferInBluetooth
                0x0080034d        0x1 USART2.o
                0x0080034d                txBufferInBluetooth
 .bss.length    0x0080034e        0x1 ZEDF9P.o
                0x0080034e                length
 .bss.retour2   0x0080034f        0x1 ZEDF9P.o
                0x0080034f                retour2
 .bss.checksumB
                0x00800350        0x1 ZEDF9P.o
                0x00800350                checksumB
 .bss.checksumA
                0x00800351        0x1 ZEDF9P.o
                0x00800351                checksumA
 .bss.indexPayload
                0x00800352        0x1 ZEDF9P.o
                0x00800352                indexPayload
 .bss.indexTrame
                0x00800353        0x1 ZEDF9P.o
                0x00800353                indexTrame
 .bss.ackConfigOdo
                0x00800354        0x1 ZEDF9P.o
                0x00800354                ackConfigOdo
 .bss.ackConfigMsg
                0x00800355        0x1 ZEDF9P.o
                0x00800355                ackConfigMsg
 .bss.ackConfigRate
                0x00800356        0x1 ZEDF9P.o
                0x00800356                ackConfigRate
 .bss.ackConfigUart1
                0x00800357        0x1 ZEDF9P.o
                0x00800357                ackConfigUart1
 .bss.state     0x00800358        0x1 ZEDF9P.o
                0x00800358                state
 *(COMMON)
 COMMON         0x00800359       0x91 I2C.o
                0x00800359                _i2cData
                0x00800399                _vCalibrated
                0x0080039f                pointCardinal
                0x008003a2                _vCalibration
                0x008003ae                _vHistory
 COMMON         0x008003ea       0x12 LiDAR.o
                0x008003ea                trameLidarValide
                0x008003f3                trameLidar
 COMMON         0x008003fc      0x2f7 main.o
                0x008003fc                tabLatMem
                0x0080053c                cnt
                0x0080053d                tabLonMem
                0x0080067d                msgEncoD
                0x00800685                msgGpsLat
                0x00800695                msgEncoG
                0x0080069d                msgGpsLon
                0x008006ad                window
                0x008006c1                essaiUser
                0x008006c5                msgLiDAR
                0x008006d9                msgTime
                0x008006ed                dataGps
                0x008006ee                tempsCoupe
 COMMON         0x008006f3       0x81 USART0.o
                0x008006f3                txBufferLiDAR
                0x00800733                rxBufferLiDAR
                0x00800773                _usartRxTmpLiDAR
 COMMON         0x00800774      0x101 USART1.o
                0x00800774                txBufferGPS
                0x008007f4                _usartRxTmpGps
                0x008007f5                rxBufferGPS
 COMMON         0x00800875      0x294 USART2.o
                0x00800875                _usartRxTmpBluetooth
                0x00800876                trameBluetoothValide
                0x008008b6                trameBluetoothRx
                0x008008f6                tabLat4
                0x008008ff                tabLon4
                0x00800909                txBufferBluetooth
                0x00800a09                rxBufferBluetooth
 COMMON         0x00800b09      0x109 ZEDF9P.o
                0x00800b09                trameGpsNavOdoValide
                0x00800b25                trameGpsNavPosllhValide
                0x00800b49                trameGpsRx
                0x00800bad                trameGpsNavPvtValide
                0x00800c11                trame
                0x00800c12                PROVIDE (__bss_end, .)
                0x0000366e                __data_load_start = LOADADDR (.data)
                0x00003734                __data_load_end = (__data_load_start + SIZEOF (.data))

.noinit         0x00800c12        0x0
                [!provide]                PROVIDE (__noinit_start, .)
 *(.noinit*)
                [!provide]                PROVIDE (__noinit_end, .)
                0x00800c12                _end = .
                [!provide]                PROVIDE (__heap_start, .)

.eeprom         0x00810000        0x0
 *(.eeprom*)
                0x00810000                __eeprom_end = .

.fuse
 *(.fuse)
 *(.lfuse)
 *(.hfuse)
 *(.efuse)

.lock
 *(.lock*)

.signature
 *(.signature*)

.user_signatures
 *(.user_signatures*)

.stab
 *(.stab)

.stabstr
 *(.stabstr)

.stab.excl
 *(.stab.excl)

.stab.exclstr
 *(.stab.exclstr)

.stab.index
 *(.stab.index)

.stab.indexstr
 *(.stab.indexstr)

.comment        0x00000000       0x5c
 *(.comment)
 .comment       0x00000000       0x30 I2C.o
                                 0x31 (size before relaxing)
 .comment       0x00000030       0x31 lcd.o
 .comment       0x00000030       0x31 LiDAR.o
 .comment       0x00000030       0x31 main.o
 .comment       0x00000030       0x31 USART0.o
 .comment       0x00000030       0x31 USART1.o
 .comment       0x00000030       0x31 USART2.o
 .comment       0x00000030       0x31 ZEDF9P.o
 .comment       0x00000030       0x2c c:/program files (x86)/atmel/studio/7.0/toolchain/avr8/avr8-gnu-toolchain/bin/../lib/gcc/avr/5.4.0/../../../../avr/lib/avr6\libprintf_flt.a(vfprintf_flt.o)
                                 0x2d (size before relaxing)
 .comment       0x0000005c       0x31 c:/program files (x86)/atmel/studio/7.0/toolchain/avr8/avr8-gnu-toolchain/bin/../lib/gcc/avr/5.4.0/../../../../avr/lib/avr6\libc.a(fputc.o)
 .comment       0x0000005c       0x31 c:/program files (x86)/atmel/studio/7.0/toolchain/avr8/avr8-gnu-toolchain/bin/../lib/gcc/avr/5.4.0/../../../../avr/lib/avr6\libc.a(sprintf.o)

.note.gnu.avr.deviceinfo
                0x00000000       0x40
 .note.gnu.avr.deviceinfo
                0x00000000       0x40 C:/Program Files (x86)/Atmel/Studio/7.0/Packs/atmel/ATmega_DFP/1.7.374/gcc/dev/atmega2560/avr6/crtatmega2560.o

.note.gnu.build-id
 *(.note.gnu.build-id)

.debug
 *(.debug)

.line
 *(.line)

.debug_srcinfo
 *(.debug_srcinfo)

.debug_sfnames
 *(.debug_sfnames)

.debug_aranges  0x00000000      0x400
 *(.debug_aranges)
 .debug_aranges
                0x00000000       0xe0 I2C.o
 .debug_aranges
                0x000000e0       0x50 lcd.o
 .debug_aranges
                0x00000130       0x38 LiDAR.o
 .debug_aranges
                0x00000168       0x78 main.o
 .debug_aranges
                0x000001e0       0x58 USART0.o
 .debug_aranges
                0x00000238       0x58 USART1.o
 .debug_aranges
                0x00000290       0x98 USART2.o
 .debug_aranges
                0x00000328       0xd8 ZEDF9P.o

.debug_pubnames
 *(.debug_pubnames)

.debug_info     0x00000000     0x400a
 *(.debug_info .gnu.linkonce.wi.*)
 .debug_info    0x00000000      0xbbc C:/Program Files (x86)/Atmel/Studio/7.0/Packs/atmel/ATmega_DFP/1.7.374/gcc/dev/atmega2560/avr6/crtatmega2560.o
 .debug_info    0x00000bbc      0xc35 I2C.o
 .debug_info    0x000017f1      0x5dd lcd.o
 .debug_info    0x00001dce      0x21a LiDAR.o
 .debug_info    0x00001fe8      0x92f main.o
 .debug_info    0x00002917      0x336 USART0.o
 .debug_info    0x00002c4d      0x336 USART1.o
 .debug_info    0x00002f83      0x698 USART2.o
 .debug_info    0x0000361b      0x9ef ZEDF9P.o

.debug_abbrev   0x00000000     0x19af
 *(.debug_abbrev)
 .debug_abbrev  0x00000000      0xb1a C:/Program Files (x86)/Atmel/Studio/7.0/Packs/atmel/ATmega_DFP/1.7.374/gcc/dev/atmega2560/avr6/crtatmega2560.o
 .debug_abbrev  0x00000b1a      0x2c9 I2C.o
 .debug_abbrev  0x00000de3      0x1a4 lcd.o
 .debug_abbrev  0x00000f87       0xeb LiDAR.o
 .debug_abbrev  0x00001072      0x25d main.o
 .debug_abbrev  0x000012cf      0x143 USART0.o
 .debug_abbrev  0x00001412      0x143 USART1.o
 .debug_abbrev  0x00001555      0x1f7 USART2.o
 .debug_abbrev  0x0000174c      0x263 ZEDF9P.o

.debug_line     0x00000000     0x2a1c
 *(.debug_line .debug_line.* .debug_line_end)
 .debug_line    0x00000000      0x1fa C:/Program Files (x86)/Atmel/Studio/7.0/Packs/atmel/ATmega_DFP/1.7.374/gcc/dev/atmega2560/avr6/crtatmega2560.o
 .debug_line    0x000001fa      0x791 I2C.o
 .debug_line    0x0000098b      0x309 lcd.o
 .debug_line    0x00000c94      0x1bb LiDAR.o
 .debug_line    0x00000e4f      0xb48 main.o
 .debug_line    0x00001997      0x277 USART0.o
 .debug_line    0x00001c0e      0x277 USART1.o
 .debug_line    0x00001e85      0x4fc USART2.o
 .debug_line    0x00002381      0x69b ZEDF9P.o

.debug_frame    0x00000000      0xdf4
 *(.debug_frame)
 .debug_frame   0x00000000      0x3a4 I2C.o
 .debug_frame   0x000003a4       0xa0 lcd.o
 .debug_frame   0x00000444       0x54 LiDAR.o
 .debug_frame   0x00000498      0x2bc main.o
 .debug_frame   0x00000754      0x134 USART0.o
 .debug_frame   0x00000888      0x134 USART1.o
 .debug_frame   0x000009bc      0x1d0 USART2.o
 .debug_frame   0x00000b8c      0x268 ZEDF9P.o

.debug_str      0x00000000     0x16f7
 *(.debug_str)
 .debug_str     0x00000000      0x3e6 C:/Program Files (x86)/Atmel/Studio/7.0/Packs/atmel/ATmega_DFP/1.7.374/gcc/dev/atmega2560/avr6/crtatmega2560.o
 .debug_str     0x000003e6      0x4c1 I2C.o
                                0x504 (size before relaxing)
 .debug_str     0x000008a7       0xb4 lcd.o
                                0x256 (size before relaxing)
 .debug_str     0x0000095b       0xc6 LiDAR.o
                                0x275 (size before relaxing)
 .debug_str     0x00000a21      0x34f main.o
                                0x599 (size before relaxing)
 .debug_str     0x00000d70      0x165 USART0.o
                                0x329 (size before relaxing)
 .debug_str     0x00000ed5      0x133 USART1.o
                                0x31b (size before relaxing)
 .debug_str     0x00001008      0x2c1 USART2.o
                                0x4ba (size before relaxing)
 .debug_str     0x000012c9      0x42e ZEDF9P.o
                                0x634 (size before relaxing)

.debug_loc      0x00000000     0x31ca
 *(.debug_loc)
 .debug_loc     0x00000000      0xcc4 I2C.o
 .debug_loc     0x00000cc4      0x4ac lcd.o
 .debug_loc     0x00001170       0x8e LiDAR.o
 .debug_loc     0x000011fe      0x98a main.o
 .debug_loc     0x00001b88      0x3cd USART0.o
 .debug_loc     0x00001f55      0x3cd USART1.o
 .debug_loc     0x00002322      0x610 USART2.o
 .debug_loc     0x00002932      0x898 ZEDF9P.o

.debug_macinfo
 *(.debug_macinfo)

.debug_weaknames
 *(.debug_weaknames)

.debug_funcnames
 *(.debug_funcnames)

.debug_typenames
 *(.debug_typenames)

.debug_varnames
 *(.debug_varnames)

.debug_pubtypes
 *(.debug_pubtypes)

.debug_ranges   0x00000000      0x4c0
 *(.debug_ranges)
 .debug_ranges  0x00000000       0xf0 I2C.o
 .debug_ranges  0x000000f0       0x40 lcd.o
 .debug_ranges  0x00000130       0x40 LiDAR.o
 .debug_ranges  0x00000170       0x98 main.o
 .debug_ranges  0x00000208       0x78 USART0.o
 .debug_ranges  0x00000280       0x78 USART1.o
 .debug_ranges  0x000002f8       0xd0 USART2.o
 .debug_ranges  0x000003c8       0xf8 ZEDF9P.o

.debug_macro
 *(.debug_macro)
OUTPUT(Programme principal robot tondeuse.elf elf32-avr)
LOAD linker stubs
