Archive member included to satisfy reference by file (symbol)

c:/program files (x86)/atmel/studio/7.0/toolchain/avr8/avr8-gnu-toolchain/bin/../lib/gcc/avr/5.4.0/../../../../avr/lib/avr6\libm.a(addsf3.o)
                              I2C.o (__subsf3)
c:/program files (x86)/atmel/studio/7.0/toolchain/avr8/avr8-gnu-toolchain/bin/../lib/gcc/avr/5.4.0/../../../../avr/lib/avr6\libm.a(addsf3x.o)
                              c:/program files (x86)/atmel/studio/7.0/toolchain/avr8/avr8-gnu-toolchain/bin/../lib/gcc/avr/5.4.0/../../../../avr/lib/avr6\libm.a(addsf3.o) (__addsf3x)
c:/program files (x86)/atmel/studio/7.0/toolchain/avr8/avr8-gnu-toolchain/bin/../lib/gcc/avr/5.4.0/../../../../avr/lib/avr6\libm.a(atan2.o)
                              I2C.o (atan2)
c:/program files (x86)/atmel/studio/7.0/toolchain/avr8/avr8-gnu-toolchain/bin/../lib/gcc/avr/5.4.0/../../../../avr/lib/avr6\libm.a(atan.o)
                              c:/program files (x86)/atmel/studio/7.0/toolchain/avr8/avr8-gnu-toolchain/bin/../lib/gcc/avr/5.4.0/../../../../avr/lib/avr6\libm.a(atan2.o) (atan)
c:/program files (x86)/atmel/studio/7.0/toolchain/avr8/avr8-gnu-toolchain/bin/../lib/gcc/avr/5.4.0/../../../../avr/lib/avr6\libm.a(cmpsf2.o)
                              I2C.o (__ltsf2)
c:/program files (x86)/atmel/studio/7.0/toolchain/avr8/avr8-gnu-toolchain/bin/../lib/gcc/avr/5.4.0/../../../../avr/lib/avr6\libm.a(cos.o)
                              I2C.o (cos)
c:/program files (x86)/atmel/studio/7.0/toolchain/avr8/avr8-gnu-toolchain/bin/../lib/gcc/avr/5.4.0/../../../../avr/lib/avr6\libm.a(divsf3.o)
                              I2C.o (__divsf3)
c:/program files (x86)/atmel/studio/7.0/toolchain/avr8/avr8-gnu-toolchain/bin/../lib/gcc/avr/5.4.0/../../../../avr/lib/avr6\libm.a(divsf3x.o)
                              c:/program files (x86)/atmel/studio/7.0/toolchain/avr8/avr8-gnu-toolchain/bin/../lib/gcc/avr/5.4.0/../../../../avr/lib/avr6\libm.a(divsf3.o) (__divsf3x)
c:/program files (x86)/atmel/studio/7.0/toolchain/avr8/avr8-gnu-toolchain/bin/../lib/gcc/avr/5.4.0/../../../../avr/lib/avr6\libm.a(fixsfsi.o)
                              I2C.o (__fixsfsi)
c:/program files (x86)/atmel/studio/7.0/toolchain/avr8/avr8-gnu-toolchain/bin/../lib/gcc/avr/5.4.0/../../../../avr/lib/avr6\libm.a(fixunssfsi.o)
                              main.o (__fixunssfsi)
c:/program files (x86)/atmel/studio/7.0/toolchain/avr8/avr8-gnu-toolchain/bin/../lib/gcc/avr/5.4.0/../../../../avr/lib/avr6\libm.a(floatsisf.o)
                              main.o (__floatunsisf)
c:/program files (x86)/atmel/studio/7.0/toolchain/avr8/avr8-gnu-toolchain/bin/../lib/gcc/avr/5.4.0/../../../../avr/lib/avr6\libm.a(fmod.o)
                              I2C.o (fmod)
c:/program files (x86)/atmel/studio/7.0/toolchain/avr8/avr8-gnu-toolchain/bin/../lib/gcc/avr/5.4.0/../../../../avr/lib/avr6\libm.a(fp_cmp.o)
                              c:/program files (x86)/atmel/studio/7.0/toolchain/avr8/avr8-gnu-toolchain/bin/../lib/gcc/avr/5.4.0/../../../../avr/lib/avr6\libm.a(cmpsf2.o) (__fp_cmp)
c:/program files (x86)/atmel/studio/7.0/toolchain/avr8/avr8-gnu-toolchain/bin/../lib/gcc/avr/5.4.0/../../../../avr/lib/avr6\libm.a(fp_inf.o)
                              c:/program files (x86)/atmel/studio/7.0/toolchain/avr8/avr8-gnu-toolchain/bin/../lib/gcc/avr/5.4.0/../../../../avr/lib/avr6\libm.a(addsf3x.o) (__fp_inf)
c:/program files (x86)/atmel/studio/7.0/toolchain/avr8/avr8-gnu-toolchain/bin/../lib/gcc/avr/5.4.0/../../../../avr/lib/avr6\libm.a(fp_mpack.o)
                              c:/program files (x86)/atmel/studio/7.0/toolchain/avr8/avr8-gnu-toolchain/bin/../lib/gcc/avr/5.4.0/../../../../avr/lib/avr6\libm.a(fmod.o) (__fp_mpack)
c:/program files (x86)/atmel/studio/7.0/toolchain/avr8/avr8-gnu-toolchain/bin/../lib/gcc/avr/5.4.0/../../../../avr/lib/avr6\libm.a(fp_nan.o)
                              c:/program files (x86)/atmel/studio/7.0/toolchain/avr8/avr8-gnu-toolchain/bin/../lib/gcc/avr/5.4.0/../../../../avr/lib/avr6\libm.a(addsf3x.o) (__fp_nan)
c:/program files (x86)/atmel/studio/7.0/toolchain/avr8/avr8-gnu-toolchain/bin/../lib/gcc/avr/5.4.0/../../../../avr/lib/avr6\libm.a(fp_powser.o)
                              c:/program files (x86)/atmel/studio/7.0/toolchain/avr8/avr8-gnu-toolchain/bin/../lib/gcc/avr/5.4.0/../../../../avr/lib/avr6\libm.a(atan.o) (__fp_powser)
c:/program files (x86)/atmel/studio/7.0/toolchain/avr8/avr8-gnu-toolchain/bin/../lib/gcc/avr/5.4.0/../../../../avr/lib/avr6\libm.a(fp_pscA.o)
                              c:/program files (x86)/atmel/studio/7.0/toolchain/avr8/avr8-gnu-toolchain/bin/../lib/gcc/avr/5.4.0/../../../../avr/lib/avr6\libm.a(addsf3x.o) (__fp_pscA)
c:/program files (x86)/atmel/studio/7.0/toolchain/avr8/avr8-gnu-toolchain/bin/../lib/gcc/avr/5.4.0/../../../../avr/lib/avr6\libm.a(fp_pscB.o)
                              c:/program files (x86)/atmel/studio/7.0/toolchain/avr8/avr8-gnu-toolchain/bin/../lib/gcc/avr/5.4.0/../../../../avr/lib/avr6\libm.a(addsf3x.o) (__fp_pscB)
[...]
Memory Configuration

Name             Origin             Length             Attributes
text             0x00000000         0x00040000         xr
data             0x00800200         0x00002000         rw !x
eeprom           0x00810000         0x00001000         rw !x
fuse             0x00820000         0x00000003         rw !x
lock             0x00830000         0x00000400         rw !x
signature        0x00840000         0x00000400         rw !x
user_signatures  0x00850000         0x00000400         rw !x
*default*        0x00000000         0xffffffff

Linker script and memory map

Address of section .data set to 0x800200
LOAD C:/Program Files (x86)/Atmel/Studio/7.0/Packs/atmel/ATmega_DFP/1.7.374/gcc/dev/atmega2560/avr6/crtatmega2560.o
LOAD I2C.o
LOAD lcd.o
LOAD LiDAR.o
LOAD main.o
LOAD USART0.o
LOAD USART1.o
LOAD USART2.o
LOAD ZEDF9P.o
START GROUP
LOAD c:/program files (x86)/atmel/studio/7.0/toolchain/avr8/avr8-gnu-toolchain/bin/../lib/gcc/avr/5.4.0/../../../../avr/lib/avr6\libm.a
END GROUP
LOAD c:/program files (x86)/atmel/studio/7.0/toolchain/avr8/avr8-gnu-toolchain/bin/../lib/gcc/avr/5.4.0/../../../../avr/lib/avr6\libprintf_flt.a
START GROUP
LOAD c:/program files (x86)/atmel/studio/7.0/toolchain/avr8/avr8-gnu-toolchain/bin/../lib/gcc/avr/5.4.0/avr6\libgcc.a
LOAD c:/program files (x86)/atmel/studio/7.0/toolchain/avr8/avr8-gnu-toolchain/bin/../lib/gcc/avr/5.4.0/../../../../avr/lib/avr6\libm.a
LOAD c:/program files (x86)/atmel/studio/7.0/toolchain/avr8/avr8-gnu-toolchain/bin/../lib/gcc/avr/5.4.0/../../../../avr/lib/avr6\libc.a
LOAD C:/Program Files (x86)/Atmel/Studio/7.0/Packs/atmel/ATmega_DFP/1.7.374/gcc/dev/atmega2560/avr6\libatmega2560.a
END GROUP
                0x00000000                __TEXT_REGION_ORIGIN__ = DEFINED (__TEXT_REGION_ORIGIN__)?__TEXT_REGION_ORIGIN__:0x0
                [0x00800200]                __DATA_REGION_ORIGIN__ = DEFINED (__DATA_REGION_ORIGIN__)?__DATA_REGION_ORIGIN__:0x800200
                [0x00040000]                __TEXT_REGION_LENGTH__ = DEFINED (__TEXT_REGION_LENGTH__)?__TEXT_REGION_LENGTH__:0x100000
                [0x00002000]                __DATA_REGION_LENGTH__ = DEFINED (__DATA_REGION_LENGTH__)?__DATA_REGION_LENGTH__:0xfe00
                [0x00001000]                __EEPROM_REGION_LENGTH__ = DEFINED (__EEPROM_REGION_LENGTH__)?__EEPROM_REGION_LENGTH__:0x10000
                [0x00000003]                __FUSE_REGION_LENGTH__ = DEFINED (__FUSE_REGION_LENGTH__)?__FUSE_REGION_LENGTH__:0x400
                0x00000400                __LOCK_REGION_LENGTH__ = DEFINED (__LOCK_REGION_LENGTH__)?__LOCK_REGION_LENGTH__:0x400
                0x00000400                __SIGNATURE_REGION_LENGTH__ = DEFINED (__SIGNATURE_REGION_LENGTH__)?__SIGNATURE_REGION_LENGTH__:0x400
                0x00000400                __USER_SIGNATURE_REGION_LENGTH__ = DEFINED (__USER_SIGNATURE_REGION_LENGTH__)?__USER_SIGNATURE_REGION_LENGTH__:0x400

.hash
 *(.hash)

.dynsym
 *(.dynsym)

.dynstr
 *(.dynstr)

.gnu.version
 *(.gnu.version)

.gnu.version_d
 *(.gnu.version_d)

.gnu.version_r
 *(.gnu.version_r)

.rel.init
 *(.rel.init)

.rela.init
 *(.rela.init)

.rel.text
 *(.rel.text)
 *(.rel.text.*)
 *(.rel.gnu.linkonce.t*)

.rela.text
 *(.rela.text)
 *(.rela.text.*)
 *(.rela.gnu.linkonce.t*)

.rel.fini
 *(.rel.fini)

.rela.fini
 *(.rela.fini)

.rel.rodata
 *(.rel.rodata)
 *(.rel.rodata.*)
 *(.rel.gnu.linkonce.r*)

.rela.rodata
 *(.rela.rodata)
 *(.rela.rodata.*)
 *(.rela.gnu.linkonce.r*)

.rel.data
 *(.rel.data)
 *(.rel.data.*)
 *(.rel.gnu.linkonce.d*)

.rela.data
 *(.rela.data)
 *(.rela.data.*)
 *(.rela.gnu.linkonce.d*)

.rel.ctors
 *(.rel.ctors)

.rela.ctors
 *(.rela.ctors)

.rel.dtors
 *(.rel.dtors)

.rela.dtors
 *(.rela.dtors)

.rel.got
 *(.rel.got)

.rela.got
 *(.rela.got)

.rel.bss
 *(.rel.bss)

.rela.bss
 *(.rela.bss)

.rel.plt
 *(.rel.plt)

.rela.plt
 *(.rela.plt)

.text           0x00000000     0x4634
 *(.vectors)
 .vectors       0x00000000       0xe4 C:/Program Files (x86)/Atmel/Studio/7.0/Packs/atmel/ATmega_DFP/1.7.374/gcc/dev/atmega2560/avr6/crtatmega2560.o
                0x00000000                __vector_default
                0x00000000                __vectors
 *(.vectors)
 *(.progmem.gcc*)
 .progmem.gcc_sw_table.__vector_39
                0x000000e4       0xa2 I2C.o
 .progmem.gcc_sw_table.parseRxUbxNavPvt
                0x00000186       0x10 ZEDF9P.o
 .progmem.gcc_fplib
                0x00000196       0x2d c:/program files (x86)/atmel/studio/7.0/toolchain/avr8/avr8-gnu-toolchain/bin/../lib/gcc/avr/5.4.0/../../../../avr/lib/avr6\libm.a(atan.o)
 .progmem.gcc_fplib
                0x000001c3       0x1e c:/program files (x86)/atmel/studio/7.0/toolchain/avr8/avr8-gnu-toolchain/bin/../lib/gcc/avr/5.4.0/../../../../avr/lib/avr6\libm.a(fp_sinus.o)
                0x000001e2                . = ALIGN (0x2)
 *fill*         0x000001e1        0x1 
                0x000001e2                __trampolines_start = .
 *(.trampolines)
 .trampolines   0x000001e2        0x0 linker stubs
 *(.trampolines*)
                0x000001e2                __trampolines_end = .
 *libprintf_flt.a:*(.progmem.data)
 .progmem.data  0x000001e2        0x8 c:/program files (x86)/atmel/studio/7.0/toolchain/avr8/avr8-gnu-toolchain/bin/../lib/gcc/avr/5.4.0/../../../../avr/lib/avr6\libprintf_flt.a(vfprintf_flt.o)
 *libc.a:*(.progmem.data)
 .progmem.data  0x000001ea       0xfa c:/program files (x86)/atmel/studio/7.0/toolchain/avr8/avr8-gnu-toolchain/bin/../lib/gcc/avr/5.4.0/../../../../avr/lib/avr6\libc.a(ftoa_engine.o)
 *(.progmem*)
                0x000002e4                . = ALIGN (0x2)
 *(.jumptables)
 *(.jumptables*)
 *(.lowtext)
 *(.lowtext*)
                0x000002e4                __ctors_start = .
 *(.ctors)
                0x000002e4                __ctors_end = .
                0x000002e4                __dtors_start = .
 *(.dtors)
                0x000002e4                __dtors_end = .
 SORT(*)(.ctors)
 SORT(*)(.dtors)
 *(.init0)
 .init0         0x000002e4        0x0 C:/Program Files (x86)/Atmel/Studio/7.0/Packs/atmel/ATmega_DFP/1.7.374/gcc/dev/atmega2560/avr6/crtatmega2560.o
                0x000002e4                __init
 *(.init0)
 *(.init1)
 *(.init1)
 *(.init2)
 .init2         0x000002e4       0x10 C:/Program Files (x86)/Atmel/Studio/7.0/Packs/atmel/ATmega_DFP/1.7.374/gcc/dev/atmega2560/avr6/crtatmega2560.o
 *(.init2)
 *(.init3)
 *(.init3)
 *(.init4)
 .init4         0x000002f4       0x1a c:/program files (x86)/atmel/studio/7.0/toolchain/avr8/avr8-gnu-toolchain/bin/../lib/gcc/avr/5.4.0/avr6\libgcc.a(_copy_data.o)
                0x000002f4                __do_copy_data
 .init4         0x0000030e       0x10 c:/program files (x86)/atmel/studio/7.0/toolchain/avr8/avr8-gnu-toolchain/bin/../lib/gcc/avr/5.4.0/avr6\libgcc.a(_clear_bss.o)
                0x0000030e                __do_clear_bss
 *(.init4)
 *(.init5)
 *(.init5)
 *(.init6)
 *(.init6)
 *(.init7)
 *(.init7)
 *(.init8)
 *(.init8)
 *(.init9)
 .init9         0x0000031e        0x8 C:/Program Files (x86)/Atmel/Studio/7.0/Packs/atmel/ATmega_DFP/1.7.374/gcc/dev/atmega2560/avr6/crtatmega2560.o
 *(.init9)
 *(.text)
 .text          0x00000326        0x2 C:/Program Files (x86)/Atmel/Studio/7.0/Packs/atmel/ATmega_DFP/1.7.374/gcc/dev/atmega2560/avr6/crtatmega2560.o
                0x00000326                __vector_38
                0x00000326                __vector_22
                0x00000326                __vector_28
                0x00000326                __vector_1
                0x00000326                __vector_32
                0x00000326                __vector_34
                0x00000326                __vector_24
                0x00000326                __vector_12
                0x00000326                __vector_55
                0x00000326                __vector_46
                0x00000326                __bad_interrupt
                0x00000326                __vector_6
                0x00000326                __vector_31
                0x00000326                __vector_35
                0x00000326                __vector_3
                0x00000326                __vector_23
                0x00000326                __vector_30
                0x00000326                __vector_45
                0x00000326                __vector_11
                0x00000326                __vector_54
                0x00000326                __vector_13
                0x00000326                __vector_17
                0x00000326                __vector_19
                0x00000326                __vector_56
                0x00000326                __vector_7
                0x00000326                __vector_49
                0x00000326                __vector_41
                0x00000326                __vector_43
                0x00000326                __vector_27
                0x00000326                __vector_5
                0x00000326                __vector_33
                0x00000326                __vector_47
                0x00000326                __vector_4
                0x00000326                __vector_44
                0x00000326                __vector_9
                0x00000326                __vector_2
                0x00000326                __vector_15
                0x00000326                __vector_40
                0x00000326                __vector_8
                0x00000326                __vector_48
                0x00000326                __vector_14
                0x00000326                __vector_53
                0x00000326                __vector_50
                0x00000326                __vector_16
                0x00000326                __vector_18
                0x00000326                __vector_20
                0x00000326                __vector_42
                0x00000328                . = ALIGN (0x2)
 *(.text.*)
 .text.getX     0x00000328       0x2e I2C.o
                0x00000328                getX
 .text.getY     0x00000356       0x2e I2C.o
                0x00000356                getY
 .text.getZ     0x00000384       0x2e I2C.o
                0x00000384                getZ
 .text.i2cWriteByte
                0x000003b2       0x3e I2C.o
                0x000003b2                i2cWriteByte
 .text.setMode  0x000003f0        0xe I2C.o
                0x000003f0                setMode
 .text.i2cSetPointeur
                0x000003fe       0x3e I2C.o
                0x000003fe                i2cSetPointeur
 .text.i2cReadBytes
                0x0000043c       0x46 I2C.o
                0x0000043c                i2cReadBytes
 .text.i2cInit  0x00000482       0x14 I2C.o
                0x00000482                i2cInit
 .text.getAzimuth
                0x00000496       0xcc I2C.o
                0x00000496                getAzimuth
 .text.setCalibration
                0x00000562       0x34 I2C.o
                0x00000562                setCalibration
 .text.deg_toRad
                0x00000596       0x1a I2C.o
                0x00000596                deg_toRad
 .text.distance_entre_point
                0x000005b0      0x16a I2C.o
                0x000005b0                distance_entre_point
 .text.toDegrees
                0x0000071a       0x1a I2C.o
                0x0000071a                toDegrees
 .text.course   0x00000734      0x15e I2C.o
                0x00000734                course
 .text._applyCalibration
                0x00000892      0x202 I2C.o
                0x00000892                _applyCalibration
 .text.calibration
                0x00000a94      0x108 I2C.o
                0x00000a94                calibration
 .text.setSmoothing
                0x00000b9c       0x1e I2C.o
                0x00000b9c                setSmoothing
 .text._smoothing
                0x00000bba      0x2ac I2C.o
                0x00000bba                _smoothing
 .text.__vector_39
                0x00000e66      0x1dc I2C.o
                0x00000e66                __vector_39
 .text._lcdWrite4bits
                0x00001042       0x78 lcd.o
                0x00001042                _lcdWrite4bits
 .text._lcdWrite8Bits
                0x000010ba       0x22 lcd.o
                0x000010ba                _lcdWrite8Bits
 .text.lcdInit  0x000010dc       0xaa lcd.o
                0x000010dc                lcdInit
 .text.lcdPutc  0x00001186        0x6 lcd.o
                0x00001186                lcdPutc
 .text.lcdPuts  0x0000118c       0x28 lcd.o
                0x0000118c                lcdPuts
 .text.lcdSetPos
                0x000011b4       0x14 lcd.o
                0x000011b4                lcdSetPos
 .text.lcdClearScreen
                0x000011c8       0x14 lcd.o
                0x000011c8                lcdClearScreen
 .text.parseRxLidar
                0x000011dc      0x146 LiDAR.o
                0x000011dc                parseRxLidar
 .text.getDist  0x00001322        0xa LiDAR.o
                0x00001322                getDist
 .text.__vector_21
                0x0000132c       0x8a main.o
                0x0000132c                __vector_21
 .text.__vector_10
                0x000013b6       0x90 main.o
                0x000013b6                __vector_10
 .text.__vector_29
                0x00001446      0x15c main.o
                0x00001446                __vector_29
 .text.adcInit  0x000015a2       0x2c main.o
                0x000015a2                adcInit
 .text.moteurInit
                0x000015ce       0x8c main.o
                0x000015ce                moteurInit
 .text.lireClavier
                0x0000165a       0x24 main.o
                0x0000165a                lireClavier
 .text.controleManuel
                0x0000167e      0x15a main.o
                0x0000167e                controleManuel
 .text.ajusterDrirection
                0x000017d8      0x124 main.o
                0x000017d8                ajusterDrirection
 .text.tourner  0x000018fc       0x9e main.o
                0x000018fc                tourner
 .text.effectuerCalibration
                0x0000199a       0x52 main.o
                0x0000199a                effectuerCalibration
 .text.initBoussole
                0x000019ec       0x1c main.o
                0x000019ec                initBoussole
 .text.main     0x00001a08      0xc18 main.o
                0x00001a08                main
 .text.usart0Init
                0x00002620       0x76 USART0.o
                0x00002620                usart0Init
 .text.usart0RxAvailable
                0x00002696        0x6 USART0.o
                0x00002696                usart0RxAvailable
 .text.usart0RemRxData
                0x0000269c       0x40 USART0.o
                0x0000269c                usart0RemRxData
 .text.__vector_26
                0x000026dc       0x6a USART0.o
                0x000026dc                __vector_26
 .text.__vector_25
                0x00002746       0x66 USART0.o
                0x00002746                __vector_25
 .text.usartGpsSendByte
                0x000027ac       0x48 USART1.o
                0x000027ac                usartGpsSendByte
 .text.usartGpsInit
                0x000027f4       0x76 USART1.o
                0x000027f4                usartGpsInit
 .text.usartGpsRemRxData
                0x0000286a       0x40 USART1.o
                0x0000286a                usartGpsRemRxData
 .text.usartGpsSendBytes
                0x000028aa       0x38 USART1.o
                0x000028aa                usartGpsSendBytes
 .text.__vector_37
                0x000028e2       0x6a USART1.o
                0x000028e2                __vector_37
 .text.__vector_36
                0x0000294c       0x66 USART1.o
                0x0000294c                __vector_36
 .text.usart2SendByte
                0x000029b2       0x34 USART2.o
                0x000029b2                usart2SendByte
 .text.usart2Init
                0x000029e6       0x74 USART2.o
                0x000029e6                usart2Init
 .text.usart2RxAvailable
                0x00002a5a        0x6 USART2.o
                0x00002a5a                usart2RxAvailable
 .text.usart2RemRxData
                0x00002a60       0x34 USART2.o
                0x00002a60                usart2RemRxData
 .text.usart2SendString
                0x00002a94       0x32 USART2.o
                0x00002a94                usart2SendString
 .text.__vector_52
                0x00002ac6       0x5e USART2.o
                0x00002ac6                __vector_52
 .text.__vector_51
                0x00002b24       0x56 USART2.o
                0x00002b24                __vector_51
 .text.parseBluetoothManuel
                0x00002b7a      0x144 USART2.o
                0x00002b7a                parseBluetoothManuel
 .text.parseBluetoothAuto
                0x00002cbe      0x130 USART2.o
                0x00002cbe                parseBluetoothAuto
 .text.getJoystickGaucheX
                0x00002dee        0xa USART2.o
                0x00002dee                getJoystickGaucheX
 .text.getJoystickGaucheY
                0x00002df8        0xa USART2.o
                0x00002df8                getJoystickGaucheY
 .text.getBoutonX
                0x00002e02        0x6 USART2.o
                0x00002e02                getBoutonX
 .text.getBoutonO
                0x00002e08        0x6 USART2.o
                0x00002e08                getBoutonO
 .text.getLon   0x00002e0e       0x12 USART2.o
                0x00002e0e                getLon
 .text.getLat   0x00002e20       0x12 USART2.o
                0x00002e20                getLat
 .text.parseRxUbxNavPvt
                0x00002e32      0x2c4 ZEDF9P.o
                0x00002e32                parseRxUbxNavPvt
 .text.getNavPvtLat
                0x000030f6       0x1a ZEDF9P.o
                0x000030f6                getNavPvtLat
 .text.getNavPvtLon
                0x00003110       0x1a ZEDF9P.o
                0x00003110                getNavPvtLon
 .text.getNavPvtHacc
                0x0000312a        0xe ZEDF9P.o
                0x0000312a                getNavPvtHacc
 .text.getNavPvtVacc
                0x00003138        0xe ZEDF9P.o
                0x00003138                getNavPvtVacc
 .text.getNavPvtFixType
                0x00003146        0x6 ZEDF9P.o
                0x00003146                getNavPvtFixType
 .text.calculerChecksum
                0x0000314c       0x2a ZEDF9P.o
                0x0000314c                calculerChecksum
 .text.envoieConfigPortUart1
                0x00003176       0x84 ZEDF9P.o
                0x00003176                envoieConfigPortUart1
 .text.envoieConfigRate
                0x000031fa       0x6e ZEDF9P.o
                0x000031fa                envoieConfigRate
 .text.envoieConfigMsg
                0x00003268       0x68 ZEDF9P.o
                0x00003268                envoieConfigMsg
 .text.avr-libc.fplib
                0x000032d0        0xa c:/program files (x86)/atmel/studio/7.0/toolchain/avr8/avr8-gnu-toolchain/bin/../lib/gcc/avr/5.4.0/../../../../avr/lib/avr6\libm.a(addsf3.o)
                0x000032d0                __subsf3
                0x000032d2                __addsf3
 .text.avr-libc.fplib
                0x000032da       0xc0 c:/program files (x86)/atmel/studio/7.0/toolchain/avr8/avr8-gnu-toolchain/bin/../lib/gcc/avr/5.4.0/../../../../avr/lib/avr6\libm.a(addsf3x.o)
                0x000032f4                __addsf3x
 .text.avr-libc.fplib
                0x0000339a       0x74 c:/program files (x86)/atmel/studio/7.0/toolchain/avr8/avr8-gnu-toolchain/bin/../lib/gcc/avr/5.4.0/../../../../avr/lib/avr6\libm.a(atan2.o)
                0x000033b8                atan2
 .text.avr-libc.fplib
                0x0000340e       0x50 c:/program files (x86)/atmel/studio/7.0/toolchain/avr8/avr8-gnu-toolchain/bin/../lib/gcc/avr/5.4.0/../../../../avr/lib/avr6\libm.a(atan.o)
                0x0000340e                atan
 .text.avr-libc.fplib
                0x0000345e        0x8 c:/program files (x86)/atmel/studio/7.0/toolchain/avr8/avr8-gnu-toolchain/bin/../lib/gcc/avr/5.4.0/../../../../avr/lib/avr6\libm.a(cmpsf2.o)
                0x0000345e                __nesf2
                0x0000345e                __eqsf2
                0x0000345e                __cmpsf2
                0x0000345e                __ltsf2
                0x0000345e                __lesf2
 .text.avr-libc.fplib
                0x00003466        0x6 c:/program files (x86)/atmel/studio/7.0/toolchain/avr8/avr8-gnu-toolchain/bin/../lib/gcc/avr/5.4.0/../../../../avr/lib/avr6\libm.a(cos.o)
                0x00003466                cos
 .text.avr-libc.fplib
                0x0000346c        0x4 c:/program files (x86)/atmel/studio/7.0/toolchain/avr8/avr8-gnu-toolchain/bin/../lib/gcc/avr/5.4.0/../../../../avr/lib/avr6\libm.a(divsf3.o)
                0x0000346c                __divsf3
 .text.avr-libc.fplib
                0x00003470       0xcc c:/program files (x86)/atmel/studio/7.0/toolchain/avr8/avr8-gnu-toolchain/bin/../lib/gcc/avr/5.4.0/../../../../avr/lib/avr6\libm.a(divsf3x.o)
                0x00003486                __divsf3x
                0x0000348a                __divsf3_pse
 .text.avr-libc.fplib
                0x0000353c        0xa c:/program files (x86)/atmel/studio/7.0/toolchain/avr8/avr8-gnu-toolchain/bin/../lib/gcc/avr/5.4.0/../../../../avr/lib/avr6\libm.a(fixsfsi.o)
                0x0000353c                __fixsfsi
 .text.avr-libc.fplib
                0x00003546       0x58 c:/program files (x86)/atmel/studio/7.0/toolchain/avr8/avr8-gnu-toolchain/bin/../lib/gcc/avr/5.4.0/../../../../avr/lib/avr6\libm.a(fixunssfsi.o)
                0x00003546                __fixunssfsi
 .text.avr-libc.fplib
                0x0000359e       0x7a c:/program files (x86)/atmel/studio/7.0/toolchain/avr8/avr8-gnu-toolchain/bin/../lib/gcc/avr/5.4.0/../../../../avr/lib/avr6\libm.a(floatsisf.o)
                0x0000359e                __floatunsisf
                0x000035a2                __floatsisf
 .text.avr-libc.fplib
                0x00003618       0x9c c:/program files (x86)/atmel/studio/7.0/toolchain/avr8/avr8-gnu-toolchain/bin/../lib/gcc/avr/5.4.0/../../../../avr/lib/avr6\libm.a(fmod.o)
                0x00003626                fmod
 .text.avr-libc.fplib
                0x000036b4       0x48 c:/program files (x86)/atmel/studio/7.0/toolchain/avr8/avr8-gnu-toolchain/bin/../lib/gcc/avr/5.4.0/../../../../avr/lib/avr6\libm.a(fp_cmp.o)
                0x000036b4                __fp_cmp
 .text.avr-libc.fplib
                0x000036fc        0xc c:/program files (x86)/atmel/studio/7.0/toolchain/avr8/avr8-gnu-toolchain/bin/../lib/gcc/avr/5.4.0/../../../../avr/lib/avr6\libm.a(fp_inf.o)
                0x000036fc                __fp_inf
 .text.avr-libc.fplib
                0x00003708       0x1c c:/program files (x86)/atmel/studio/7.0/toolchain/avr8/avr8-gnu-toolchain/bin/../lib/gcc/avr/5.4.0/../../../../avr/lib/avr6\libm.a(fp_mpack.o)
                0x00003708                __fp_mpack
                0x0000370c                __fp_mpack_finite
 .text.avr-libc.fplib
                0x00003724        0x6 c:/program files (x86)/atmel/studio/7.0/toolchain/avr8/avr8-gnu-toolchain/bin/../lib/gcc/avr/5.4.0/../../../../avr/lib/avr6\libm.a(fp_nan.o)
                0x00003724                __fp_nan
 .text.avr-libc.fplib
                0x0000372a       0x4a c:/program files (x86)/atmel/studio/7.0/toolchain/avr8/avr8-gnu-toolchain/bin/../lib/gcc/avr/5.4.0/../../../../avr/lib/avr6\libm.a(fp_powser.o)
                0x0000372a                __fp_powser
 .text.avr-libc.fplib
                0x00003774        0xe c:/program files (x86)/atmel/studio/7.0/toolchain/avr8/avr8-gnu-toolchain/bin/../lib/gcc/avr/5.4.0/../../../../avr/lib/avr6\libm.a(fp_pscA.o)
                0x00003774                __fp_pscA
 .text.avr-libc.fplib
                0x00003782        0xe c:/program files (x86)/atmel/studio/7.0/toolchain/avr8/avr8-gnu-toolchain/bin/../lib/gcc/avr/5.4.0/../../../../avr/lib/avr6\libm.a(fp_pscB.o)
                0x00003782                __fp_pscB
 .text.avr-libc.fplib
                0x00003790       0x50 c:/program files (x86)/atmel/studio/7.0/toolchain/avr8/avr8-gnu-toolchain/bin/../lib/gcc/avr/5.4.0/../../../../avr/lib/avr6\libm.a(fp_rempio2.o)
                0x00003792                __fp_rempio2
 .text.avr-libc.fplib
                0x000037e0       0x22 c:/program files (x86)/atmel/studio/7.0/toolchain/avr8/avr8-gnu-toolchain/bin/../lib/gcc/avr/5.4.0/../../../../avr/lib/avr6\libm.a(fp_round.o)
                0x000037e0                __fp_round
 .text.avr-libc.fplib
                0x00003802       0x22 c:/program files (x86)/atmel/studio/7.0/toolchain/avr8/avr8-gnu-toolchain/bin/../lib/gcc/avr/5.4.0/../../../../avr/lib/avr6\libm.a(fp_sinus.o)
                0x00003802                __fp_sinus
 .text.avr-libc.fplib
                0x00003824       0x44 c:/program files (x86)/atmel/studio/7.0/toolchain/avr8/avr8-gnu-toolchain/bin/../lib/gcc/avr/5.4.0/../../../../avr/lib/avr6\libm.a(fp_split3.o)
                0x00003824                __fp_split3
                0x00003834                __fp_splitA
 .text.avr-libc.fplib
                0x00003868        0xe c:/program files (x86)/atmel/studio/7.0/toolchain/avr8/avr8-gnu-toolchain/bin/../lib/gcc/avr/5.4.0/../../../../avr/lib/avr6\libm.a(fp_zero.o)
                0x00003868                __fp_zero
                0x0000386a                __fp_szero
 .text.avr-libc.fplib
                0x00003876        0x8 c:/program files (x86)/atmel/studio/7.0/toolchain/avr8/avr8-gnu-toolchain/bin/../lib/gcc/avr/5.4.0/../../../../avr/lib/avr6\libm.a(gesf2.o)
                0x00003876                __gesf2
                0x00003876                __gtsf2
 .text.avr-libc.fplib
                0x0000387e        0xe c:/program files (x86)/atmel/studio/7.0/toolchain/avr8/avr8-gnu-toolchain/bin/../lib/gcc/avr/5.4.0/../../../../avr/lib/avr6\libm.a(inverse.o)
                0x0000387e                inverse
 .text.avr-libc.fplib
                0x0000388c        0x4 c:/program files (x86)/atmel/studio/7.0/toolchain/avr8/avr8-gnu-toolchain/bin/../lib/gcc/avr/5.4.0/../../../../avr/lib/avr6\libm.a(mulsf3.o)
                0x0000388c                __mulsf3
 .text.avr-libc.fplib
                0x00003890       0xc2 c:/program files (x86)/atmel/studio/7.0/toolchain/avr8/avr8-gnu-toolchain/bin/../lib/gcc/avr/5.4.0/../../../../avr/lib/avr6\libm.a(mulsf3x.o)
                0x000038a4                __mulsf3x
                0x000038a8                __mulsf3_pse
 .text.avr-libc.fplib
                0x00003952        0xc c:/program files (x86)/atmel/studio/7.0/toolchain/avr8/avr8-gnu-toolchain/bin/../lib/gcc/avr/5.4.0/../../../../avr/lib/avr6\libm.a(sin.o)
                0x00003952                sin
 .text.avr-libc.fplib
                0x0000395e       0x84 c:/program files (x86)/atmel/studio/7.0/toolchain/avr8/avr8-gnu-toolchain/bin/../lib/gcc/avr/5.4.0/../../../../avr/lib/avr6\libm.a(sqrt.o)
                0x00003966                sqrtf
                0x00003966                sqrt
 .text.avr-libc.fplib
                0x000039e2        0x6 c:/program files (x86)/atmel/studio/7.0/toolchain/avr8/avr8-gnu-toolchain/bin/../lib/gcc/avr/5.4.0/../../../../avr/lib/avr6\libm.a(square.o)
                0x000039e2                square
 .text.avr-libc.fplib
                0x000039e8        0xe c:/program files (x86)/atmel/studio/7.0/toolchain/avr8/avr8-gnu-toolchain/bin/../lib/gcc/avr/5.4.0/../../../../avr/lib/avr6\libm.a(fp_norm2.o)
                0x000039e8                __fp_norm2
 .text.avr-libc.fplib
                0x000039f6       0x22 c:/program files (x86)/atmel/studio/7.0/toolchain/avr8/avr8-gnu-toolchain/bin/../lib/gcc/avr/5.4.0/../../../../avr/lib/avr6\libm.a(fp_powsodd.o)
                0x000039f6                __fp_powsodd
 .text.avr-libc
                0x00003a18      0x712 c:/program files (x86)/atmel/studio/7.0/toolchain/avr8/avr8-gnu-toolchain/bin/../lib/gcc/avr/5.4.0/../../../../avr/lib/avr6\libprintf_flt.a(vfprintf_flt.o)
                0x00003a18                vfprintf
 .text.libgcc.div
                0x0000412a       0x26 c:/program files (x86)/atmel/studio/7.0/toolchain/avr8/avr8-gnu-toolchain/bin/../lib/gcc/avr/5.4.0/avr6\libgcc.a(_divmodhi4.o)
                0x0000412a                _div
                0x0000412a                __divmodhi4
 .text.libgcc.div
                0x00004150       0x28 c:/program files (x86)/atmel/studio/7.0/toolchain/avr8/avr8-gnu-toolchain/bin/../lib/gcc/avr/5.4.0/avr6\libgcc.a(_divmodsi4.o)
                0x00004150                __divmodsi4
 .text.libgcc.div
                0x00004178       0x10 c:/program files (x86)/atmel/studio/7.0/toolchain/avr8/avr8-gnu-toolchain/bin/../lib/gcc/avr/5.4.0/avr6\libgcc.a(_negsi2.o)
                0x00004178                __negsi2
 .text.libgcc   0x00004188       0x10 c:/program files (x86)/atmel/studio/7.0/toolchain/avr8/avr8-gnu-toolchain/bin/../lib/gcc/avr/5.4.0/avr6\libgcc.a(_tablejump2.o)
                0x00004188                __tablejump2__
 .text.libgcc.div
                0x00004198       0x28 c:/program files (x86)/atmel/studio/7.0/toolchain/avr8/avr8-gnu-toolchain/bin/../lib/gcc/avr/5.4.0/avr6\libgcc.a(_udivmodhi4.o)
                0x00004198                __udivmodhi4
 .text.libgcc.div
                0x000041c0       0x44 c:/program files (x86)/atmel/studio/7.0/toolchain/avr8/avr8-gnu-toolchain/bin/../lib/gcc/avr/5.4.0/avr6\libgcc.a(_udivmodsi4.o)
                0x000041c0                __udivmodsi4
 .text.avr-libc
                0x00004204       0x3a c:/program files (x86)/atmel/studio/7.0/toolchain/avr8/avr8-gnu-toolchain/bin/../lib/gcc/avr/5.4.0/../../../../avr/lib/avr6\libc.a(atoi.o)
                0x00004204                atoi
 .text.avr-libc
                0x0000423e       0x4c c:/program files (x86)/atmel/studio/7.0/toolchain/avr8/avr8-gnu-toolchain/bin/../lib/gcc/avr/5.4.0/../../../../avr/lib/avr6\libc.a(atol.o)
                0x0000423e                atol
 .text.avr-libc
                0x0000428a      0x1b0 c:/program files (x86)/atmel/studio/7.0/toolchain/avr8/avr8-gnu-toolchain/bin/../lib/gcc/avr/5.4.0/../../../../avr/lib/avr6\libc.a(ftoa_engine.o)
                0x0000428a                __ftoa_engine
 .text.avr-libc
                0x0000443a       0x16 c:/program files (x86)/atmel/studio/7.0/toolchain/avr8/avr8-gnu-toolchain/bin/../lib/gcc/avr/5.4.0/../../../../avr/lib/avr6\libc.a(strnlen_P.o)
                0x0000443a                strnlen_P
 .text.avr-libc
                0x00004450       0x16 c:/program files (x86)/atmel/studio/7.0/toolchain/avr8/avr8-gnu-toolchain/bin/../lib/gcc/avr/5.4.0/../../../../avr/lib/avr6\libc.a(strnlen.o)
                0x00004450                strnlen
 .text.avr-libc
                0x00004466       0x2a c:/program files (x86)/atmel/studio/7.0/toolchain/avr8/avr8-gnu-toolchain/bin/../lib/gcc/avr/5.4.0/../../../../avr/lib/avr6\libc.a(mulsi10.o)
                0x00004466                __mulsi_const_10
 .text.avr-libc
                0x00004490       0x10 c:/program files (x86)/atmel/studio/7.0/toolchain/avr8/avr8-gnu-toolchain/bin/../lib/gcc/avr/5.4.0/../../../../avr/lib/avr6\libc.a(mul10.o)
                0x00004490                __mulhi_const_10
 .text.avr-libc
                0x000044a0       0x78 c:/program files (x86)/atmel/studio/7.0/toolchain/avr8/avr8-gnu-toolchain/bin/../lib/gcc/avr/5.4.0/../../../../avr/lib/avr6\libc.a(fputc.o)
                0x000044a0                fputc
 .text.avr-libc
                0x00004518       0x5c c:/program files (x86)/atmel/studio/7.0/toolchain/avr8/avr8-gnu-toolchain/bin/../lib/gcc/avr/5.4.0/../../../../avr/lib/avr6\libc.a(sprintf.o)
                0x00004518                sprintf
 .text.avr-libc
                0x00004574       0xbc c:/program files (x86)/atmel/studio/7.0/toolchain/avr8/avr8-gnu-toolchain/bin/../lib/gcc/avr/5.4.0/../../../../avr/lib/avr6\libc.a(ultoa_invert.o)
                0x00004574                __ultoa_invert
                0x00004630                . = ALIGN (0x2)
 *(.fini9)
 .fini9         0x00004630        0x0 c:/program files (x86)/atmel/studio/7.0/toolchain/avr8/avr8-gnu-toolchain/bin/../lib/gcc/avr/5.4.0/avr6\libgcc.a(_exit.o)
                0x00004630                _exit
                0x00004630                exit
 *(.fini9)
 *(.fini8)
 *(.fini8)
 *(.fini7)
 *(.fini7)
 *(.fini6)
 *(.fini6)
 *(.fini5)
 *(.fini5)
 *(.fini4)
 *(.fini4)
 *(.fini3)
 *(.fini3)
 *(.fini2)
 *(.fini2)
 *(.fini1)
 *(.fini1)
 *(.fini0)
 .fini0         0x00004630        0x4 c:/program files (x86)/atmel/studio/7.0/toolchain/avr8/avr8-gnu-toolchain/bin/../lib/gcc/avr/5.4.0/avr6\libgcc.a(_exit.o)
 *(.fini0)
                0x00004634                _etext = .

.data           0x00800200       0xfa load address 0x00004634
                0x00800200                PROVIDE (__data_start, .)
 *(.data)
 *(.data*)
 .data._i2cModeRead
                0x00800200        0x1 I2C.o
                0x00800200                _i2cModeRead
 .data.calibrationData
                0x00800201        0xc I2C.o
                0x00800201                calibrationData
 .data._smoothSteps
                0x0080020d        0x1 I2C.o
                0x0080020d                _smoothSteps
 .data.refreshManuel
                0x0080020e        0x1 main.o
                0x0080020e                refreshManuel
 .data.password
                0x0080020f        0x4 main.o
                0x0080020f                password
 .data.refreshDist
                0x00800213        0x1 main.o
                0x00800213                refreshDist
 .data.tabLonMem
                0x00800214        0xc main.o
                0x00800214                tabLonMem
 .data.tabLatMem
                0x00800220        0xc main.o
                0x00800220                tabLatMem
 .data.nbPointGpsDispo
                0x0080022c        0x2 main.o
                0x0080022c                nbPointGpsDispo
 .data.id       0x0080022e        0x1 ZEDF9P.o
                0x0080022e                id
 *(.gnu.linkonce.d*)
 *(.rodata)
 *(.rodata*)
 .rodata.str1.1
                0x0080022f       0xcb main.o
                                 0xdb (size before relaxing)
 *(.gnu.linkonce.r*)
                0x008002fa                . = ALIGN (0x2)
                0x008002fa                _edata = .
                0x008002fa                PROVIDE (__data_end, .)

.bss            0x008002fa      0xada
                0x008002fa                PROVIDE (__bss_start, .)
 *(.bss)
 *(.bss*)
 .bss._i2cDataSize
                0x008002fa        0x1 I2C.o
                0x008002fa                _i2cDataSize
 .bss._i2cAdd   0x008002fb        0x1 I2C.o
                0x008002fb                _i2cAdd
 .bss._i2cRegistre
                0x008002fc        0x1 I2C.o
                0x008002fc                _i2cRegistre
 .bss.statePointeur
                0x008002fd        0x1 I2C.o
                0x008002fd                statePointeur
 .bss._i2cRxDataCnt
                0x008002fe        0x1 I2C.o
                0x008002fe                _i2cRxDataCnt
 .bss._i2cDataCnt
                0x008002ff        0x1 I2C.o
                0x008002ff                _i2cDataCnt
 .bss._i2cBusy  0x00800300        0x1 I2C.o
                0x00800300                _i2cBusy
 .bss._i2cErrorCode
                0x00800301        0x1 I2C.o
                0x00800301                _i2cErrorCode
 .bss.rawValue  0x00800302        0x6 I2C.o
                0x00800302                rawValue
 .bss._angle    0x00800308        0x4 I2C.o
                0x00800308                _angle
 .bss.cntSample
                0x0080030c        0x2 I2C.o
                0x0080030c                cntSample
 .bss._calibrationUse
                0x0080030e        0x1 I2C.o
                0x0080030e                _calibrationUse
 .bss._vSmooth  0x0080030f        0x6 I2C.o
                0x0080030f                _vSmooth
 .bss._vTotals  0x00800315        0xc I2C.o
                0x00800315                _vTotals
 .bss._vScan    0x00800321        0x2 I2C.o
                0x00800321                _vScan
 .bss._smoothAdvanced
                0x00800323        0x1 I2C.o
                0x00800323                _smoothAdvanced
 .bss._smoothUse
                0x00800324        0x1 I2C.o
                0x00800324                _smoothUse
 .bss.temp      0x00800325        0x2 LiDAR.o
                0x00800325                temp
 .bss.amp       0x00800327        0x2 LiDAR.o
                0x00800327                amp
 .bss.dist      0x00800329        0x2 LiDAR.o
                0x00800329                dist
 .bss.retour    0x0080032b        0x1 LiDAR.o
                0x0080032b                retour
 .bss.checksum  0x0080032c        0x1 LiDAR.o
                0x0080032c                checksum
 .bss.indexPayload2
                0x0080032d        0x1 LiDAR.o
                0x0080032d                indexPayload2
 .bss.indexTrame2
                0x0080032e        0x1 LiDAR.o
                0x0080032e                indexTrame2
 .bss.state2    0x0080032f        0x1 LiDAR.o
                0x0080032f                state2
 .bss.direction.2591
                0x00800330        0x1 main.o
 .bss.toucheManette
                0x00800331        0x1 main.o
                0x00800331                toucheManette
 .bss.flagCalibration
                0x00800332        0x1 main.o
                0x00800332                flagCalibration
 .bss.etatCoupe
                0x00800333        0x1 main.o
                0x00800333                etatCoupe
 .bss.distanceObjet
                0x00800334        0x2 main.o
                0x00800334                distanceObjet
 .bss.flagLidar
                0x00800336        0x1 main.o
                0x00800336                flagLidar
 .bss.flagPluie
                0x00800337        0x1 main.o
                0x00800337                flagPluie
 .bss.distanceMoyParcouru
                0x00800338        0x4 main.o
                0x00800338                distanceMoyParcouru
 .bss.angleActuel
                0x0080033c        0x4 main.o
                0x0080033c                angleActuel
 .bss.angleDest
                0x00800340        0x4 main.o
                0x00800340                angleDest
 .bss.distanceDest
                0x00800344        0x4 main.o
                0x00800344                distanceDest
 .bss.refreshAuto
                0x00800348        0x1 main.o
                0x00800348                refreshAuto
 .bss.refreshEnvoi
                0x00800349        0x1 main.o
                0x00800349                refreshEnvoi
 .bss.refreshLCD
                0x0080034a        0x1 main.o
                0x0080034a                refreshLCD
 .bss.refreshClavier
                0x0080034b        0x1 main.o
                0x0080034b                refreshClavier
 .bss.cntDixiemeDeSecLCD
                0x0080034c        0x2 main.o
                0x0080034c                cntDixiemeDeSecLCD
 .bss.cntDixiemeDeSec
                0x0080034e        0x1 main.o
                0x0080034e                cntDixiemeDeSec
 .bss.valPid    0x0080034f        0x2 main.o
                0x0080034f                valPid
 .bss.valSommeErreur
                0x00800351        0x2 main.o
                0x00800351                valSommeErreur
 .bss.niveauBatterie
                0x00800353        0x4 main.o
                0x00800353                niveauBatterie
 .bss.modeActuel
                0x00800357        0x1 main.o
                0x00800357                modeActuel
 .bss.minutesCoupe
                0x00800358        0x1 main.o
                0x00800358                minutesCoupe
 .bss.heureCoupe
                0x00800359        0x1 main.o
                0x00800359                heureCoupe
 .bss.setTemps  0x0080035a        0x1 main.o
                0x0080035a                setTemps
 .bss.set       0x0080035b        0x1 main.o
                0x0080035b                set
 .bss.cntMenu   0x0080035c        0x1 main.o
                0x0080035c                cntMenu
 .bss.modeTondeuse
                0x0080035d        0x1 main.o
                0x0080035d                modeTondeuse
 .bss.passwordValid
                0x0080035e        0x1 main.o
                0x0080035e                passwordValid
 .bss.cntPassword
                0x0080035f        0x1 main.o
                0x0080035f                cntPassword
 .bss.lastKey   0x00800360        0x1 main.o
                0x00800360                lastKey
 .bss.key       0x00800361        0x1 main.o
                0x00800361                key
 .bss.vitesseMoteurD
                0x00800362        0x2 main.o
                0x00800362                vitesseMoteurD
 .bss.vitesseMoteurG
                0x00800364        0x2 main.o
                0x00800364                vitesseMoteurG
 .bss.triAdc    0x00800366        0x1 main.o
                0x00800366                triAdc
 .bss.receptionAdc
                0x00800367        0x2 main.o
                0x00800367                receptionAdc
 .bss.joysticY  0x00800369        0x2 main.o
                0x00800369                joysticY
 .bss.joysticX  0x0080036b        0x2 main.o
                0x0080036b                joysticX
 .bss.encodeurDCnt
                0x0080036d        0x2 main.o
                0x0080036d                encodeurDCnt
 .bss.encodeurGCnt
                0x0080036f        0x2 main.o
                0x0080036f                encodeurGCnt
 .bss.encodeurEtatPrecedent2
                0x00800371        0x1 main.o
                0x00800371                encodeurEtatPrecedent2
 .bss.encodeurEtatPrecedent
                0x00800372        0x1 main.o
                0x00800372                encodeurEtatPrecedent
 .bss.dataLiDAR
                0x00800373        0x1 main.o
                0x00800373                dataLiDAR
 .bss.orientation
                0x00800374        0x1 main.o
                0x00800374                orientation
 .bss.cntLonMemoireJs
                0x00800375        0x1 main.o
                0x00800375                cntLonMemoireJs
 .bss.cntLatMemoireJs
                0x00800376        0x1 main.o
                0x00800376                cntLatMemoireJs
 .bss.indexDestination
                0x00800377        0x2 main.o
                0x00800377                indexDestination
 .bss.etapeModeAuto
                0x00800379        0x1 main.o
                0x00800379                etapeModeAuto
 .bss.dataBluetooth
                0x0080037a        0x1 main.o
                0x0080037a                dataBluetooth
 .bss.horizontalAcc
                0x0080037b        0x4 main.o
                0x0080037b                horizontalAcc
 .bss.verticalAcc
                0x0080037f        0x4 main.o
                0x0080037f                verticalAcc
 .bss.lon       0x00800383        0x4 main.o
                0x00800383                lon
 .bss.lat       0x00800387        0x4 main.o
                0x00800387                lat
 .bss.rxContentLiDAR
                0x0080038b        0x1 USART0.o
                0x0080038b                rxContentLiDAR
 .bss.txCntLiDAR
                0x0080038c        0x1 USART0.o
                0x0080038c                txCntLiDAR
 .bss.rxCntLiDAR
                0x0080038d        0x1 USART0.o
                0x0080038d                rxCntLiDAR
 .bss.rxBufferOutLiDAR
                0x0080038e        0x1 USART0.o
                0x0080038e                rxBufferOutLiDAR
 .bss.txBufferOutLiDAR
                0x0080038f        0x1 USART0.o
                0x0080038f                txBufferOutLiDAR
 .bss.rxBufferInLiDAR
                0x00800390        0x1 USART0.o
                0x00800390                rxBufferInLiDAR
 .bss.rxContentGPS
                0x00800391        0x1 USART1.o
                0x00800391                rxContentGPS
 .bss.txCntGPS  0x00800392        0x1 USART1.o
                0x00800392                txCntGPS
 .bss.rxCntGPS  0x00800393        0x1 USART1.o
                0x00800393                rxCntGPS
 .bss.rxBufferOutGPS
                0x00800394        0x1 USART1.o
                0x00800394                rxBufferOutGPS
 .bss.txBufferOutGPS
                0x00800395        0x1 USART1.o
                0x00800395                txBufferOutGPS
 .bss.rxBufferInGPS
                0x00800396        0x1 USART1.o
                0x00800396                rxBufferInGPS
 .bss.txBufferInGPS
                0x00800397        0x1 USART1.o
                0x00800397                txBufferInGPS
 .bss.longitudeRx
                0x00800398        0x4 USART2.o
                0x00800398                longitudeRx
 .bss.latitudeRx
                0x0080039c        0x4 USART2.o
                0x0080039c                latitudeRx
 .bss.z         0x008003a0        0x1 USART2.o
                0x008003a0                z
 .bss.status    0x008003a1        0x1 USART2.o
                0x008003a1                status
 .bss.boutonTriangle
                0x008003a2        0x1 USART2.o
                0x008003a2                boutonTriangle
 .bss.boutonO   0x008003a3        0x1 USART2.o
                0x008003a3                boutonO
 .bss.boutonX   0x008003a4        0x1 USART2.o
                0x008003a4                boutonX
 .bss.joystickReceptionY
                0x008003a5        0x2 USART2.o
                0x008003a5                joystickReceptionY
 .bss.joystickReceptionX
                0x008003a7        0x2 USART2.o
                0x008003a7                joystickReceptionX
 .bss.tabY      0x008003a9        0x5 USART2.o
                0x008003a9                tabY
 .bss.tabX      0x008003ae        0x5 USART2.o
                0x008003ae                tabX
 .bss.indexBluetoothProg
                0x008003b3        0x1 USART2.o
                0x008003b3                indexBluetoothProg
 .bss.indexBluetooth
                0x008003b4        0x1 USART2.o
                0x008003b4                indexBluetooth
 .bss.etatProg  0x008003b5        0x1 USART2.o
                0x008003b5                etatProg
 .bss.etats     0x008003b6        0x1 USART2.o
                0x008003b6                etats
 .bss.rxContentBluetooth
                0x008003b7        0x1 USART2.o
                0x008003b7                rxContentBluetooth
 .bss.txCntBluetooth
                0x008003b8        0x1 USART2.o
                0x008003b8                txCntBluetooth
 .bss.rxCntBluetooth
                0x008003b9        0x1 USART2.o
                0x008003b9                rxCntBluetooth
 .bss.rxBufferOutBluetooth
                0x008003ba        0x1 USART2.o
                0x008003ba                rxBufferOutBluetooth
 .bss.txBufferOutBluetooth
                0x008003bb        0x1 USART2.o
                0x008003bb                txBufferOutBluetooth
 .bss.rxBufferInBluetooth
                0x008003bc        0x1 USART2.o
                0x008003bc                rxBufferInBluetooth
 .bss.txBufferInBluetooth
                0x008003bd        0x1 USART2.o
                0x008003bd                txBufferInBluetooth
 .bss.length    0x008003be        0x1 ZEDF9P.o
                0x008003be                length
 .bss.retour2   0x008003bf        0x1 ZEDF9P.o
                0x008003bf                retour2
 .bss.checksumB
                0x008003c0        0x1 ZEDF9P.o
                0x008003c0                checksumB
 .bss.checksumA
                0x008003c1        0x1 ZEDF9P.o
                0x008003c1                checksumA
 .bss.indexPayload
                0x008003c2        0x1 ZEDF9P.o
                0x008003c2                indexPayload
 .bss.indexTrame
                0x008003c3        0x1 ZEDF9P.o
                0x008003c3                indexTrame
 .bss.ackConfigOdo
                0x008003c4        0x1 ZEDF9P.o
                0x008003c4                ackConfigOdo
 .bss.ackConfigMsg
                0x008003c5        0x1 ZEDF9P.o
                0x008003c5                ackConfigMsg
 .bss.ackConfigRate
                0x008003c6        0x1 ZEDF9P.o
                0x008003c6                ackConfigRate
 .bss.ackConfigUart1
                0x008003c7        0x1 ZEDF9P.o
                0x008003c7                ackConfigUart1
 .bss.state     0x008003c8        0x1 ZEDF9P.o
                0x008003c8                state
 *(COMMON)
 COMMON         0x008003c9       0x91 I2C.o
                0x008003c9                _i2cData
                0x00800409                _vCalibrated
                0x0080040f                pointCardinal
                0x00800412                _vCalibration
                0x0080041e                _vHistory
 COMMON         0x0080045a       0x12 LiDAR.o
                0x0080045a                trameLidarValide
                0x00800463                trameLidar
 COMMON         0x0080046c      0x3c9 main.o
                0x0080046c                cnt
                0x0080046d                tabLatMemJs
                0x008005fd                msgEncoD
                0x00800605                msgEnvoi
                0x00800637                msgGpsLat
                0x00800647                tabLonMemJs
                0x008007d7                msgEncoG
                0x008007df                msgGpsLon
                0x008007ef                window
                0x00800803                essaiUser
                0x00800807                msgLiDAR
                0x0080081b                msgTime
                0x0080082f                dataGps
                0x00800830                tempsCoupe
 COMMON         0x00800835       0x81 USART0.o
                0x00800835                txBufferLiDAR
                0x00800875                rxBufferLiDAR
                0x008008b5                _usartRxTmpLiDAR
 COMMON         0x008008b6      0x101 USART1.o
                0x008008b6                txBufferGPS
                0x00800936                _usartRxTmpGps
                0x00800937                rxBufferGPS
 COMMON         0x008009b7      0x314 USART2.o
                0x008009b7                trameBluetoothValideManette
                0x008009f7                _usartRxTmpBluetooth
                0x008009f8                trameBluetoothValide
                0x00800a38                trameBluetoothRxManette
                0x00800a78                trameBluetoothRx
                0x00800ab8                tabLat4
                0x00800ac1                tabLon4
                0x00800acb                txBufferBluetooth
                0x00800bcb                rxBufferBluetooth
 COMMON         0x00800ccb      0x109 ZEDF9P.o
                0x00800ccb                trameGpsNavOdoValide
                0x00800ce7                trameGpsNavPosllhValide
                0x00800d0b                trameGpsRx
                0x00800d6f                trameGpsNavPvtValide
                0x00800dd3                trame
                0x00800dd4                PROVIDE (__bss_end, .)
                0x00004634                __data_load_start = LOADADDR (.data)
                0x0000472e                __data_load_end = (__data_load_start + SIZEOF (.data))

.noinit         0x00800dd4        0x0
                [!provide]                PROVIDE (__noinit_start, .)
 *(.noinit*)
                [!provide]                PROVIDE (__noinit_end, .)
                0x00800dd4                _end = .
                [!provide]                PROVIDE (__heap_start, .)

.eeprom         0x00810000        0x0
 *(.eeprom*)
                0x00810000                __eeprom_end = .

.fuse
 *(.fuse)
 *(.lfuse)
 *(.hfuse)
 *(.efuse)

.lock
 *(.lock*)

.signature
 *(.signature*)

.user_signatures
 *(.user_signatures*)

.stab
 *(.stab)

.stabstr
 *(.stabstr)

.stab.excl
 *(.stab.excl)

.stab.exclstr
 *(.stab.exclstr)

.stab.index
 *(.stab.index)

.stab.indexstr
 *(.stab.indexstr)

.comment        0x00000000       0x5c
 *(.comment)
 .comment       0x00000000       0x30 I2C.o
                                 0x31 (size before relaxing)
 .comment       0x00000030       0x31 lcd.o
 .comment       0x00000030       0x31 LiDAR.o
 .comment       0x00000030       0x31 main.o
 .comment       0x00000030       0x31 USART0.o
 .comment       0x00000030       0x31 USART1.o
 .comment       0x00000030       0x31 USART2.o
 .comment       0x00000030       0x31 ZEDF9P.o
 .comment       0x00000030       0x2c c:/program files (x86)/atmel/studio/7.0/toolchain/avr8/avr8-gnu-toolchain/bin/../lib/gcc/avr/5.4.0/../../../../avr/lib/avr6\libprintf_flt.a(vfprintf_flt.o)
                                 0x2d (size before relaxing)
 .comment       0x0000005c       0x31 c:/program files (x86)/atmel/studio/7.0/toolchain/avr8/avr8-gnu-toolchain/bin/../lib/gcc/avr/5.4.0/../../../../avr/lib/avr6\libc.a(fputc.o)
 .comment       0x0000005c       0x31 c:/program files (x86)/atmel/studio/7.0/toolchain/avr8/avr8-gnu-toolchain/bin/../lib/gcc/avr/5.4.0/../../../../avr/lib/avr6\libc.a(sprintf.o)

.note.gnu.avr.deviceinfo
                0x00000000       0x40
 .note.gnu.avr.deviceinfo
                0x00000000       0x40 C:/Program Files (x86)/Atmel/Studio/7.0/Packs/atmel/ATmega_DFP/1.7.374/gcc/dev/atmega2560/avr6/crtatmega2560.o

.note.gnu.build-id
 *(.note.gnu.build-id)

.debug
 *(.debug)

.line
 *(.line)

.debug_srcinfo
 *(.debug_srcinfo)

.debug_sfnames
 *(.debug_sfnames)

.debug_aranges  0x00000000      0x410
 *(.debug_aranges)
 .debug_aranges
                0x00000000       0xe0 I2C.o
 .debug_aranges
                0x000000e0       0x50 lcd.o
 .debug_aranges
                0x00000130       0x38 LiDAR.o
 .debug_aranges
                0x00000168       0x78 main.o
 .debug_aranges
                0x000001e0       0x58 USART0.o
 .debug_aranges
                0x00000238       0x58 USART1.o
 .debug_aranges
                0x00000290       0x98 USART2.o
 .debug_aranges
                0x00000328       0xe8 ZEDF9P.o

.debug_pubnames
 *(.debug_pubnames)

.debug_info     0x00000000     0x4301
 *(.debug_info .gnu.linkonce.wi.*)
 .debug_info    0x00000000      0xbbc C:/Program Files (x86)/Atmel/Studio/7.0/Packs/atmel/ATmega_DFP/1.7.374/gcc/dev/atmega2560/avr6/crtatmega2560.o
 .debug_info    0x00000bbc      0xc36 I2C.o
 .debug_info    0x000017f2      0x5dd lcd.o
 .debug_info    0x00001dcf      0x21a LiDAR.o
 .debug_info    0x00001fe9      0xb52 main.o
 .debug_info    0x00002b3b      0x336 USART0.o
 .debug_info    0x00002e71      0x336 USART1.o
 .debug_info    0x000031a7      0x6e1 USART2.o
 .debug_info    0x00003888      0xa79 ZEDF9P.o

.debug_abbrev   0x00000000     0x1a11
 *(.debug_abbrev)
 .debug_abbrev  0x00000000      0xb1a C:/Program Files (x86)/Atmel/Studio/7.0/Packs/atmel/ATmega_DFP/1.7.374/gcc/dev/atmega2560/avr6/crtatmega2560.o
 .debug_abbrev  0x00000b1a      0x2c9 I2C.o
 .debug_abbrev  0x00000de3      0x1a4 lcd.o
 .debug_abbrev  0x00000f87       0xeb LiDAR.o
 .debug_abbrev  0x00001072      0x28e main.o
 .debug_abbrev  0x00001300      0x143 USART0.o
 .debug_abbrev  0x00001443      0x143 USART1.o
 .debug_abbrev  0x00001586      0x219 USART2.o
 .debug_abbrev  0x0000179f      0x272 ZEDF9P.o

.debug_line     0x00000000     0x2bca
 *(.debug_line .debug_line.* .debug_line_end)
 .debug_line    0x00000000      0x1fa C:/Program Files (x86)/Atmel/Studio/7.0/Packs/atmel/ATmega_DFP/1.7.374/gcc/dev/atmega2560/avr6/crtatmega2560.o
 .debug_line    0x000001fa      0x791 I2C.o
 .debug_line    0x0000098b      0x309 lcd.o
 .debug_line    0x00000c94      0x1bb LiDAR.o
 .debug_line    0x00000e4f      0xc7f main.o
 .debug_line    0x00001ace      0x277 USART0.o
 .debug_line    0x00001d45      0x277 USART1.o
 .debug_line    0x00001fbc      0x521 USART2.o
 .debug_line    0x000024dd      0x6ed ZEDF9P.o

.debug_frame    0x00000000      0xe4c
 *(.debug_frame)
 .debug_frame   0x00000000      0x3a4 I2C.o
 .debug_frame   0x000003a4       0xa0 lcd.o
 .debug_frame   0x00000444       0x54 LiDAR.o
 .debug_frame   0x00000498      0x2e8 main.o
 .debug_frame   0x00000780      0x134 USART0.o
 .debug_frame   0x000008b4      0x134 USART1.o
 .debug_frame   0x000009e8      0x1dc USART2.o
 .debug_frame   0x00000bc4      0x288 ZEDF9P.o

.debug_str      0x00000000     0x18fb
 *(.debug_str)
 .debug_str     0x00000000      0x3e6 C:/Program Files (x86)/Atmel/Studio/7.0/Packs/atmel/ATmega_DFP/1.7.374/gcc/dev/atmega2560/avr6/crtatmega2560.o
 .debug_str     0x000003e6      0x4c1 I2C.o
                                0x504 (size before relaxing)
 .debug_str     0x000008a7       0xb4 lcd.o
                                0x256 (size before relaxing)
 .debug_str     0x0000095b       0xc6 LiDAR.o
                                0x275 (size before relaxing)
 .debug_str     0x00000a21      0x4c3 main.o
                                0x704 (size before relaxing)
 .debug_str     0x00000ee4      0x165 USART0.o
                                0x329 (size before relaxing)
 .debug_str     0x00001049      0x133 USART1.o
                                0x31b (size before relaxing)
 .debug_str     0x0000117c      0x31b USART2.o
                                0x514 (size before relaxing)
 .debug_str     0x00001497      0x464 ZEDF9P.o
                                0x66a (size before relaxing)

.debug_loc      0x00000000     0x3368
 *(.debug_loc)
 .debug_loc     0x00000000      0xcc4 I2C.o
 .debug_loc     0x00000cc4      0x4ac lcd.o
 .debug_loc     0x00001170       0x8e LiDAR.o
 .debug_loc     0x000011fe      0xa8a main.o
 .debug_loc     0x00001c88      0x3cd USART0.o
 .debug_loc     0x00002055      0x3cd USART1.o
 .debug_loc     0x00002422      0x63e USART2.o
 .debug_loc     0x00002a60      0x908 ZEDF9P.o

.debug_macinfo
 *(.debug_macinfo)

.debug_weaknames
 *(.debug_weaknames)

.debug_funcnames
 *(.debug_funcnames)

.debug_typenames
 *(.debug_typenames)

.debug_varnames
 *(.debug_varnames)

.debug_pubtypes
 *(.debug_pubtypes)

.debug_ranges   0x00000000      0x4d0
 *(.debug_ranges)
 .debug_ranges  0x00000000       0xf0 I2C.o
 .debug_ranges  0x000000f0       0x40 lcd.o
 .debug_ranges  0x00000130       0x40 LiDAR.o
 .debug_ranges  0x00000170       0x98 main.o
 .debug_ranges  0x00000208       0x78 USART0.o
 .debug_ranges  0x00000280       0x78 USART1.o
 .debug_ranges  0x000002f8       0xd0 USART2.o
 .debug_ranges  0x000003c8      0x108 ZEDF9P.o

.debug_macro
 *(.debug_macro)
OUTPUT(Programme principal robot tondeuse.elf elf32-avr)
LOAD linker stubs
