Archive member included to satisfy reference by file (symbol)

c:/program files (x86)/atmel/studio/7.0/toolchain/avr8/avr8-gnu-toolchain/bin/../lib/gcc/avr/5.4.0/../../../../avr/lib/avr6\libm.a(addsf3.o)
                              I2C.o (__subsf3)
c:/program files (x86)/atmel/studio/7.0/toolchain/avr8/avr8-gnu-toolchain/bin/../lib/gcc/avr/5.4.0/../../../../avr/lib/avr6\libm.a(addsf3x.o)
                              c:/program files (x86)/atmel/studio/7.0/toolchain/avr8/avr8-gnu-toolchain/bin/../lib/gcc/avr/5.4.0/../../../../avr/lib/avr6\libm.a(addsf3.o) (__addsf3x)
c:/program files (x86)/atmel/studio/7.0/toolchain/avr8/avr8-gnu-toolchain/bin/../lib/gcc/avr/5.4.0/../../../../avr/lib/avr6\libm.a(atan2.o)
                              I2C.o (atan2)
c:/program files (x86)/atmel/studio/7.0/toolchain/avr8/avr8-gnu-toolchain/bin/../lib/gcc/avr/5.4.0/../../../../avr/lib/avr6\libm.a(atan.o)
                              c:/program files (x86)/atmel/studio/7.0/toolchain/avr8/avr8-gnu-toolchain/bin/../lib/gcc/avr/5.4.0/../../../../avr/lib/avr6\libm.a(atan2.o) (atan)
c:/program files (x86)/atmel/studio/7.0/toolchain/avr8/avr8-gnu-toolchain/bin/../lib/gcc/avr/5.4.0/../../../../avr/lib/avr6\libm.a(cmpsf2.o)
                              I2C.o (__ltsf2)
c:/program files (x86)/atmel/studio/7.0/toolchain/avr8/avr8-gnu-toolchain/bin/../lib/gcc/avr/5.4.0/../../../../avr/lib/avr6\libm.a(cos.o)
                              I2C.o (cos)
c:/program files (x86)/atmel/studio/7.0/toolchain/avr8/avr8-gnu-toolchain/bin/../lib/gcc/avr/5.4.0/../../../../avr/lib/avr6\libm.a(divsf3.o)
                              I2C.o (__divsf3)
c:/program files (x86)/atmel/studio/7.0/toolchain/avr8/avr8-gnu-toolchain/bin/../lib/gcc/avr/5.4.0/../../../../avr/lib/avr6\libm.a(divsf3x.o)
                              c:/program files (x86)/atmel/studio/7.0/toolchain/avr8/avr8-gnu-toolchain/bin/../lib/gcc/avr/5.4.0/../../../../avr/lib/avr6\libm.a(divsf3.o) (__divsf3x)
c:/program files (x86)/atmel/studio/7.0/toolchain/avr8/avr8-gnu-toolchain/bin/../lib/gcc/avr/5.4.0/../../../../avr/lib/avr6\libm.a(fixsfsi.o)
                              I2C.o (__fixsfsi)
c:/program files (x86)/atmel/studio/7.0/toolchain/avr8/avr8-gnu-toolchain/bin/../lib/gcc/avr/5.4.0/../../../../avr/lib/avr6\libm.a(fixunssfsi.o)
                              main.o (__fixunssfsi)
c:/program files (x86)/atmel/studio/7.0/toolchain/avr8/avr8-gnu-toolchain/bin/../lib/gcc/avr/5.4.0/../../../../avr/lib/avr6\libm.a(floatsisf.o)
                              main.o (__floatunsisf)
c:/program files (x86)/atmel/studio/7.0/toolchain/avr8/avr8-gnu-toolchain/bin/../lib/gcc/avr/5.4.0/../../../../avr/lib/avr6\libm.a(fmod.o)
                              I2C.o (fmod)
c:/program files (x86)/atmel/studio/7.0/toolchain/avr8/avr8-gnu-toolchain/bin/../lib/gcc/avr/5.4.0/../../../../avr/lib/avr6\libm.a(fp_cmp.o)
                              c:/program files (x86)/atmel/studio/7.0/toolchain/avr8/avr8-gnu-toolchain/bin/../lib/gcc/avr/5.4.0/../../../../avr/lib/avr6\libm.a(cmpsf2.o) (__fp_cmp)
c:/program files (x86)/atmel/studio/7.0/toolchain/avr8/avr8-gnu-toolchain/bin/../lib/gcc/avr/5.4.0/../../../../avr/lib/avr6\libm.a(fp_inf.o)
                              c:/program files (x86)/atmel/studio/7.0/toolchain/avr8/avr8-gnu-toolchain/bin/../lib/gcc/avr/5.4.0/../../../../avr/lib/avr6\libm.a(addsf3x.o) (__fp_inf)
c:/program files (x86)/atmel/studio/7.0/toolchain/avr8/avr8-gnu-toolchain/bin/../lib/gcc/avr/5.4.0/../../../../avr/lib/avr6\libm.a(fp_mpack.o)
                              c:/program files (x86)/atmel/studio/7.0/toolchain/avr8/avr8-gnu-toolchain/bin/../lib/gcc/avr/5.4.0/../../../../avr/lib/avr6\libm.a(fmod.o) (__fp_mpack)
c:/program files (x86)/atmel/studio/7.0/toolchain/avr8/avr8-gnu-toolchain/bin/../lib/gcc/avr/5.4.0/../../../../avr/lib/avr6\libm.a(fp_nan.o)
                              c:/program files (x86)/atmel/studio/7.0/toolchain/avr8/avr8-gnu-toolchain/bin/../lib/gcc/avr/5.4.0/../../../../avr/lib/avr6\libm.a(addsf3x.o) (__fp_nan)
c:/program files (x86)/atmel/studio/7.0/toolchain/avr8/avr8-gnu-toolchain/bin/../lib/gcc/avr/5.4.0/../../../../avr/lib/avr6\libm.a(fp_powser.o)
                              c:/program files (x86)/atmel/studio/7.0/toolchain/avr8/avr8-gnu-toolchain/bin/../lib/gcc/avr/5.4.0/../../../../avr/lib/avr6\libm.a(atan.o) (__fp_powser)
c:/program files (x86)/atmel/studio/7.0/toolchain/avr8/avr8-gnu-toolchain/bin/../lib/gcc/avr/5.4.0/../../../../avr/lib/avr6\libm.a(fp_pscA.o)
                              c:/program files (x86)/atmel/studio/7.0/toolchain/avr8/avr8-gnu-toolchain/bin/../lib/gcc/avr/5.4.0/../../../../avr/lib/avr6\libm.a(addsf3x.o) (__fp_pscA)
c:/program files (x86)/atmel/studio/7.0/toolchain/avr8/avr8-gnu-toolchain/bin/../lib/gcc/avr/5.4.0/../../../../avr/lib/avr6\libm.a(fp_pscB.o)
                              c:/program files (x86)/atmel/studio/7.0/toolchain/avr8/avr8-gnu-toolchain/bin/../lib/gcc/avr/5.4.0/../../../../avr/lib/avr6\libm.a(addsf3x.o) (__fp_pscB)
[...]
Memory Configuration

Name             Origin             Length             Attributes
text             0x00000000         0x00040000         xr
data             0x00800200         0x00002000         rw !x
eeprom           0x00810000         0x00001000         rw !x
fuse             0x00820000         0x00000003         rw !x
lock             0x00830000         0x00000400         rw !x
signature        0x00840000         0x00000400         rw !x
user_signatures  0x00850000         0x00000400         rw !x
*default*        0x00000000         0xffffffff

Linker script and memory map

Address of section .data set to 0x800200
LOAD C:/Program Files (x86)/Atmel/Studio/7.0/Packs/atmel/ATmega_DFP/1.7.374/gcc/dev/atmega2560/avr6/crtatmega2560.o
LOAD I2C.o
LOAD lcd.o
LOAD LiDAR.o
LOAD main.o
LOAD USART0.o
LOAD USART1.o
LOAD USART2.o
LOAD ZEDF9P.o
START GROUP
LOAD c:/program files (x86)/atmel/studio/7.0/toolchain/avr8/avr8-gnu-toolchain/bin/../lib/gcc/avr/5.4.0/../../../../avr/lib/avr6\libm.a
END GROUP
LOAD c:/program files (x86)/atmel/studio/7.0/toolchain/avr8/avr8-gnu-toolchain/bin/../lib/gcc/avr/5.4.0/../../../../avr/lib/avr6\libprintf_flt.a
START GROUP
LOAD c:/program files (x86)/atmel/studio/7.0/toolchain/avr8/avr8-gnu-toolchain/bin/../lib/gcc/avr/5.4.0/avr6\libgcc.a
LOAD c:/program files (x86)/atmel/studio/7.0/toolchain/avr8/avr8-gnu-toolchain/bin/../lib/gcc/avr/5.4.0/../../../../avr/lib/avr6\libm.a
LOAD c:/program files (x86)/atmel/studio/7.0/toolchain/avr8/avr8-gnu-toolchain/bin/../lib/gcc/avr/5.4.0/../../../../avr/lib/avr6\libc.a
LOAD C:/Program Files (x86)/Atmel/Studio/7.0/Packs/atmel/ATmega_DFP/1.7.374/gcc/dev/atmega2560/avr6\libatmega2560.a
END GROUP
                0x00000000                __TEXT_REGION_ORIGIN__ = DEFINED (__TEXT_REGION_ORIGIN__)?__TEXT_REGION_ORIGIN__:0x0
                [0x00800200]                __DATA_REGION_ORIGIN__ = DEFINED (__DATA_REGION_ORIGIN__)?__DATA_REGION_ORIGIN__:0x800200
                [0x00040000]                __TEXT_REGION_LENGTH__ = DEFINED (__TEXT_REGION_LENGTH__)?__TEXT_REGION_LENGTH__:0x100000
                [0x00002000]                __DATA_REGION_LENGTH__ = DEFINED (__DATA_REGION_LENGTH__)?__DATA_REGION_LENGTH__:0xfe00
                [0x00001000]                __EEPROM_REGION_LENGTH__ = DEFINED (__EEPROM_REGION_LENGTH__)?__EEPROM_REGION_LENGTH__:0x10000
                [0x00000003]                __FUSE_REGION_LENGTH__ = DEFINED (__FUSE_REGION_LENGTH__)?__FUSE_REGION_LENGTH__:0x400
                0x00000400                __LOCK_REGION_LENGTH__ = DEFINED (__LOCK_REGION_LENGTH__)?__LOCK_REGION_LENGTH__:0x400
                0x00000400                __SIGNATURE_REGION_LENGTH__ = DEFINED (__SIGNATURE_REGION_LENGTH__)?__SIGNATURE_REGION_LENGTH__:0x400
                0x00000400                __USER_SIGNATURE_REGION_LENGTH__ = DEFINED (__USER_SIGNATURE_REGION_LENGTH__)?__USER_SIGNATURE_REGION_LENGTH__:0x400

.hash
 *(.hash)

.dynsym
 *(.dynsym)

.dynstr
 *(.dynstr)

.gnu.version
 *(.gnu.version)

.gnu.version_d
 *(.gnu.version_d)

.gnu.version_r
 *(.gnu.version_r)

.rel.init
 *(.rel.init)

.rela.init
 *(.rela.init)

.rel.text
 *(.rel.text)
 *(.rel.text.*)
 *(.rel.gnu.linkonce.t*)

.rela.text
 *(.rela.text)
 *(.rela.text.*)
 *(.rela.gnu.linkonce.t*)

.rel.fini
 *(.rel.fini)

.rela.fini
 *(.rela.fini)

.rel.rodata
 *(.rel.rodata)
 *(.rel.rodata.*)
 *(.rel.gnu.linkonce.r*)

.rela.rodata
 *(.rela.rodata)
 *(.rela.rodata.*)
 *(.rela.gnu.linkonce.r*)

.rel.data
 *(.rel.data)
 *(.rel.data.*)
 *(.rel.gnu.linkonce.d*)

.rela.data
 *(.rela.data)
 *(.rela.data.*)
 *(.rela.gnu.linkonce.d*)

.rel.ctors
 *(.rel.ctors)

.rela.ctors
 *(.rela.ctors)

.rel.dtors
 *(.rel.dtors)

.rela.dtors
 *(.rela.dtors)

.rel.got
 *(.rel.got)

.rela.got
 *(.rela.got)

.rel.bss
 *(.rel.bss)

.rela.bss
 *(.rela.bss)

.rel.plt
 *(.rel.plt)

.rela.plt
 *(.rela.plt)

.text           0x00000000     0x4a70
 *(.vectors)
 .vectors       0x00000000       0xe4 C:/Program Files (x86)/Atmel/Studio/7.0/Packs/atmel/ATmega_DFP/1.7.374/gcc/dev/atmega2560/avr6/crtatmega2560.o
                0x00000000                __vector_default
                0x00000000                __vectors
 *(.vectors)
 *(.progmem.gcc*)
 .progmem.gcc_sw_table.__vector_39
                0x000000e4       0xa2 I2C.o
 .progmem.gcc_sw_table.parseRxUbxNavPvt
                0x00000186       0x10 ZEDF9P.o
 .progmem.gcc_fplib
                0x00000196       0x2d c:/program files (x86)/atmel/studio/7.0/toolchain/avr8/avr8-gnu-toolchain/bin/../lib/gcc/avr/5.4.0/../../../../avr/lib/avr6\libm.a(atan.o)
 .progmem.gcc_fplib
                0x000001c3       0x1e c:/program files (x86)/atmel/studio/7.0/toolchain/avr8/avr8-gnu-toolchain/bin/../lib/gcc/avr/5.4.0/../../../../avr/lib/avr6\libm.a(fp_sinus.o)
                0x000001e2                . = ALIGN (0x2)
 *fill*         0x000001e1        0x1 
                0x000001e2                __trampolines_start = .
 *(.trampolines)
 .trampolines   0x000001e2        0x0 linker stubs
 *(.trampolines*)
                0x000001e2                __trampolines_end = .
 *libprintf_flt.a:*(.progmem.data)
 .progmem.data  0x000001e2        0x8 c:/program files (x86)/atmel/studio/7.0/toolchain/avr8/avr8-gnu-toolchain/bin/../lib/gcc/avr/5.4.0/../../../../avr/lib/avr6\libprintf_flt.a(vfprintf_flt.o)
 *libc.a:*(.progmem.data)
 .progmem.data  0x000001ea       0xfa c:/program files (x86)/atmel/studio/7.0/toolchain/avr8/avr8-gnu-toolchain/bin/../lib/gcc/avr/5.4.0/../../../../avr/lib/avr6\libc.a(ftoa_engine.o)
 *(.progmem*)
                0x000002e4                . = ALIGN (0x2)
 *(.jumptables)
 *(.jumptables*)
 *(.lowtext)
 *(.lowtext*)
                0x000002e4                __ctors_start = .
 *(.ctors)
                0x000002e4                __ctors_end = .
                0x000002e4                __dtors_start = .
 *(.dtors)
                0x000002e4                __dtors_end = .
 SORT(*)(.ctors)
 SORT(*)(.dtors)
 *(.init0)
 .init0         0x000002e4        0x0 C:/Program Files (x86)/Atmel/Studio/7.0/Packs/atmel/ATmega_DFP/1.7.374/gcc/dev/atmega2560/avr6/crtatmega2560.o
                0x000002e4                __init
 *(.init0)
 *(.init1)
 *(.init1)
 *(.init2)
 .init2         0x000002e4       0x10 C:/Program Files (x86)/Atmel/Studio/7.0/Packs/atmel/ATmega_DFP/1.7.374/gcc/dev/atmega2560/avr6/crtatmega2560.o
 *(.init2)
 *(.init3)
 *(.init3)
 *(.init4)
 .init4         0x000002f4       0x1a c:/program files (x86)/atmel/studio/7.0/toolchain/avr8/avr8-gnu-toolchain/bin/../lib/gcc/avr/5.4.0/avr6\libgcc.a(_copy_data.o)
                0x000002f4                __do_copy_data
 .init4         0x0000030e       0x10 c:/program files (x86)/atmel/studio/7.0/toolchain/avr8/avr8-gnu-toolchain/bin/../lib/gcc/avr/5.4.0/avr6\libgcc.a(_clear_bss.o)
                0x0000030e                __do_clear_bss
 *(.init4)
 *(.init5)
 *(.init5)
 *(.init6)
 *(.init6)
 *(.init7)
 *(.init7)
 *(.init8)
 *(.init8)
 *(.init9)
 .init9         0x0000031e        0x8 C:/Program Files (x86)/Atmel/Studio/7.0/Packs/atmel/ATmega_DFP/1.7.374/gcc/dev/atmega2560/avr6/crtatmega2560.o
 *(.init9)
 *(.text)
 .text          0x00000326        0x2 C:/Program Files (x86)/Atmel/Studio/7.0/Packs/atmel/ATmega_DFP/1.7.374/gcc/dev/atmega2560/avr6/crtatmega2560.o
                0x00000326                __vector_38
                0x00000326                __vector_22
                0x00000326                __vector_28
                0x00000326                __vector_1
                0x00000326                __vector_32
                0x00000326                __vector_34
                0x00000326                __vector_24
                0x00000326                __vector_12
                0x00000326                __vector_55
                0x00000326                __vector_46
                0x00000326                __bad_interrupt
                0x00000326                __vector_6
                0x00000326                __vector_31
                0x00000326                __vector_35
                0x00000326                __vector_3
                0x00000326                __vector_23
                0x00000326                __vector_30
                0x00000326                __vector_45
                0x00000326                __vector_11
                0x00000326                __vector_54
                0x00000326                __vector_13
                0x00000326                __vector_17
                0x00000326                __vector_19
                0x00000326                __vector_56
                0x00000326                __vector_7
                0x00000326                __vector_49
                0x00000326                __vector_41
                0x00000326                __vector_43
                0x00000326                __vector_27
                0x00000326                __vector_5
                0x00000326                __vector_33
                0x00000326                __vector_47
                0x00000326                __vector_4
                0x00000326                __vector_44
                0x00000326                __vector_9
                0x00000326                __vector_2
                0x00000326                __vector_15
                0x00000326                __vector_40
                0x00000326                __vector_8
                0x00000326                __vector_48
                0x00000326                __vector_14
                0x00000326                __vector_53
                0x00000326                __vector_50
                0x00000326                __vector_16
                0x00000326                __vector_18
                0x00000326                __vector_20
                0x00000326                __vector_42
                0x00000328                . = ALIGN (0x2)
 *(.text.*)
 .text.getX     0x00000328       0x2e I2C.o
                0x00000328                getX
 .text.getY     0x00000356       0x2e I2C.o
                0x00000356                getY
 .text.getZ     0x00000384       0x2e I2C.o
                0x00000384                getZ
 .text.i2cWriteByte
                0x000003b2       0x3e I2C.o
                0x000003b2                i2cWriteByte
 .text.setMode  0x000003f0        0xe I2C.o
                0x000003f0                setMode
 .text.i2cSetPointeur
                0x000003fe       0x3e I2C.o
                0x000003fe                i2cSetPointeur
 .text.i2cReadBytes
                0x0000043c       0x46 I2C.o
                0x0000043c                i2cReadBytes
 .text.i2cInit  0x00000482       0x14 I2C.o
                0x00000482                i2cInit
 .text.getAzimuth
                0x00000496       0xcc I2C.o
                0x00000496                getAzimuth
 .text.setCalibration
                0x00000562       0x34 I2C.o
                0x00000562                setCalibration
 .text.deg_toRad
                0x00000596       0x1a I2C.o
                0x00000596                deg_toRad
 .text.distance_entre_point
                0x000005b0      0x16a I2C.o
                0x000005b0                distance_entre_point
 .text.toDegrees
                0x0000071a       0x1a I2C.o
                0x0000071a                toDegrees
 .text.course   0x00000734      0x168 I2C.o
                0x00000734                course
 .text._applyCalibration
                0x0000089c      0x202 I2C.o
                0x0000089c                _applyCalibration
 .text.calibration
                0x00000a9e      0x108 I2C.o
                0x00000a9e                calibration
 .text.setSmoothing
                0x00000ba6       0x1e I2C.o
                0x00000ba6                setSmoothing
 .text._smoothing
                0x00000bc4      0x2ac I2C.o
                0x00000bc4                _smoothing
 .text.__vector_39
                0x00000e70      0x1dc I2C.o
                0x00000e70                __vector_39
 .text._lcdWrite4bits
                0x0000104c       0x78 lcd.o
                0x0000104c                _lcdWrite4bits
 .text._lcdWrite8Bits
                0x000010c4       0x22 lcd.o
                0x000010c4                _lcdWrite8Bits
 .text.lcdInit  0x000010e6       0xaa lcd.o
                0x000010e6                lcdInit
 .text.lcdPutc  0x00001190        0x6 lcd.o
                0x00001190                lcdPutc
 .text.lcdPuts  0x00001196       0x28 lcd.o
                0x00001196                lcdPuts
 .text.lcdSetPos
                0x000011be       0x14 lcd.o
                0x000011be                lcdSetPos
 .text.lcdClearScreen
                0x000011d2       0x14 lcd.o
                0x000011d2                lcdClearScreen
 .text.parseRxLidar
                0x000011e6      0x146 LiDAR.o
                0x000011e6                parseRxLidar
 .text.getDist  0x0000132c        0xa LiDAR.o
                0x0000132c                getDist
 .text.__vector_21
                0x00001336       0x8a main.o
                0x00001336                __vector_21
 .text.__vector_10
                0x000013c0       0x90 main.o
                0x000013c0                __vector_10
 .text.__vector_29
                0x00001450      0x15c main.o
                0x00001450                __vector_29
 .text.adcInit  0x000015ac       0x2c main.o
                0x000015ac                adcInit
 .text.moteurInit
                0x000015d8       0x8c main.o
                0x000015d8                moteurInit
 .text.lireClavier
                0x00001664       0x24 main.o
                0x00001664                lireClavier
 .text.controleManuel
                0x00001688      0x15a main.o
                0x00001688                controleManuel
 .text.ajusterDrirection
                0x000017e2      0x1e0 main.o
                0x000017e2                ajusterDrirection
 .text.tourner  0x000019c2       0x9e main.o
                0x000019c2                tourner
 .text.effectuerCalibration
                0x00001a60       0x52 main.o
                0x00001a60                effectuerCalibration
 .text.initBoussole
                0x00001ab2       0x1c main.o
                0x00001ab2                initBoussole
 .text.retourMaison
                0x00001ace      0x282 main.o
                0x00001ace                retourMaison
 .text.main     0x00001d50      0xd0c main.o
                0x00001d50                main
 .text.usart0Init
                0x00002a5c       0x76 USART0.o
                0x00002a5c                usart0Init
 .text.usart0RxAvailable
                0x00002ad2        0x6 USART0.o
                0x00002ad2                usart0RxAvailable
 .text.usart0RemRxData
                0x00002ad8       0x40 USART0.o
                0x00002ad8                usart0RemRxData
 .text.__vector_26
                0x00002b18       0x6a USART0.o
                0x00002b18                __vector_26
 .text.__vector_25
                0x00002b82       0x66 USART0.o
                0x00002b82                __vector_25
 .text.usartGpsSendByte
                0x00002be8       0x48 USART1.o
                0x00002be8                usartGpsSendByte
 .text.usartGpsInit
                0x00002c30       0x76 USART1.o
                0x00002c30                usartGpsInit
 .text.usartGpsRemRxData
                0x00002ca6       0x40 USART1.o
                0x00002ca6                usartGpsRemRxData
 .text.usartGpsSendBytes
                0x00002ce6       0x38 USART1.o
                0x00002ce6                usartGpsSendBytes
 .text.__vector_37
                0x00002d1e       0x6a USART1.o
                0x00002d1e                __vector_37
 .text.__vector_36
                0x00002d88       0x66 USART1.o
                0x00002d88                __vector_36
 .text.usart2SendByte
                0x00002dee       0x34 USART2.o
                0x00002dee                usart2SendByte
 .text.usart2Init
                0x00002e22       0x74 USART2.o
                0x00002e22                usart2Init
 .text.usart2RxAvailable
                0x00002e96        0x6 USART2.o
                0x00002e96                usart2RxAvailable
 .text.usart2RemRxData
                0x00002e9c       0x34 USART2.o
                0x00002e9c                usart2RemRxData
 .text.usart2SendString
                0x00002ed0       0x32 USART2.o
                0x00002ed0                usart2SendString
 .text.__vector_52
                0x00002f02       0x5e USART2.o
                0x00002f02                __vector_52
 .text.__vector_51
                0x00002f60       0x56 USART2.o
                0x00002f60                __vector_51
 .text.parseBluetoothManuel
                0x00002fb6      0x144 USART2.o
                0x00002fb6                parseBluetoothManuel
 .text.parseBluetoothAuto
                0x000030fa      0x130 USART2.o
                0x000030fa                parseBluetoothAuto
 .text.getJoystickGaucheX
                0x0000322a        0xa USART2.o
                0x0000322a                getJoystickGaucheX
 .text.getJoystickGaucheY
                0x00003234        0xa USART2.o
                0x00003234                getJoystickGaucheY
 .text.getBoutonX
                0x0000323e        0x6 USART2.o
                0x0000323e                getBoutonX
 .text.getBoutonO
                0x00003244        0x6 USART2.o
                0x00003244                getBoutonO
 .text.getLon   0x0000324a       0x12 USART2.o
                0x0000324a                getLon
 .text.getLat   0x0000325c       0x12 USART2.o
                0x0000325c                getLat
 .text.parseRxUbxNavPvt
                0x0000326e      0x2c4 ZEDF9P.o
                0x0000326e                parseRxUbxNavPvt
 .text.getNavPvtLat
                0x00003532       0x1a ZEDF9P.o
                0x00003532                getNavPvtLat
 .text.getNavPvtLon
                0x0000354c       0x1a ZEDF9P.o
                0x0000354c                getNavPvtLon
 .text.getNavPvtHacc
                0x00003566        0xe ZEDF9P.o
                0x00003566                getNavPvtHacc
 .text.getNavPvtVacc
                0x00003574        0xe ZEDF9P.o
                0x00003574                getNavPvtVacc
 .text.getNavPvtFixType
                0x00003582        0x6 ZEDF9P.o
                0x00003582                getNavPvtFixType
 .text.calculerChecksum
                0x00003588       0x2a ZEDF9P.o
                0x00003588                calculerChecksum
 .text.envoieConfigPortUart1
                0x000035b2       0x84 ZEDF9P.o
                0x000035b2                envoieConfigPortUart1
 .text.envoieConfigRate
                0x00003636       0x6e ZEDF9P.o
                0x00003636                envoieConfigRate
 .text.envoieConfigMsg
                0x000036a4       0x68 ZEDF9P.o
                0x000036a4                envoieConfigMsg
 .text.avr-libc.fplib
                0x0000370c        0xa c:/program files (x86)/atmel/studio/7.0/toolchain/avr8/avr8-gnu-toolchain/bin/../lib/gcc/avr/5.4.0/../../../../avr/lib/avr6\libm.a(addsf3.o)
                0x0000370c                __subsf3
                0x0000370e                __addsf3
 .text.avr-libc.fplib
                0x00003716       0xc0 c:/program files (x86)/atmel/studio/7.0/toolchain/avr8/avr8-gnu-toolchain/bin/../lib/gcc/avr/5.4.0/../../../../avr/lib/avr6\libm.a(addsf3x.o)
                0x00003730                __addsf3x
 .text.avr-libc.fplib
                0x000037d6       0x74 c:/program files (x86)/atmel/studio/7.0/toolchain/avr8/avr8-gnu-toolchain/bin/../lib/gcc/avr/5.4.0/../../../../avr/lib/avr6\libm.a(atan2.o)
                0x000037f4                atan2
 .text.avr-libc.fplib
                0x0000384a       0x50 c:/program files (x86)/atmel/studio/7.0/toolchain/avr8/avr8-gnu-toolchain/bin/../lib/gcc/avr/5.4.0/../../../../avr/lib/avr6\libm.a(atan.o)
                0x0000384a                atan
 .text.avr-libc.fplib
                0x0000389a        0x8 c:/program files (x86)/atmel/studio/7.0/toolchain/avr8/avr8-gnu-toolchain/bin/../lib/gcc/avr/5.4.0/../../../../avr/lib/avr6\libm.a(cmpsf2.o)
                0x0000389a                __nesf2
                0x0000389a                __eqsf2
                0x0000389a                __cmpsf2
                0x0000389a                __ltsf2
                0x0000389a                __lesf2
 .text.avr-libc.fplib
                0x000038a2        0x6 c:/program files (x86)/atmel/studio/7.0/toolchain/avr8/avr8-gnu-toolchain/bin/../lib/gcc/avr/5.4.0/../../../../avr/lib/avr6\libm.a(cos.o)
                0x000038a2                cos
 .text.avr-libc.fplib
                0x000038a8        0x4 c:/program files (x86)/atmel/studio/7.0/toolchain/avr8/avr8-gnu-toolchain/bin/../lib/gcc/avr/5.4.0/../../../../avr/lib/avr6\libm.a(divsf3.o)
                0x000038a8                __divsf3
 .text.avr-libc.fplib
                0x000038ac       0xcc c:/program files (x86)/atmel/studio/7.0/toolchain/avr8/avr8-gnu-toolchain/bin/../lib/gcc/avr/5.4.0/../../../../avr/lib/avr6\libm.a(divsf3x.o)
                0x000038c2                __divsf3x
                0x000038c6                __divsf3_pse
 .text.avr-libc.fplib
                0x00003978        0xa c:/program files (x86)/atmel/studio/7.0/toolchain/avr8/avr8-gnu-toolchain/bin/../lib/gcc/avr/5.4.0/../../../../avr/lib/avr6\libm.a(fixsfsi.o)
                0x00003978                __fixsfsi
 .text.avr-libc.fplib
                0x00003982       0x58 c:/program files (x86)/atmel/studio/7.0/toolchain/avr8/avr8-gnu-toolchain/bin/../lib/gcc/avr/5.4.0/../../../../avr/lib/avr6\libm.a(fixunssfsi.o)
                0x00003982                __fixunssfsi
 .text.avr-libc.fplib
                0x000039da       0x7a c:/program files (x86)/atmel/studio/7.0/toolchain/avr8/avr8-gnu-toolchain/bin/../lib/gcc/avr/5.4.0/../../../../avr/lib/avr6\libm.a(floatsisf.o)
                0x000039da                __floatunsisf
                0x000039de                __floatsisf
 .text.avr-libc.fplib
                0x00003a54       0x9c c:/program files (x86)/atmel/studio/7.0/toolchain/avr8/avr8-gnu-toolchain/bin/../lib/gcc/avr/5.4.0/../../../../avr/lib/avr6\libm.a(fmod.o)
                0x00003a62                fmod
 .text.avr-libc.fplib
                0x00003af0       0x48 c:/program files (x86)/atmel/studio/7.0/toolchain/avr8/avr8-gnu-toolchain/bin/../lib/gcc/avr/5.4.0/../../../../avr/lib/avr6\libm.a(fp_cmp.o)
                0x00003af0                __fp_cmp
 .text.avr-libc.fplib
                0x00003b38        0xc c:/program files (x86)/atmel/studio/7.0/toolchain/avr8/avr8-gnu-toolchain/bin/../lib/gcc/avr/5.4.0/../../../../avr/lib/avr6\libm.a(fp_inf.o)
                0x00003b38                __fp_inf
 .text.avr-libc.fplib
                0x00003b44       0x1c c:/program files (x86)/atmel/studio/7.0/toolchain/avr8/avr8-gnu-toolchain/bin/../lib/gcc/avr/5.4.0/../../../../avr/lib/avr6\libm.a(fp_mpack.o)
                0x00003b44                __fp_mpack
                0x00003b48                __fp_mpack_finite
 .text.avr-libc.fplib
                0x00003b60        0x6 c:/program files (x86)/atmel/studio/7.0/toolchain/avr8/avr8-gnu-toolchain/bin/../lib/gcc/avr/5.4.0/../../../../avr/lib/avr6\libm.a(fp_nan.o)
                0x00003b60                __fp_nan
 .text.avr-libc.fplib
                0x00003b66       0x4a c:/program files (x86)/atmel/studio/7.0/toolchain/avr8/avr8-gnu-toolchain/bin/../lib/gcc/avr/5.4.0/../../../../avr/lib/avr6\libm.a(fp_powser.o)
                0x00003b66                __fp_powser
 .text.avr-libc.fplib
                0x00003bb0        0xe c:/program files (x86)/atmel/studio/7.0/toolchain/avr8/avr8-gnu-toolchain/bin/../lib/gcc/avr/5.4.0/../../../../avr/lib/avr6\libm.a(fp_pscA.o)
                0x00003bb0                __fp_pscA
 .text.avr-libc.fplib
                0x00003bbe        0xe c:/program files (x86)/atmel/studio/7.0/toolchain/avr8/avr8-gnu-toolchain/bin/../lib/gcc/avr/5.4.0/../../../../avr/lib/avr6\libm.a(fp_pscB.o)
                0x00003bbe                __fp_pscB
 .text.avr-libc.fplib
                0x00003bcc       0x50 c:/program files (x86)/atmel/studio/7.0/toolchain/avr8/avr8-gnu-toolchain/bin/../lib/gcc/avr/5.4.0/../../../../avr/lib/avr6\libm.a(fp_rempio2.o)
                0x00003bce                __fp_rempio2
 .text.avr-libc.fplib
                0x00003c1c       0x22 c:/program files (x86)/atmel/studio/7.0/toolchain/avr8/avr8-gnu-toolchain/bin/../lib/gcc/avr/5.4.0/../../../../avr/lib/avr6\libm.a(fp_round.o)
                0x00003c1c                __fp_round
 .text.avr-libc.fplib
                0x00003c3e       0x22 c:/program files (x86)/atmel/studio/7.0/toolchain/avr8/avr8-gnu-toolchain/bin/../lib/gcc/avr/5.4.0/../../../../avr/lib/avr6\libm.a(fp_sinus.o)
                0x00003c3e                __fp_sinus
 .text.avr-libc.fplib
                0x00003c60       0x44 c:/program files (x86)/atmel/studio/7.0/toolchain/avr8/avr8-gnu-toolchain/bin/../lib/gcc/avr/5.4.0/../../../../avr/lib/avr6\libm.a(fp_split3.o)
                0x00003c60                __fp_split3
                0x00003c70                __fp_splitA
 .text.avr-libc.fplib
                0x00003ca4        0xe c:/program files (x86)/atmel/studio/7.0/toolchain/avr8/avr8-gnu-toolchain/bin/../lib/gcc/avr/5.4.0/../../../../avr/lib/avr6\libm.a(fp_zero.o)
                0x00003ca4                __fp_zero
                0x00003ca6                __fp_szero
 .text.avr-libc.fplib
                0x00003cb2        0x8 c:/program files (x86)/atmel/studio/7.0/toolchain/avr8/avr8-gnu-toolchain/bin/../lib/gcc/avr/5.4.0/../../../../avr/lib/avr6\libm.a(gesf2.o)
                0x00003cb2                __gesf2
                0x00003cb2                __gtsf2
 .text.avr-libc.fplib
                0x00003cba        0xe c:/program files (x86)/atmel/studio/7.0/toolchain/avr8/avr8-gnu-toolchain/bin/../lib/gcc/avr/5.4.0/../../../../avr/lib/avr6\libm.a(inverse.o)
                0x00003cba                inverse
 .text.avr-libc.fplib
                0x00003cc8        0x4 c:/program files (x86)/atmel/studio/7.0/toolchain/avr8/avr8-gnu-toolchain/bin/../lib/gcc/avr/5.4.0/../../../../avr/lib/avr6\libm.a(mulsf3.o)
                0x00003cc8                __mulsf3
 .text.avr-libc.fplib
                0x00003ccc       0xc2 c:/program files (x86)/atmel/studio/7.0/toolchain/avr8/avr8-gnu-toolchain/bin/../lib/gcc/avr/5.4.0/../../../../avr/lib/avr6\libm.a(mulsf3x.o)
                0x00003ce0                __mulsf3x
                0x00003ce4                __mulsf3_pse
 .text.avr-libc.fplib
                0x00003d8e        0xc c:/program files (x86)/atmel/studio/7.0/toolchain/avr8/avr8-gnu-toolchain/bin/../lib/gcc/avr/5.4.0/../../../../avr/lib/avr6\libm.a(sin.o)
                0x00003d8e                sin
 .text.avr-libc.fplib
                0x00003d9a       0x84 c:/program files (x86)/atmel/studio/7.0/toolchain/avr8/avr8-gnu-toolchain/bin/../lib/gcc/avr/5.4.0/../../../../avr/lib/avr6\libm.a(sqrt.o)
                0x00003da2                sqrtf
                0x00003da2                sqrt
 .text.avr-libc.fplib
                0x00003e1e        0x6 c:/program files (x86)/atmel/studio/7.0/toolchain/avr8/avr8-gnu-toolchain/bin/../lib/gcc/avr/5.4.0/../../../../avr/lib/avr6\libm.a(square.o)
                0x00003e1e                square
 .text.avr-libc.fplib
                0x00003e24        0xe c:/program files (x86)/atmel/studio/7.0/toolchain/avr8/avr8-gnu-toolchain/bin/../lib/gcc/avr/5.4.0/../../../../avr/lib/avr6\libm.a(fp_norm2.o)
                0x00003e24                __fp_norm2
 .text.avr-libc.fplib
                0x00003e32       0x22 c:/program files (x86)/atmel/studio/7.0/toolchain/avr8/avr8-gnu-toolchain/bin/../lib/gcc/avr/5.4.0/../../../../avr/lib/avr6\libm.a(fp_powsodd.o)
                0x00003e32                __fp_powsodd
 .text.avr-libc
                0x00003e54      0x712 c:/program files (x86)/atmel/studio/7.0/toolchain/avr8/avr8-gnu-toolchain/bin/../lib/gcc/avr/5.4.0/../../../../avr/lib/avr6\libprintf_flt.a(vfprintf_flt.o)
                0x00003e54                vfprintf
 .text.libgcc.div
                0x00004566       0x26 c:/program files (x86)/atmel/studio/7.0/toolchain/avr8/avr8-gnu-toolchain/bin/../lib/gcc/avr/5.4.0/avr6\libgcc.a(_divmodhi4.o)
                0x00004566                _div
                0x00004566                __divmodhi4
 .text.libgcc.div
                0x0000458c       0x28 c:/program files (x86)/atmel/studio/7.0/toolchain/avr8/avr8-gnu-toolchain/bin/../lib/gcc/avr/5.4.0/avr6\libgcc.a(_divmodsi4.o)
                0x0000458c                __divmodsi4
 .text.libgcc.div
                0x000045b4       0x10 c:/program files (x86)/atmel/studio/7.0/toolchain/avr8/avr8-gnu-toolchain/bin/../lib/gcc/avr/5.4.0/avr6\libgcc.a(_negsi2.o)
                0x000045b4                __negsi2
 .text.libgcc   0x000045c4       0x10 c:/program files (x86)/atmel/studio/7.0/toolchain/avr8/avr8-gnu-toolchain/bin/../lib/gcc/avr/5.4.0/avr6\libgcc.a(_tablejump2.o)
                0x000045c4                __tablejump2__
 .text.libgcc.div
                0x000045d4       0x28 c:/program files (x86)/atmel/studio/7.0/toolchain/avr8/avr8-gnu-toolchain/bin/../lib/gcc/avr/5.4.0/avr6\libgcc.a(_udivmodhi4.o)
                0x000045d4                __udivmodhi4
 .text.libgcc.div
                0x000045fc       0x44 c:/program files (x86)/atmel/studio/7.0/toolchain/avr8/avr8-gnu-toolchain/bin/../lib/gcc/avr/5.4.0/avr6\libgcc.a(_udivmodsi4.o)
                0x000045fc                __udivmodsi4
 .text.avr-libc
                0x00004640       0x3a c:/program files (x86)/atmel/studio/7.0/toolchain/avr8/avr8-gnu-toolchain/bin/../lib/gcc/avr/5.4.0/../../../../avr/lib/avr6\libc.a(atoi.o)
                0x00004640                atoi
 .text.avr-libc
                0x0000467a       0x4c c:/program files (x86)/atmel/studio/7.0/toolchain/avr8/avr8-gnu-toolchain/bin/../lib/gcc/avr/5.4.0/../../../../avr/lib/avr6\libc.a(atol.o)
                0x0000467a                atol
 .text.avr-libc
                0x000046c6      0x1b0 c:/program files (x86)/atmel/studio/7.0/toolchain/avr8/avr8-gnu-toolchain/bin/../lib/gcc/avr/5.4.0/../../../../avr/lib/avr6\libc.a(ftoa_engine.o)
                0x000046c6                __ftoa_engine
 .text.avr-libc
                0x00004876       0x16 c:/program files (x86)/atmel/studio/7.0/toolchain/avr8/avr8-gnu-toolchain/bin/../lib/gcc/avr/5.4.0/../../../../avr/lib/avr6\libc.a(strnlen_P.o)
                0x00004876                strnlen_P
 .text.avr-libc
                0x0000488c       0x16 c:/program files (x86)/atmel/studio/7.0/toolchain/avr8/avr8-gnu-toolchain/bin/../lib/gcc/avr/5.4.0/../../../../avr/lib/avr6\libc.a(strnlen.o)
                0x0000488c                strnlen
 .text.avr-libc
                0x000048a2       0x2a c:/program files (x86)/atmel/studio/7.0/toolchain/avr8/avr8-gnu-toolchain/bin/../lib/gcc/avr/5.4.0/../../../../avr/lib/avr6\libc.a(mulsi10.o)
                0x000048a2                __mulsi_const_10
 .text.avr-libc
                0x000048cc       0x10 c:/program files (x86)/atmel/studio/7.0/toolchain/avr8/avr8-gnu-toolchain/bin/../lib/gcc/avr/5.4.0/../../../../avr/lib/avr6\libc.a(mul10.o)
                0x000048cc                __mulhi_const_10
 .text.avr-libc
                0x000048dc       0x78 c:/program files (x86)/atmel/studio/7.0/toolchain/avr8/avr8-gnu-toolchain/bin/../lib/gcc/avr/5.4.0/../../../../avr/lib/avr6\libc.a(fputc.o)
                0x000048dc                fputc
 .text.avr-libc
                0x00004954       0x5c c:/program files (x86)/atmel/studio/7.0/toolchain/avr8/avr8-gnu-toolchain/bin/../lib/gcc/avr/5.4.0/../../../../avr/lib/avr6\libc.a(sprintf.o)
                0x00004954                sprintf
 .text.avr-libc
                0x000049b0       0xbc c:/program files (x86)/atmel/studio/7.0/toolchain/avr8/avr8-gnu-toolchain/bin/../lib/gcc/avr/5.4.0/../../../../avr/lib/avr6\libc.a(ultoa_invert.o)
                0x000049b0                __ultoa_invert
                0x00004a6c                . = ALIGN (0x2)
 *(.fini9)
 .fini9         0x00004a6c        0x0 c:/program files (x86)/atmel/studio/7.0/toolchain/avr8/avr8-gnu-toolchain/bin/../lib/gcc/avr/5.4.0/avr6\libgcc.a(_exit.o)
                0x00004a6c                _exit
                0x00004a6c                exit
 *(.fini9)
 *(.fini8)
 *(.fini8)
 *(.fini7)
 *(.fini7)
 *(.fini6)
 *(.fini6)
 *(.fini5)
 *(.fini5)
 *(.fini4)
 *(.fini4)
 *(.fini3)
 *(.fini3)
 *(.fini2)
 *(.fini2)
 *(.fini1)
 *(.fini1)
 *(.fini0)
 .fini0         0x00004a6c        0x4 c:/program files (x86)/atmel/studio/7.0/toolchain/avr8/avr8-gnu-toolchain/bin/../lib/gcc/avr/5.4.0/avr6\libgcc.a(_exit.o)
 *(.fini0)
                0x00004a70                _etext = .

.data           0x00800200       0xea load address 0x00004a70
                0x00800200                PROVIDE (__data_start, .)
 *(.data)
 *(.data*)
 .data._i2cModeRead
                0x00800200        0x1 I2C.o
                0x00800200                _i2cModeRead
 .data.calibrationData
                0x00800201        0xc I2C.o
                0x00800201                calibrationData
 .data._smoothSteps
                0x0080020d        0x1 I2C.o
                0x0080020d                _smoothSteps
 .data.executed.2518
                0x0080020e        0x1 main.o
 .data.distanceObjet
                0x0080020f        0x2 main.o
                0x0080020f                distanceObjet
 .data.refreshManuel
                0x00800211        0x1 main.o
                0x00800211                refreshManuel
 .data.password
                0x00800212        0x4 main.o
                0x00800212                password
 .data.refreshDist
                0x00800216        0x1 main.o
                0x00800216                refreshDist
 .data.nbPointGpsDispo
                0x00800217        0x2 main.o
                0x00800217                nbPointGpsDispo
 .data.id       0x00800219        0x1 ZEDF9P.o
                0x00800219                id
 *(.gnu.linkonce.d*)
 *(.rodata)
 *(.rodata*)
 .rodata.str1.1
                0x0080021a       0xd0 main.o
                                 0xe0 (size before relaxing)
 *(.gnu.linkonce.r*)
                0x008002ea                . = ALIGN (0x2)
                0x008002ea                _edata = .
                0x008002ea                PROVIDE (__data_end, .)

.bss            0x008002ea      0xad7
                0x008002ea                PROVIDE (__bss_start, .)
 *(.bss)
 *(.bss*)
 .bss._i2cDataSize
                0x008002ea        0x1 I2C.o
                0x008002ea                _i2cDataSize
 .bss._i2cAdd   0x008002eb        0x1 I2C.o
                0x008002eb                _i2cAdd
 .bss._i2cRegistre
                0x008002ec        0x1 I2C.o
                0x008002ec                _i2cRegistre
 .bss.statePointeur
                0x008002ed        0x1 I2C.o
                0x008002ed                statePointeur
 .bss._i2cRxDataCnt
                0x008002ee        0x1 I2C.o
                0x008002ee                _i2cRxDataCnt
 .bss._i2cDataCnt
                0x008002ef        0x1 I2C.o
                0x008002ef                _i2cDataCnt
 .bss._i2cBusy  0x008002f0        0x1 I2C.o
                0x008002f0                _i2cBusy
 .bss._i2cErrorCode
                0x008002f1        0x1 I2C.o
                0x008002f1                _i2cErrorCode
 .bss.rawValue  0x008002f2        0x6 I2C.o
                0x008002f2                rawValue
 .bss._angle    0x008002f8        0x4 I2C.o
                0x008002f8                _angle
 .bss.cntSample
                0x008002fc        0x2 I2C.o
                0x008002fc                cntSample
 .bss._calibrationUse
                0x008002fe        0x1 I2C.o
                0x008002fe                _calibrationUse
 .bss._vSmooth  0x008002ff        0x6 I2C.o
                0x008002ff                _vSmooth
 .bss._vTotals  0x00800305        0xc I2C.o
                0x00800305                _vTotals
 .bss._vScan    0x00800311        0x2 I2C.o
                0x00800311                _vScan
 .bss._smoothAdvanced
                0x00800313        0x1 I2C.o
                0x00800313                _smoothAdvanced
 .bss._smoothUse
                0x00800314        0x1 I2C.o
                0x00800314                _smoothUse
 .bss.temp      0x00800315        0x2 LiDAR.o
                0x00800315                temp
 .bss.amp       0x00800317        0x2 LiDAR.o
                0x00800317                amp
 .bss.dist      0x00800319        0x2 LiDAR.o
                0x00800319                dist
 .bss.retour    0x0080031b        0x1 LiDAR.o
                0x0080031b                retour
 .bss.checksum  0x0080031c        0x1 LiDAR.o
                0x0080031c                checksum
 .bss.indexPayload2
                0x0080031d        0x1 LiDAR.o
                0x0080031d                indexPayload2
 .bss.indexTrame2
                0x0080031e        0x1 LiDAR.o
                0x0080031e                indexTrame2
 .bss.state2    0x0080031f        0x1 LiDAR.o
                0x0080031f                state2
 .bss.direction.2607
                0x00800320        0x1 main.o
 .bss.flagEnvoi
                0x00800321        0x1 main.o
                0x00800321                flagEnvoi
 .bss.toucheManette
                0x00800322        0x1 main.o
                0x00800322                toucheManette
 .bss.flagCalibration
                0x00800323        0x1 main.o
                0x00800323                flagCalibration
 .bss.etatCoupe
                0x00800324        0x1 main.o
                0x00800324                etatCoupe
 .bss.flagLidar
                0x00800325        0x1 main.o
                0x00800325                flagLidar
 .bss.flagPluie
                0x00800326        0x1 main.o
                0x00800326                flagPluie
 .bss.distanceMoyParcouru
                0x00800327        0x4 main.o
                0x00800327                distanceMoyParcouru
 .bss.angleActuel
                0x0080032b        0x4 main.o
                0x0080032b                angleActuel
 .bss.angleDest
                0x0080032f        0x4 main.o
                0x0080032f                angleDest
 .bss.distanceDest
                0x00800333        0x4 main.o
                0x00800333                distanceDest
 .bss.refreshAuto
                0x00800337        0x1 main.o
                0x00800337                refreshAuto
 .bss.refreshEnvoi
                0x00800338        0x1 main.o
                0x00800338                refreshEnvoi
 .bss.refreshLCD
                0x00800339        0x1 main.o
                0x00800339                refreshLCD
 .bss.refreshClavier
                0x0080033a        0x1 main.o
                0x0080033a                refreshClavier
 .bss.cntDixiemeDeSecLCD
                0x0080033b        0x2 main.o
                0x0080033b                cntDixiemeDeSecLCD
 .bss.cntDixiemeDeSec
                0x0080033d        0x1 main.o
                0x0080033d                cntDixiemeDeSec
 .bss.valPid    0x0080033e        0x2 main.o
                0x0080033e                valPid
 .bss.variation
                0x00800340        0x2 main.o
                0x00800340                variation
 .bss.valSommeErreur
                0x00800342        0x2 main.o
                0x00800342                valSommeErreur
 .bss.niveauBatterie
                0x00800344        0x4 main.o
                0x00800344                niveauBatterie
 .bss.modeActuel
                0x00800348        0x1 main.o
                0x00800348                modeActuel
 .bss.minutesCoupe
                0x00800349        0x1 main.o
                0x00800349                minutesCoupe
 .bss.heureCoupe
                0x0080034a        0x1 main.o
                0x0080034a                heureCoupe
 .bss.setTemps  0x0080034b        0x1 main.o
                0x0080034b                setTemps
 .bss.set       0x0080034c        0x1 main.o
                0x0080034c                set
 .bss.cntMenu   0x0080034d        0x1 main.o
                0x0080034d                cntMenu
 .bss.modeTondeuse
                0x0080034e        0x1 main.o
                0x0080034e                modeTondeuse
 .bss.passwordValid
                0x0080034f        0x1 main.o
                0x0080034f                passwordValid
 .bss.cntPassword
                0x00800350        0x1 main.o
                0x00800350                cntPassword
 .bss.lastKey   0x00800351        0x1 main.o
                0x00800351                lastKey
 .bss.key       0x00800352        0x1 main.o
                0x00800352                key
 .bss.vitesseMoteurD
                0x00800353        0x2 main.o
                0x00800353                vitesseMoteurD
 .bss.vitesseMoteurG
                0x00800355        0x2 main.o
                0x00800355                vitesseMoteurG
 .bss.triAdc    0x00800357        0x1 main.o
                0x00800357                triAdc
 .bss.receptionAdc
                0x00800358        0x2 main.o
                0x00800358                receptionAdc
 .bss.joysticY  0x0080035a        0x2 main.o
                0x0080035a                joysticY
 .bss.joysticX  0x0080035c        0x2 main.o
                0x0080035c                joysticX
 .bss.encodeurDCnt
                0x0080035e        0x2 main.o
                0x0080035e                encodeurDCnt
 .bss.encodeurGCnt
                0x00800360        0x2 main.o
                0x00800360                encodeurGCnt
 .bss.encodeurEtatPrecedent2
                0x00800362        0x1 main.o
                0x00800362                encodeurEtatPrecedent2
 .bss.encodeurEtatPrecedent
                0x00800363        0x1 main.o
                0x00800363                encodeurEtatPrecedent
 .bss.dataLiDAR
                0x00800364        0x1 main.o
                0x00800364                dataLiDAR
 .bss.orientation
                0x00800365        0x1 main.o
                0x00800365                orientation
 .bss.cntLonMemoireJs
                0x00800366        0x1 main.o
                0x00800366                cntLonMemoireJs
 .bss.cntLatMemoireJs
                0x00800367        0x1 main.o
                0x00800367                cntLatMemoireJs
 .bss.indexDestination
                0x00800368        0x2 main.o
                0x00800368                indexDestination
 .bss.etapeModeAuto
                0x0080036a        0x1 main.o
                0x0080036a                etapeModeAuto
 .bss.dataBluetooth
                0x0080036b        0x1 main.o
                0x0080036b                dataBluetooth
 .bss.horizontalAcc
                0x0080036c        0x4 main.o
                0x0080036c                horizontalAcc
 .bss.verticalAcc
                0x00800370        0x4 main.o
                0x00800370                verticalAcc
 .bss.lon       0x00800374        0x4 main.o
                0x00800374                lon
 .bss.lat       0x00800378        0x4 main.o
                0x00800378                lat
 .bss.rxContentLiDAR
                0x0080037c        0x1 USART0.o
                0x0080037c                rxContentLiDAR
 .bss.txCntLiDAR
                0x0080037d        0x1 USART0.o
                0x0080037d                txCntLiDAR
 .bss.rxCntLiDAR
                0x0080037e        0x1 USART0.o
                0x0080037e                rxCntLiDAR
 .bss.rxBufferOutLiDAR
                0x0080037f        0x1 USART0.o
                0x0080037f                rxBufferOutLiDAR
 .bss.txBufferOutLiDAR
                0x00800380        0x1 USART0.o
                0x00800380                txBufferOutLiDAR
 .bss.rxBufferInLiDAR
                0x00800381        0x1 USART0.o
                0x00800381                rxBufferInLiDAR
 .bss.rxContentGPS
                0x00800382        0x1 USART1.o
                0x00800382                rxContentGPS
 .bss.txCntGPS  0x00800383        0x1 USART1.o
                0x00800383                txCntGPS
 .bss.rxCntGPS  0x00800384        0x1 USART1.o
                0x00800384                rxCntGPS
 .bss.rxBufferOutGPS
                0x00800385        0x1 USART1.o
                0x00800385                rxBufferOutGPS
 .bss.txBufferOutGPS
                0x00800386        0x1 USART1.o
                0x00800386                txBufferOutGPS
 .bss.rxBufferInGPS
                0x00800387        0x1 USART1.o
                0x00800387                rxBufferInGPS
 .bss.txBufferInGPS
                0x00800388        0x1 USART1.o
                0x00800388                txBufferInGPS
 .bss.longitudeRx
                0x00800389        0x4 USART2.o
                0x00800389                longitudeRx
 .bss.latitudeRx
                0x0080038d        0x4 USART2.o
                0x0080038d                latitudeRx
 .bss.z         0x00800391        0x1 USART2.o
                0x00800391                z
 .bss.status    0x00800392        0x1 USART2.o
                0x00800392                status
 .bss.boutonTriangle
                0x00800393        0x1 USART2.o
                0x00800393                boutonTriangle
 .bss.boutonO   0x00800394        0x1 USART2.o
                0x00800394                boutonO
 .bss.boutonX   0x00800395        0x1 USART2.o
                0x00800395                boutonX
 .bss.joystickReceptionY
                0x00800396        0x2 USART2.o
                0x00800396                joystickReceptionY
 .bss.joystickReceptionX
                0x00800398        0x2 USART2.o
                0x00800398                joystickReceptionX
 .bss.tabY      0x0080039a        0x5 USART2.o
                0x0080039a                tabY
 .bss.tabX      0x0080039f        0x5 USART2.o
                0x0080039f                tabX
 .bss.indexBluetoothProg
                0x008003a4        0x1 USART2.o
                0x008003a4                indexBluetoothProg
 .bss.indexBluetooth
                0x008003a5        0x1 USART2.o
                0x008003a5                indexBluetooth
 .bss.etatProg  0x008003a6        0x1 USART2.o
                0x008003a6                etatProg
 .bss.etats     0x008003a7        0x1 USART2.o
                0x008003a7                etats
 .bss.rxContentBluetooth
                0x008003a8        0x1 USART2.o
                0x008003a8                rxContentBluetooth
 .bss.txCntBluetooth
                0x008003a9        0x1 USART2.o
                0x008003a9                txCntBluetooth
 .bss.rxCntBluetooth
                0x008003aa        0x1 USART2.o
                0x008003aa                rxCntBluetooth
 .bss.rxBufferOutBluetooth
                0x008003ab        0x1 USART2.o
                0x008003ab                rxBufferOutBluetooth
 .bss.txBufferOutBluetooth
                0x008003ac        0x1 USART2.o
                0x008003ac                txBufferOutBluetooth
 .bss.rxBufferInBluetooth
                0x008003ad        0x1 USART2.o
                0x008003ad                rxBufferInBluetooth
 .bss.txBufferInBluetooth
                0x008003ae        0x1 USART2.o
                0x008003ae                txBufferInBluetooth
 .bss.length    0x008003af        0x1 ZEDF9P.o
                0x008003af                length
 .bss.retour2   0x008003b0        0x1 ZEDF9P.o
                0x008003b0                retour2
 .bss.checksumB
                0x008003b1        0x1 ZEDF9P.o
                0x008003b1                checksumB
 .bss.checksumA
                0x008003b2        0x1 ZEDF9P.o
                0x008003b2                checksumA
 .bss.indexPayload
                0x008003b3        0x1 ZEDF9P.o
                0x008003b3                indexPayload
 .bss.indexTrame
                0x008003b4        0x1 ZEDF9P.o
                0x008003b4                indexTrame
 .bss.ackConfigOdo
                0x008003b5        0x1 ZEDF9P.o
                0x008003b5                ackConfigOdo
 .bss.ackConfigMsg
                0x008003b6        0x1 ZEDF9P.o
                0x008003b6                ackConfigMsg
 .bss.ackConfigRate
                0x008003b7        0x1 ZEDF9P.o
                0x008003b7                ackConfigRate
 .bss.ackConfigUart1
                0x008003b8        0x1 ZEDF9P.o
                0x008003b8                ackConfigUart1
 .bss.state     0x008003b9        0x1 ZEDF9P.o
                0x008003b9                state
 *(COMMON)
 COMMON         0x008003ba       0x91 I2C.o
                0x008003ba                _i2cData
                0x008003fa                _vCalibrated
                0x00800400                pointCardinal
                0x00800403                _vCalibration
                0x0080040f                _vHistory
 COMMON         0x0080044b       0x12 LiDAR.o
                0x0080044b                trameLidarValide
                0x00800454                trameLidar
 COMMON         0x0080045d      0x3c5 main.o
                0x0080045d                cnt
                0x0080045e                tabLatMemJs
                0x008005ee                msgEncoD
                0x008005f6                msgEnvoi
                0x00800628                msgGpsLat
                0x00800638                tabLonMemJs
                0x008007c8                msgEncoG
                0x008007d0                msgGpsLon
                0x008007e0                window
                0x008007f0                essaiUser
                0x008007f4                msgLiDAR
                0x00800808                msgTime
                0x0080081c                dataGps
                0x0080081d                tempsCoupe
 COMMON         0x00800822       0x81 USART0.o
                0x00800822                txBufferLiDAR
                0x00800862                rxBufferLiDAR
                0x008008a2                _usartRxTmpLiDAR
 COMMON         0x008008a3      0x101 USART1.o
                0x008008a3                txBufferGPS
                0x00800923                _usartRxTmpGps
                0x00800924                rxBufferGPS
 COMMON         0x008009a4      0x314 USART2.o
                0x008009a4                trameBluetoothValideManette
                0x008009e4                _usartRxTmpBluetooth
                0x008009e5                trameBluetoothValide
                0x00800a25                trameBluetoothRxManette
                0x00800a65                trameBluetoothRx
                0x00800aa5                tabLat4
                0x00800aae                tabLon4
                0x00800ab8                txBufferBluetooth
                0x00800bb8                rxBufferBluetooth
 COMMON         0x00800cb8      0x109 ZEDF9P.o
                0x00800cb8                trameGpsNavOdoValide
                0x00800cd4                trameGpsNavPosllhValide
                0x00800cf8                trameGpsRx
                0x00800d5c                trameGpsNavPvtValide
                0x00800dc0                trame
                0x00800dc1                PROVIDE (__bss_end, .)
                0x00004a70                __data_load_start = LOADADDR (.data)
                0x00004b5a                __data_load_end = (__data_load_start + SIZEOF (.data))

.noinit         0x00800dc1        0x0
                [!provide]                PROVIDE (__noinit_start, .)
 *(.noinit*)
                [!provide]                PROVIDE (__noinit_end, .)
                0x00800dc1                _end = .
                [!provide]                PROVIDE (__heap_start, .)

.eeprom         0x00810000        0x0
 *(.eeprom*)
                0x00810000                __eeprom_end = .

.fuse
 *(.fuse)
 *(.lfuse)
 *(.hfuse)
 *(.efuse)

.lock
 *(.lock*)

.signature
 *(.signature*)

.user_signatures
 *(.user_signatures*)

.stab
 *(.stab)

.stabstr
 *(.stabstr)

.stab.excl
 *(.stab.excl)

.stab.exclstr
 *(.stab.exclstr)

.stab.index
 *(.stab.index)

.stab.indexstr
 *(.stab.indexstr)

.comment        0x00000000       0x5c
 *(.comment)
 .comment       0x00000000       0x30 I2C.o
                                 0x31 (size before relaxing)
 .comment       0x00000030       0x31 lcd.o
 .comment       0x00000030       0x31 LiDAR.o
 .comment       0x00000030       0x31 main.o
 .comment       0x00000030       0x31 USART0.o
 .comment       0x00000030       0x31 USART1.o
 .comment       0x00000030       0x31 USART2.o
 .comment       0x00000030       0x31 ZEDF9P.o
 .comment       0x00000030       0x2c c:/program files (x86)/atmel/studio/7.0/toolchain/avr8/avr8-gnu-toolchain/bin/../lib/gcc/avr/5.4.0/../../../../avr/lib/avr6\libprintf_flt.a(vfprintf_flt.o)
                                 0x2d (size before relaxing)
 .comment       0x0000005c       0x31 c:/program files (x86)/atmel/studio/7.0/toolchain/avr8/avr8-gnu-toolchain/bin/../lib/gcc/avr/5.4.0/../../../../avr/lib/avr6\libc.a(fputc.o)
 .comment       0x0000005c       0x31 c:/program files (x86)/atmel/studio/7.0/toolchain/avr8/avr8-gnu-toolchain/bin/../lib/gcc/avr/5.4.0/../../../../avr/lib/avr6\libc.a(sprintf.o)

.note.gnu.avr.deviceinfo
                0x00000000       0x40
 .note.gnu.avr.deviceinfo
                0x00000000       0x40 C:/Program Files (x86)/Atmel/Studio/7.0/Packs/atmel/ATmega_DFP/1.7.374/gcc/dev/atmega2560/avr6/crtatmega2560.o

.note.gnu.build-id
 *(.note.gnu.build-id)

.debug
 *(.debug)

.line
 *(.line)

.debug_srcinfo
 *(.debug_srcinfo)

.debug_sfnames
 *(.debug_sfnames)

.debug_aranges  0x00000000      0x428
 *(.debug_aranges)
 .debug_aranges
                0x00000000       0xf0 I2C.o
 .debug_aranges
                0x000000f0       0x50 lcd.o
 .debug_aranges
                0x00000140       0x38 LiDAR.o
 .debug_aranges
                0x00000178       0x80 main.o
 .debug_aranges
                0x000001f8       0x58 USART0.o
 .debug_aranges
                0x00000250       0x58 USART1.o
 .debug_aranges
                0x000002a8       0x98 USART2.o
 .debug_aranges
                0x00000340       0xe8 ZEDF9P.o

.debug_pubnames
 *(.debug_pubnames)

.debug_info     0x00000000     0x491a
 *(.debug_info .gnu.linkonce.wi.*)
 .debug_info    0x00000000      0xbbc C:/Program Files (x86)/Atmel/Studio/7.0/Packs/atmel/ATmega_DFP/1.7.374/gcc/dev/atmega2560/avr6/crtatmega2560.o
 .debug_info    0x00000bbc      0xf60 I2C.o
 .debug_info    0x00001b1c      0x5dd lcd.o
 .debug_info    0x000020f9      0x21a LiDAR.o
 .debug_info    0x00002313      0xe41 main.o
 .debug_info    0x00003154      0x336 USART0.o
 .debug_info    0x0000348a      0x336 USART1.o
 .debug_info    0x000037c0      0x6e1 USART2.o
 .debug_info    0x00003ea1      0xa79 ZEDF9P.o

.debug_abbrev   0x00000000     0x1a29
 *(.debug_abbrev)
 .debug_abbrev  0x00000000      0xb1a C:/Program Files (x86)/Atmel/Studio/7.0/Packs/atmel/ATmega_DFP/1.7.374/gcc/dev/atmega2560/avr6/crtatmega2560.o
 .debug_abbrev  0x00000b1a      0x2f4 I2C.o
 .debug_abbrev  0x00000e0e      0x1a4 lcd.o
 .debug_abbrev  0x00000fb2       0xeb LiDAR.o
 .debug_abbrev  0x0000109d      0x27b main.o
 .debug_abbrev  0x00001318      0x143 USART0.o
 .debug_abbrev  0x0000145b      0x143 USART1.o
 .debug_abbrev  0x0000159e      0x219 USART2.o
 .debug_abbrev  0x000017b7      0x272 ZEDF9P.o

.debug_line     0x00000000     0x2d99
 *(.debug_line .debug_line.* .debug_line_end)
 .debug_line    0x00000000      0x1fa C:/Program Files (x86)/Atmel/Studio/7.0/Packs/atmel/ATmega_DFP/1.7.374/gcc/dev/atmega2560/avr6/crtatmega2560.o
 .debug_line    0x000001fa      0x807 I2C.o
 .debug_line    0x00000a01      0x309 lcd.o
 .debug_line    0x00000d0a      0x1bb LiDAR.o
 .debug_line    0x00000ec5      0xdd8 main.o
 .debug_line    0x00001c9d      0x277 USART0.o
 .debug_line    0x00001f14      0x277 USART1.o
 .debug_line    0x0000218b      0x521 USART2.o
 .debug_line    0x000026ac      0x6ed ZEDF9P.o

.debug_frame    0x00000000      0xfcc
 *(.debug_frame)
 .debug_frame   0x00000000      0x474 I2C.o
 .debug_frame   0x00000474       0xa0 lcd.o
 .debug_frame   0x00000514       0x54 LiDAR.o
 .debug_frame   0x00000568      0x398 main.o
 .debug_frame   0x00000900      0x134 USART0.o
 .debug_frame   0x00000a34      0x134 USART1.o
 .debug_frame   0x00000b68      0x1dc USART2.o
 .debug_frame   0x00000d44      0x288 ZEDF9P.o

.debug_str      0x00000000     0x195b
 *(.debug_str)
 .debug_str     0x00000000      0x3e6 C:/Program Files (x86)/Atmel/Studio/7.0/Packs/atmel/ATmega_DFP/1.7.374/gcc/dev/atmega2560/avr6/crtatmega2560.o
 .debug_str     0x000003e6      0x4e7 I2C.o
                                0x52a (size before relaxing)
 .debug_str     0x000008cd       0xb4 lcd.o
                                0x256 (size before relaxing)
 .debug_str     0x00000981       0xc6 LiDAR.o
                                0x275 (size before relaxing)
 .debug_str     0x00000a47      0x567 main.o
                                0x7c4 (size before relaxing)
 .debug_str     0x00000fae      0x165 USART0.o
                                0x329 (size before relaxing)
 .debug_str     0x00001113      0x121 USART1.o
                                0x31b (size before relaxing)
 .debug_str     0x00001234      0x31b USART2.o
                                0x514 (size before relaxing)
 .debug_str     0x0000154f      0x40c ZEDF9P.o
                                0x66a (size before relaxing)

.debug_loc      0x00000000     0x3ae5
 *(.debug_loc)
 .debug_loc     0x00000000     0x11a2 I2C.o
 .debug_loc     0x000011a2      0x4ac lcd.o
 .debug_loc     0x0000164e       0x8e LiDAR.o
 .debug_loc     0x000016dc      0xd29 main.o
 .debug_loc     0x00002405      0x3cd USART0.o
 .debug_loc     0x000027d2      0x3cd USART1.o
 .debug_loc     0x00002b9f      0x63e USART2.o
 .debug_loc     0x000031dd      0x908 ZEDF9P.o

.debug_macinfo
 *(.debug_macinfo)

.debug_weaknames
 *(.debug_weaknames)

.debug_funcnames
 *(.debug_funcnames)

.debug_typenames
 *(.debug_typenames)

.debug_varnames
 *(.debug_varnames)

.debug_pubtypes
 *(.debug_pubtypes)

.debug_ranges   0x00000000      0x500
 *(.debug_ranges)
 .debug_ranges  0x00000000      0x100 I2C.o
 .debug_ranges  0x00000100       0x40 lcd.o
 .debug_ranges  0x00000140       0x40 LiDAR.o
 .debug_ranges  0x00000180       0xb8 main.o
 .debug_ranges  0x00000238       0x78 USART0.o
 .debug_ranges  0x000002b0       0x78 USART1.o
 .debug_ranges  0x00000328       0xd0 USART2.o
 .debug_ranges  0x000003f8      0x108 ZEDF9P.o

.debug_macro
 *(.debug_macro)
OUTPUT(Programme principal robot tondeuse.elf elf32-avr)
LOAD linker stubs
